# ARM MACRO ASSEMBLER 1.01.120201 Demo
# Copyright (C) 2009 Phyton, Inc.
#
# Target: Cortex-M3
# 2013/09/23 13:35:18

startup_1986BE9x.mca     1                    ;/*****************************************************************************
startup_1986BE9x.mca     2                    ; * @file:    startup_1986BE9x.mca
startup_1986BE9x.mca     3                    ; * @author   Phyton Application Team
startup_1986BE9x.mca     4                    ; * @version: V1.1
startup_1986BE9x.mca     5                    ; * @date:    25/03/2011
startup_1986BE9x.mca     6                    ; * @brief:   Milandr Cortex Device CMSIS Startup File for the devices:
startup_1986BE9x.mca     7                    ; *           1986BE91T, 1986BE92Y, 1986BE93Y, 1986BE91T1, 1986BE91T2, 
startup_1986BE9x.mca     8                    ; *           1986BE91T3, 1986BE91Y1, 1986BE91Y2, 1986BE91Y3
startup_1986BE9x.mca     9                    ; *****************************************************************************
startup_1986BE9x.mca    10                    ; * <br><br>
startup_1986BE9x.mca    11                    ; *
startup_1986BE9x.mca    12                    ; * THE PRESENT FIRMWARE WHICH IS FOR GUIDANCE ONLY AIMS AT PROVIDING CUSTOMERS
startup_1986BE9x.mca    13                    ; * WITH CODING INFORMATION REGARDING THEIR PRODUCTS IN ORDER FOR THEM TO SAVE
startup_1986BE9x.mca    14                    ; * TIME. AS A RESULT, PHYTON SHALL NOT BE HELD LIABLE FOR ANY DIRECT, INDIRECT
startup_1986BE9x.mca    15                    ; * OR CONSEQUENTIAL DAMAGES WITH RESPECT TO ANY CLAIMS ARISING
startup_1986BE9x.mca    16                    ; * FROM THE CONTENT OF SUCH FIRMWARE AND/OR THE USE MADE BY CUSTOMERS OF THE
startup_1986BE9x.mca    17                    ; * CODING INFORMATION CONTAINED HEREIN IN CONNECTION WITH THEIR PRODUCTS.
startup_1986BE9x.mca    18                    ; *
startup_1986BE9x.mca    19                    ; * <h2><center>&copy; COPYRIGHT 2010 Phyton</center></h2>
startup_1986BE9x.mca    20                    ; *****************************************************************************
startup_1986BE9x.mca    21                    ; * FILE startup_1986BE9x.mca
startup_1986BE9x.mca    22                    ; */
startup_1986BE9x.mca    23                    
startup_1986BE9x.mca    24                    .PMODULE  ?startup_device
startup_1986BE9x.mca    25                    
startup_1986BE9x.mca    26                        .IF .NOT .DEFINED __VECTORS_ADDR
startup_1986BE9x.mca    28                        .ENDIF
startup_1986BE9x.mca    29                    
startup_1986BE9x.mca    30                        .PUBLIC  __Vectors
startup_1986BE9x.mca    31                        .PUBLIC  __Vectors_End
startup_1986BE9x.mca    32                    
startup_1986BE9x.mca    33                        .EXTRN(code) ?start
startup_1986BE9x.mca    34                    
startup_1986BE9x.mca    35                        .RSEG CSTACK,data
startup_1986BE9x.mca    36                        .ALIGN  3
startup_1986BE9x.mca    37                    
startup_1986BE9x.mca    38                        .ASEG INTVEC,code
startup_1986BE9x.mca    39                        .ALIGN  6
startup_1986BE9x.mca    40 08000000               .ORG  __VECTORS_ADDR             ; if vector table is located in RAM,
startup_1986BE9x.mca    41                                                         ; change this value
startup_1986BE9x.mca    42                    
startup_1986BE9x.mca    43                    SET_HANDLER .MACRO Name
startup_1986BE9x.mca    47                    
startup_1986BE9x.mca    48 08000000           __Vectors .LABELD
startup_1986BE9x.mca    49 08000000 01000000      .DCD            (.SFE CSTACK) + 1       ; Top of Stack
startup_1986BE9x.mca    50 08000004               SET_HANDLER     Reset_Handler           ; Reset Handler
startup_1986BE9x.mca    51 08000008               SET_HANDLER     NMI_Handler             ; NMI Handler
startup_1986BE9x.mca    52 0800000C               SET_HANDLER     HardFault_Handler       ; Hard Fault Handler
startup_1986BE9x.mca    53 08000010               SET_HANDLER     MemManage_Handler       ; MPU Fault Handler
startup_1986BE9x.mca    54 08000014               SET_HANDLER     BusFault_Handler        ; Bus Fault Handler
startup_1986BE9x.mca    55 08000018               SET_HANDLER     UsageFault_Handler      ; Usage Fault Handler
startup_1986BE9x.mca    56 0800001C 00000000      .DCD     0                              ; Reserved
startup_1986BE9x.mca    57 08000020 00000000      .DCD     0                              ; Reserved
startup_1986BE9x.mca    58 08000024 00000000      .DCD     0                              ; Reserved
startup_1986BE9x.mca    59 08000028 00000000      .DCD     0                              ; Reserved
startup_1986BE9x.mca    60 0800002C               SET_HANDLER     SVC_Handler             ; SVCall Handler
startup_1986BE9x.mca    61 08000030               SET_HANDLER     DebugMon_Handler        ; Debug Monitor Handler
startup_1986BE9x.mca    62 08000034 00000000      .DCD     0                              ; Reserved
startup_1986BE9x.mca    63 08000038               SET_HANDLER     PendSV_Handler          ; PendSV Handler
startup_1986BE9x.mca    64 0800003C               SET_HANDLER     SysTick_Handler         ; SysTick Handler
startup_1986BE9x.mca    65                        ; Interrupt Handlers
startup_1986BE9x.mca    66 08000040               SET_HANDLER     CAN1_IRQHandler         ; IRQ0
startup_1986BE9x.mca    67 08000044               SET_HANDLER     CAN2_IRQHandler         ; IRQ1
startup_1986BE9x.mca    68 08000048               SET_HANDLER     USB_IRQHandler          ; IRQ2
startup_1986BE9x.mca    69 0800004C 00000000      .DCD     0                              ; IRQ3 Reserved
startup_1986BE9x.mca    70 08000050 00000000      .DCD     0                              ; IRQ4 Reserved
startup_1986BE9x.mca    71 08000054               SET_HANDLER     DMA_IRQHandler          ; IRQ5
startup_1986BE9x.mca    72 08000058               SET_HANDLER     UART1_IRQHandler        ; IRQ6
startup_1986BE9x.mca    73 0800005C               SET_HANDLER     UART2_IRQHandler        ; IRQ7
startup_1986BE9x.mca    74 08000060               SET_HANDLER     SSP1_IRQHandler         ; IRQ8
startup_1986BE9x.mca    75 08000064 00000000      .DCD     0                              ; IRQ9 Reserved
startup_1986BE9x.mca    76 08000068               SET_HANDLER     I2C_IRQHandler          ; IRQ10
startup_1986BE9x.mca    77 0800006C               SET_HANDLER     POWER_IRQHandler        ; IRQ11
startup_1986BE9x.mca    78 08000070               SET_HANDLER     WWDG_IRQHandler         ; IRQ12
startup_1986BE9x.mca    79 08000074 00000000      .DCD     0                              ; IRQ13 Reserved
startup_1986BE9x.mca    80 08000078               SET_HANDLER     Timer1_IRQHandler       ; IRQ14
startup_1986BE9x.mca    81 0800007C               SET_HANDLER     Timer2_IRQHandler       ; IRQ15
startup_1986BE9x.mca    82 08000080               SET_HANDLER     Timer3_IRQHandler       ; IRQ16
startup_1986BE9x.mca    83 08000084               SET_HANDLER     ADC_IRQHandler          ; IRQ17
startup_1986BE9x.mca    84 08000088 00000000      .DCD     0                              ; IRQ18 Reserved
startup_1986BE9x.mca    85 0800008C               SET_HANDLER     COMPARATOR_IRQHandler   ; IRQ19
startup_1986BE9x.mca    86 08000090               SET_HANDLER     SSP2_IRQHandler         ; IRQ20
startup_1986BE9x.mca    87 08000094 00000000      .DCD     0                              ; IRQ21 Reserved
startup_1986BE9x.mca    88 08000098 00000000      .DCD     0                              ; IRQ22 Reserved
startup_1986BE9x.mca    89 0800009C 00000000      .DCD     0                              ; IRQ23 Reserved
startup_1986BE9x.mca    90 080000A0 00000000      .DCD     0                              ; IRQ24 Reserved
startup_1986BE9x.mca    91 080000A4 00000000      .DCD     0                              ; IRQ25 Reserved
startup_1986BE9x.mca    92 080000A8 00000000      .DCD     0                              ; IRQ26 Reserved
startup_1986BE9x.mca    93 080000AC               SET_HANDLER     BACKUP_IRQHandler       ; IRQ27
startup_1986BE9x.mca    94 080000B0               SET_HANDLER     EXT_INT1_IRQHandler     ; IRQ28
startup_1986BE9x.mca    95 080000B4               SET_HANDLER     EXT_INT2_IRQHandler     ; IRQ29
startup_1986BE9x.mca    96 080000B8               SET_HANDLER     EXT_INT3_IRQHandler     ; IRQ30
startup_1986BE9x.mca    97 080000BC               SET_HANDLER     EXT_INT4_IRQHandler     ; IRQ31
startup_1986BE9x.mca    98                    
startup_1986BE9x.mca    99 080000C0           __Vectors_End .LABELD
startup_1986BE9x.mca   100                    
startup_1986BE9x.mca   101                    .ENDMOD
Module ?startup_device: 192 byte(s), 77 line(s)
startup_1986BE9x.mca   126          
startup_1986BE9x.mca   102                    
startup_1986BE9x.mca   103                    
startup_1986BE9x.mca   104                    ;=====================================================================;
startup_1986BE9x.mca   105                    ;                                                                     ;
startup_1986BE9x.mca   106                    ;                     Default Reset handler                           ;
startup_1986BE9x.mca   107                    ;                                                                     ;
startup_1986BE9x.mca   108                    ;=====================================================================;
startup_1986BE9x.mca   109                    .LMODULE2 ?Reset_Handler
startup_1986BE9x.mca   110                    .PUBLIC Reset_Handler
startup_1986BE9x.mca   111                    .EXTRN(code) ?start
startup_1986BE9x.mca   112                    .EXTRNF16 SystemInit .VOID(.VOID)
startup_1986BE9x.mca   113                    
startup_1986BE9x.mca   114                    .RSEG CSTACK,data
startup_1986BE9x.mca   115                    .RSEG ??DEFAULT_HANDLERS,code
startup_1986BE9x.mca   116                        .THUMB
startup_1986BE9x.mca   117 00000000           Reset_Handler?T:
startup_1986BE9x.mca   118 00000001           Reset_Handler   .EQU    Reset_Handler?T+1
startup_1986BE9x.mca   119                    .FUNCTYPE .VOID Reset_Handler(.VOID)
startup_1986BE9x.mca   120 00000000 4803          LDR     R0, =(.SFE CSTACK) + 1
startup_1986BE9x.mca   121 00000002 8808F380      MSR     MSP, R0
startup_1986BE9x.mca   122 00000006 4803          LDR     R0, =SystemInit
startup_1986BE9x.mca   123 00000008 4780          BLX     R0
startup_1986BE9x.mca   124 0000000A 4803          LDR     R0, =?start
startup_1986BE9x.mca   125 0000000C 4700          BX      R0
startup_1986BE9x.mca   126 00000010 00000001
                   00000014 00000000
                   00000018 00000000
startup_1986BE9x.mca   126                    .ENDMOD
Module ?Reset_Handler: 26 byte(s), 17 line(s)
startup_1986BE9x.mca   127                    
startup_1986BE9x.mca   128                    
startup_1986BE9x.mca   129                    ;=====================================================================;
startup_1986BE9x.mca   130                    ;                                                                     ;
startup_1986BE9x.mca   131                    ;                     Default interrupt handlers                      ;
startup_1986BE9x.mca   132                    ;                                                                     ;
startup_1986BE9x.mca   133                    ;=====================================================================;
startup_1986BE9x.mca   134                    .LMODULE2 ?NMI_Handler
startup_1986BE9x.mca   135                    .PUBLIC NMI_Handler
startup_1986BE9x.mca   136                    .RSEG ??DEFAULT_HANDLERS,code
startup_1986BE9x.mca   137                        .THUMB
startup_1986BE9x.mca   138 00000000           NMI_Handler?T:
startup_1986BE9x.mca   139 00000001           NMI_Handler .EQU  NMI_Handler?T+1
startup_1986BE9x.mca   140                    .FUNCTYPE .VOID NMI_Handler(.VOID)
startup_1986BE9x.mca   141 00000000 E7FE          B       $
startup_1986BE9x.mca   142                    .ENDMOD
Module ?NMI_Handler: 2 byte(s), 8 line(s)
startup_1986BE9x.mca   143                    
startup_1986BE9x.mca   144                    
startup_1986BE9x.mca   145                    .LMODULE2 ?HardFault_Handler
startup_1986BE9x.mca   146                    .PUBLIC HardFault_Handler
startup_1986BE9x.mca   147                    .RSEG ??DEFAULT_HANDLERS,code
startup_1986BE9x.mca   148                        .THUMB
startup_1986BE9x.mca   149 00000000           HardFault_Handler?T:
startup_1986BE9x.mca   150 00000001           HardFault_Handler .EQU  HardFault_Handler?T+1
startup_1986BE9x.mca   151                    .FUNCTYPE .VOID HardFault_Handler(.VOID)
startup_1986BE9x.mca   152 00000000 E7FE          B       $
startup_1986BE9x.mca   153                    .ENDMOD
Module ?HardFault_Handler: 2 byte(s), 8 line(s)
startup_1986BE9x.mca   154                    
startup_1986BE9x.mca   155                    
startup_1986BE9x.mca   156                    .LMODULE2 ?MemManage_Handler
startup_1986BE9x.mca   157                    .PUBLIC MemManage_Handler
startup_1986BE9x.mca   158                    .RSEG ??DEFAULT_HANDLERS,code
startup_1986BE9x.mca   159                        .THUMB
startup_1986BE9x.mca   160 00000000           MemManage_Handler?T:
startup_1986BE9x.mca   161 00000001           MemManage_Handler .EQU  MemManage_Handler?T+1
startup_1986BE9x.mca   162                    .FUNCTYPE .VOID MemManage_Handler(.VOID)
startup_1986BE9x.mca   163 00000000 E7FE          B       $
startup_1986BE9x.mca   164                    .ENDMOD
Module ?MemManage_Handler: 2 byte(s), 8 line(s)
startup_1986BE9x.mca   165                    
startup_1986BE9x.mca   166                    
startup_1986BE9x.mca   167                    .LMODULE2 ?BusFault_Handler
startup_1986BE9x.mca   168                    .PUBLIC BusFault_Handler
startup_1986BE9x.mca   169                    .RSEG ??DEFAULT_HANDLERS,code
startup_1986BE9x.mca   170                        .THUMB
startup_1986BE9x.mca   171 00000000           BusFault_Handler?T:
startup_1986BE9x.mca   172 00000001           BusFault_Handler .EQU  BusFault_Handler?T+1
startup_1986BE9x.mca   173                    .FUNCTYPE .VOID BusFault_Handler(.VOID)
startup_1986BE9x.mca   174 00000000 E7FE          B       $
startup_1986BE9x.mca   175                    .ENDMOD
Module ?BusFault_Handler: 2 byte(s), 8 line(s)
startup_1986BE9x.mca   176                    
startup_1986BE9x.mca   177                    
startup_1986BE9x.mca   178                    .LMODULE2 ?UsageFault_Handler
startup_1986BE9x.mca   179                    .PUBLIC UsageFault_Handler
startup_1986BE9x.mca   180                    .RSEG ??DEFAULT_HANDLERS,code
startup_1986BE9x.mca   181                        .THUMB
startup_1986BE9x.mca   182 00000000           UsageFault_Handler?T:
startup_1986BE9x.mca   183 00000001           UsageFault_Handler .EQU  UsageFault_Handler?T+1
startup_1986BE9x.mca   184                    .FUNCTYPE .VOID UsageFault_Handler(.VOID)
startup_1986BE9x.mca   185 00000000 E7FE          B       $
startup_1986BE9x.mca   186                    .ENDMOD
Module ?UsageFault_Handler: 2 byte(s), 8 line(s)
startup_1986BE9x.mca   187                    
startup_1986BE9x.mca   188                    
startup_1986BE9x.mca   189                    .LMODULE2 ?SVC_Handler
startup_1986BE9x.mca   190                    .PUBLIC SVC_Handler
startup_1986BE9x.mca   191                    .RSEG ??DEFAULT_HANDLERS,code
startup_1986BE9x.mca   192                        .THUMB
startup_1986BE9x.mca   193 00000000           SVC_Handler?T:
startup_1986BE9x.mca   194 00000001           SVC_Handler .EQU  SVC_Handler?T+1
startup_1986BE9x.mca   195                    .FUNCTYPE .VOID SVC_Handler(.VOID)
startup_1986BE9x.mca   196 00000000 E7FE          B       $
startup_1986BE9x.mca   197                    .ENDMOD
Module ?SVC_Handler: 2 byte(s), 8 line(s)
startup_1986BE9x.mca   198                    
startup_1986BE9x.mca   199                    
startup_1986BE9x.mca   200                    .LMODULE2 ?DebugMon_Handler
startup_1986BE9x.mca   201                    .PUBLIC DebugMon_Handler
startup_1986BE9x.mca   202                    .RSEG ??DEFAULT_HANDLERS,code
startup_1986BE9x.mca   203                        .THUMB
startup_1986BE9x.mca   204 00000000           DebugMon_Handler?T:
startup_1986BE9x.mca   205 00000001           DebugMon_Handler .EQU  DebugMon_Handler?T+1
startup_1986BE9x.mca   206                    .FUNCTYPE .VOID DebugMon_Handler(.VOID)
startup_1986BE9x.mca   207 00000000 E7FE          B       $
startup_1986BE9x.mca   208                    .ENDMOD
Module ?DebugMon_Handler: 2 byte(s), 8 line(s)
startup_1986BE9x.mca   209                    
startup_1986BE9x.mca   210                    
startup_1986BE9x.mca   211                    .LMODULE2 ?PendSV_Handler
startup_1986BE9x.mca   212                    .PUBLIC PendSV_Handler
startup_1986BE9x.mca   213                    .RSEG ??DEFAULT_HANDLERS,code
startup_1986BE9x.mca   214                        .THUMB
startup_1986BE9x.mca   215 00000000           PendSV_Handler?T:
startup_1986BE9x.mca   216 00000001           PendSV_Handler .EQU  PendSV_Handler?T+1
startup_1986BE9x.mca   217                    .FUNCTYPE .VOID PendSV_Handler(.VOID)
startup_1986BE9x.mca   218 00000000 E7FE          B       $
startup_1986BE9x.mca   219                    .ENDMOD
Module ?PendSV_Handler: 2 byte(s), 8 line(s)
startup_1986BE9x.mca   220                    
startup_1986BE9x.mca   221                    
startup_1986BE9x.mca   222                    .LMODULE2 ?SysTick_Handler
startup_1986BE9x.mca   223                    .PUBLIC SysTick_Handler
startup_1986BE9x.mca   224                    .RSEG ??DEFAULT_HANDLERS,code
startup_1986BE9x.mca   225                        .THUMB
startup_1986BE9x.mca   226 00000000           SysTick_Handler?T:
startup_1986BE9x.mca   227 00000001           SysTick_Handler .EQU  SysTick_Handler?T+1
startup_1986BE9x.mca   228                    .FUNCTYPE .VOID SysTick_Handler(.VOID)
startup_1986BE9x.mca   229 00000000 E7FE          B       $
startup_1986BE9x.mca   230                    .ENDMOD
Module ?SysTick_Handler: 2 byte(s), 8 line(s)
startup_1986BE9x.mca   231                    
startup_1986BE9x.mca   232                    
startup_1986BE9x.mca   233                    .LMODULE2 ?CAN1_IRQHandler
startup_1986BE9x.mca   234                    .PUBLIC CAN1_IRQHandler
startup_1986BE9x.mca   235                    .RSEG ??DEFAULT_HANDLERS,code
startup_1986BE9x.mca   236                        .THUMB
startup_1986BE9x.mca   237 00000000           CAN1_IRQHandler?T:
startup_1986BE9x.mca   238 00000001           CAN1_IRQHandler .EQU  CAN1_IRQHandler?T+1
startup_1986BE9x.mca   239                    .FUNCTYPE .VOID CAN1_IRQHandler(.VOID)
startup_1986BE9x.mca   240 00000000 E7FE          B       $
startup_1986BE9x.mca   241                    .ENDMOD
Module ?CAN1_IRQHandler: 2 byte(s), 8 line(s)
startup_1986BE9x.mca   242                    
startup_1986BE9x.mca   243                    
startup_1986BE9x.mca   244                    .LMODULE2 ?CAN2_IRQHandler
startup_1986BE9x.mca   245                    .PUBLIC CAN2_IRQHandler
startup_1986BE9x.mca   246                    .RSEG ??DEFAULT_HANDLERS,code
startup_1986BE9x.mca   247                        .THUMB
startup_1986BE9x.mca   248 00000000           CAN2_IRQHandler?T:
startup_1986BE9x.mca   249 00000001           CAN2_IRQHandler .EQU  CAN2_IRQHandler?T+1
startup_1986BE9x.mca   250                    .FUNCTYPE .VOID CAN2_IRQHandler(.VOID)
startup_1986BE9x.mca   251 00000000 E7FE          B       $
startup_1986BE9x.mca   252                    .ENDMOD
Module ?CAN2_IRQHandler: 2 byte(s), 8 line(s)
startup_1986BE9x.mca   253                    
startup_1986BE9x.mca   254                    
startup_1986BE9x.mca   255                    .LMODULE2 ?USB_IRQHandler
startup_1986BE9x.mca   256                    .PUBLIC USB_IRQHandler
startup_1986BE9x.mca   257                    .RSEG ??DEFAULT_HANDLERS,code
startup_1986BE9x.mca   258                        .THUMB
startup_1986BE9x.mca   259 00000000           USB_IRQHandler?T:
startup_1986BE9x.mca   260 00000001           USB_IRQHandler .EQU  USB_IRQHandler?T+1
startup_1986BE9x.mca   261                    .FUNCTYPE .VOID USB_IRQHandler(.VOID)
startup_1986BE9x.mca   262 00000000 E7FE          B       $
startup_1986BE9x.mca   263                    .ENDMOD
Module ?USB_IRQHandler: 2 byte(s), 8 line(s)
startup_1986BE9x.mca   264                    
startup_1986BE9x.mca   265                    
startup_1986BE9x.mca   266                    .LMODULE2 ?DMA_IRQHandler
startup_1986BE9x.mca   267                    .PUBLIC DMA_IRQHandler
startup_1986BE9x.mca   268                    .RSEG ??DEFAULT_HANDLERS,code
startup_1986BE9x.mca   269                        .THUMB
startup_1986BE9x.mca   270 00000000           DMA_IRQHandler?T:
startup_1986BE9x.mca   271 00000001           DMA_IRQHandler .EQU  DMA_IRQHandler?T+1
startup_1986BE9x.mca   272                    .FUNCTYPE .VOID DMA_IRQHandler(.VOID)
startup_1986BE9x.mca   273 00000000 E7FE          B       $
startup_1986BE9x.mca   274                    .ENDMOD
Module ?DMA_IRQHandler: 2 byte(s), 8 line(s)
startup_1986BE9x.mca   275                    
startup_1986BE9x.mca   276                    
startup_1986BE9x.mca   277                    .LMODULE2 ?UART1_IRQHandler
startup_1986BE9x.mca   278                    .PUBLIC UART1_IRQHandler
startup_1986BE9x.mca   279                    .RSEG ??DEFAULT_HANDLERS,code
startup_1986BE9x.mca   280                        .THUMB
startup_1986BE9x.mca   281 00000000           UART1_IRQHandler?T:
startup_1986BE9x.mca   282 00000001           UART1_IRQHandler .EQU  UART1_IRQHandler?T+1
startup_1986BE9x.mca   283                    .FUNCTYPE .VOID UART1_IRQHandler(.VOID)
startup_1986BE9x.mca   284 00000000 E7FE          B       $
startup_1986BE9x.mca   285                    .ENDMOD
Module ?UART1_IRQHandler: 2 byte(s), 8 line(s)
startup_1986BE9x.mca   286                    
startup_1986BE9x.mca   287                    
startup_1986BE9x.mca   288                    .LMODULE2 ?UART2_IRQHandler
startup_1986BE9x.mca   289                    .PUBLIC UART2_IRQHandler
startup_1986BE9x.mca   290                    .RSEG ??DEFAULT_HANDLERS,code
startup_1986BE9x.mca   291                        .THUMB
startup_1986BE9x.mca   292 00000000           UART2_IRQHandler?T:
startup_1986BE9x.mca   293 00000001           UART2_IRQHandler .EQU  UART2_IRQHandler?T+1
startup_1986BE9x.mca   294                    .FUNCTYPE .VOID UART2_IRQHandler(.VOID)
startup_1986BE9x.mca   295 00000000 E7FE          B       $
startup_1986BE9x.mca   296                    .ENDMOD
Module ?UART2_IRQHandler: 2 byte(s), 8 line(s)
startup_1986BE9x.mca   297                    
startup_1986BE9x.mca   298                    
startup_1986BE9x.mca   299                    .LMODULE2 ?SSP1_IRQHandler
startup_1986BE9x.mca   300                    .PUBLIC SSP1_IRQHandler
startup_1986BE9x.mca   301                    .RSEG ??DEFAULT_HANDLERS,code
startup_1986BE9x.mca   302                        .THUMB
startup_1986BE9x.mca   303 00000000           SSP1_IRQHandler?T:
startup_1986BE9x.mca   304 00000001           SSP1_IRQHandler .EQU  SSP1_IRQHandler?T+1
startup_1986BE9x.mca   305                    .FUNCTYPE .VOID SSP1_IRQHandler(.VOID)
startup_1986BE9x.mca   306 00000000 E7FE          B       $
startup_1986BE9x.mca   307                    .ENDMOD
Module ?SSP1_IRQHandler: 2 byte(s), 8 line(s)
startup_1986BE9x.mca   308                    
startup_1986BE9x.mca   309                    
startup_1986BE9x.mca   310                    .LMODULE2 ?I2C_IRQHandler
startup_1986BE9x.mca   311                    .PUBLIC I2C_IRQHandler
startup_1986BE9x.mca   312                    .RSEG ??DEFAULT_HANDLERS,code
startup_1986BE9x.mca   313                        .THUMB
startup_1986BE9x.mca   314 00000000           I2C_IRQHandler?T:
startup_1986BE9x.mca   315 00000001           I2C_IRQHandler .EQU  I2C_IRQHandler?T+1
startup_1986BE9x.mca   316                    .FUNCTYPE .VOID I2C_IRQHandler(.VOID)
startup_1986BE9x.mca   317 00000000 E7FE          B       $
startup_1986BE9x.mca   318                    .ENDMOD
Module ?I2C_IRQHandler: 2 byte(s), 8 line(s)
startup_1986BE9x.mca   319                    
startup_1986BE9x.mca   320                    
startup_1986BE9x.mca   321                    .LMODULE2 ?POWER_IRQHandler
startup_1986BE9x.mca   322                    .PUBLIC POWER_IRQHandler
startup_1986BE9x.mca   323                    .RSEG ??DEFAULT_HANDLERS,code
startup_1986BE9x.mca   324                        .THUMB
startup_1986BE9x.mca   325 00000000           POWER_IRQHandler?T:
startup_1986BE9x.mca   326 00000001           POWER_IRQHandler .EQU  POWER_IRQHandler?T+1
startup_1986BE9x.mca   327                    .FUNCTYPE .VOID POWER_IRQHandler(.VOID)
startup_1986BE9x.mca   328 00000000 E7FE          B       $
startup_1986BE9x.mca   329                    .ENDMOD
Module ?POWER_IRQHandler: 2 byte(s), 8 line(s)
startup_1986BE9x.mca   330                    
startup_1986BE9x.mca   331                    
startup_1986BE9x.mca   332                    .LMODULE2 ?WWDG_IRQHandler
startup_1986BE9x.mca   333                    .PUBLIC WWDG_IRQHandler
startup_1986BE9x.mca   334                    .RSEG ??DEFAULT_HANDLERS,code
startup_1986BE9x.mca   335                        .THUMB
startup_1986BE9x.mca   336 00000000           WWDG_IRQHandler?T:
startup_1986BE9x.mca   337 00000001           WWDG_IRQHandler .EQU  WWDG_IRQHandler?T+1
startup_1986BE9x.mca   338                    .FUNCTYPE .VOID WWDG_IRQHandler(.VOID)
startup_1986BE9x.mca   339 00000000 E7FE          B       $
startup_1986BE9x.mca   340                    .ENDMOD
Module ?WWDG_IRQHandler: 2 byte(s), 8 line(s)
startup_1986BE9x.mca   341                    
startup_1986BE9x.mca   342                    
startup_1986BE9x.mca   343                    .LMODULE2 ?Timer1_IRQHandler
startup_1986BE9x.mca   344                    .PUBLIC Timer1_IRQHandler
startup_1986BE9x.mca   345                    .RSEG ??DEFAULT_HANDLERS,code
startup_1986BE9x.mca   346                        .THUMB
startup_1986BE9x.mca   347 00000000           Timer1_IRQHandler?T:
startup_1986BE9x.mca   348 00000001           Timer1_IRQHandler .EQU  Timer1_IRQHandler?T+1
startup_1986BE9x.mca   349                    .FUNCTYPE .VOID Timer1_IRQHandler(.VOID)
startup_1986BE9x.mca   350 00000000 E7FE          B       $
startup_1986BE9x.mca   351                    .ENDMOD
Module ?Timer1_IRQHandler: 2 byte(s), 8 line(s)
startup_1986BE9x.mca   352                    
startup_1986BE9x.mca   353                    
startup_1986BE9x.mca   354                    .LMODULE2 ?Timer2_IRQHandler
startup_1986BE9x.mca   355                    .PUBLIC Timer2_IRQHandler
startup_1986BE9x.mca   356                    .RSEG ??DEFAULT_HANDLERS,code
startup_1986BE9x.mca   357                        .THUMB
startup_1986BE9x.mca   358 00000000           Timer2_IRQHandler?T:
startup_1986BE9x.mca   359 00000001           Timer2_IRQHandler .EQU  Timer2_IRQHandler?T+1
startup_1986BE9x.mca   360                    .FUNCTYPE .VOID Timer2_IRQHandler(.VOID)
startup_1986BE9x.mca   361 00000000 E7FE          B       $
startup_1986BE9x.mca   362                    .ENDMOD
Module ?Timer2_IRQHandler: 2 byte(s), 8 line(s)
startup_1986BE9x.mca   363                    
startup_1986BE9x.mca   364                    
startup_1986BE9x.mca   365                    .LMODULE2 ?Timer3_IRQHandler
startup_1986BE9x.mca   366                    .PUBLIC Timer3_IRQHandler
startup_1986BE9x.mca   367                    .RSEG ??DEFAULT_HANDLERS,code
startup_1986BE9x.mca   368                        .THUMB
startup_1986BE9x.mca   369 00000000           Timer3_IRQHandler?T:
startup_1986BE9x.mca   370 00000001           Timer3_IRQHandler .EQU  Timer3_IRQHandler?T+1
startup_1986BE9x.mca   371                    .FUNCTYPE .VOID Timer3_IRQHandler(.VOID)
startup_1986BE9x.mca   372 00000000 E7FE          B       $
startup_1986BE9x.mca   373                    .ENDMOD
Module ?Timer3_IRQHandler: 2 byte(s), 8 line(s)
startup_1986BE9x.mca   374                    
startup_1986BE9x.mca   375                    
startup_1986BE9x.mca   376                    .LMODULE2 ?ADC_IRQHandler
startup_1986BE9x.mca   377                    .PUBLIC ADC_IRQHandler
startup_1986BE9x.mca   378                    .RSEG ??DEFAULT_HANDLERS,code
startup_1986BE9x.mca   379                        .THUMB
startup_1986BE9x.mca   380 00000000           ADC_IRQHandler?T:
startup_1986BE9x.mca   381 00000001           ADC_IRQHandler .EQU  ADC_IRQHandler?T+1
startup_1986BE9x.mca   382                    .FUNCTYPE .VOID ADC_IRQHandler(.VOID)
startup_1986BE9x.mca   383 00000000 E7FE          B       $
startup_1986BE9x.mca   384                    .ENDMOD
Module ?ADC_IRQHandler: 2 byte(s), 8 line(s)
startup_1986BE9x.mca   385                    
startup_1986BE9x.mca   386                    
startup_1986BE9x.mca   387                    .LMODULE2 ?COMPARATOR_IRQHandler
startup_1986BE9x.mca   388                    .PUBLIC COMPARATOR_IRQHandler
startup_1986BE9x.mca   389                    .RSEG ??DEFAULT_HANDLERS,code
startup_1986BE9x.mca   390                        .THUMB
startup_1986BE9x.mca   391 00000000           COMPARATOR_IRQHandler?T:
startup_1986BE9x.mca   392 00000001           COMPARATOR_IRQHandler .EQU  COMPARATOR_IRQHandler?T+1
startup_1986BE9x.mca   393                    .FUNCTYPE .VOID COMPARATOR_IRQHandler(.VOID)
startup_1986BE9x.mca   394 00000000 E7FE          B       $
startup_1986BE9x.mca   395                    .ENDMOD
Module ?COMPARATOR_IRQHandler: 2 byte(s), 8 line(s)
startup_1986BE9x.mca   396                    
startup_1986BE9x.mca   397                    
startup_1986BE9x.mca   398                    .LMODULE2 ?SSP2_IRQHandler
startup_1986BE9x.mca   399                    .PUBLIC SSP2_IRQHandler
startup_1986BE9x.mca   400                    .RSEG ??DEFAULT_HANDLERS,code
startup_1986BE9x.mca   401                        .THUMB
startup_1986BE9x.mca   402 00000000           SSP2_IRQHandler?T:
startup_1986BE9x.mca   403 00000001           SSP2_IRQHandler .EQU  SSP2_IRQHandler?T+1
startup_1986BE9x.mca   404                    .FUNCTYPE .VOID SSP2_IRQHandler(.VOID)
startup_1986BE9x.mca   405 00000000 E7FE          B       $
startup_1986BE9x.mca   406                    .ENDMOD
Module ?SSP2_IRQHandler: 2 byte(s), 8 line(s)
startup_1986BE9x.mca   407                    
startup_1986BE9x.mca   408                    
startup_1986BE9x.mca   409                    .LMODULE2 ?BACKUP_IRQHandler
startup_1986BE9x.mca   410                    .PUBLIC BACKUP_IRQHandler
startup_1986BE9x.mca   411                    .RSEG ??DEFAULT_HANDLERS,code
startup_1986BE9x.mca   412                        .THUMB
startup_1986BE9x.mca   413 00000000           BACKUP_IRQHandler?T:
startup_1986BE9x.mca   414 00000001           BACKUP_IRQHandler .EQU  BACKUP_IRQHandler?T+1
startup_1986BE9x.mca   415                    .FUNCTYPE .VOID BACKUP_IRQHandler(.VOID)
startup_1986BE9x.mca   416 00000000 E7FE          B       $
startup_1986BE9x.mca   417                    .ENDMOD
Module ?BACKUP_IRQHandler: 2 byte(s), 8 line(s)
startup_1986BE9x.mca   418                    
startup_1986BE9x.mca   419                    
startup_1986BE9x.mca   420                    .LMODULE2 ?EXT_INT1_IRQHandler
startup_1986BE9x.mca   421                    .PUBLIC EXT_INT1_IRQHandler
startup_1986BE9x.mca   422                    .RSEG ??DEFAULT_HANDLERS,code
startup_1986BE9x.mca   423                        .THUMB
startup_1986BE9x.mca   424 00000000           EXT_INT1_IRQHandler?T:
startup_1986BE9x.mca   425 00000001           EXT_INT1_IRQHandler .EQU  EXT_INT1_IRQHandler?T+1
startup_1986BE9x.mca   426                    .FUNCTYPE .VOID EXT_INT1_IRQHandler(.VOID)
startup_1986BE9x.mca   427 00000000 E7FE          B       $
startup_1986BE9x.mca   428                    .ENDMOD
Module ?EXT_INT1_IRQHandler: 2 byte(s), 8 line(s)
startup_1986BE9x.mca   429                    
startup_1986BE9x.mca   430                    
startup_1986BE9x.mca   431                    .LMODULE2 ?EXT_INT2_IRQHandler
startup_1986BE9x.mca   432                    .PUBLIC EXT_INT2_IRQHandler
startup_1986BE9x.mca   433                    .RSEG ??DEFAULT_HANDLERS,code
startup_1986BE9x.mca   434                        .THUMB
startup_1986BE9x.mca   435 00000000           EXT_INT2_IRQHandler?T:
startup_1986BE9x.mca   436 00000001           EXT_INT2_IRQHandler .EQU  EXT_INT2_IRQHandler?T+1
startup_1986BE9x.mca   437                    .FUNCTYPE .VOID EXT_INT2_IRQHandler(.VOID)
startup_1986BE9x.mca   438 00000000 E7FE          B       $
startup_1986BE9x.mca   439                    .ENDMOD
Module ?EXT_INT2_IRQHandler: 2 byte(s), 8 line(s)
startup_1986BE9x.mca   440                    
startup_1986BE9x.mca   441                    
startup_1986BE9x.mca   442                    .LMODULE2 ?EXT_INT3_IRQHandler
startup_1986BE9x.mca   443                    .PUBLIC EXT_INT3_IRQHandler
startup_1986BE9x.mca   444                    .RSEG ??DEFAULT_HANDLERS,code
startup_1986BE9x.mca   445                        .THUMB
startup_1986BE9x.mca   446 00000000           EXT_INT3_IRQHandler?T:
startup_1986BE9x.mca   447 00000001           EXT_INT3_IRQHandler .EQU  EXT_INT3_IRQHandler?T+1
startup_1986BE9x.mca   448                    .FUNCTYPE .VOID EXT_INT3_IRQHandler(.VOID)
startup_1986BE9x.mca   449 00000000 E7FE          B       $
startup_1986BE9x.mca   450                    .ENDMOD
Module ?EXT_INT3_IRQHandler: 2 byte(s), 8 line(s)
startup_1986BE9x.mca   451                    
startup_1986BE9x.mca   452                    
startup_1986BE9x.mca   453                    .LMODULE2 ?EXT_INT4_IRQHandler
startup_1986BE9x.mca   454                    .PUBLIC EXT_INT4_IRQHandler
startup_1986BE9x.mca   455                    .RSEG ??DEFAULT_HANDLERS,code
startup_1986BE9x.mca   456                        .THUMB
startup_1986BE9x.mca   457 00000000           EXT_INT4_IRQHandler?T:
startup_1986BE9x.mca   458 00000001           EXT_INT4_IRQHandler .EQU  EXT_INT4_IRQHandler?T+1
startup_1986BE9x.mca   459                    .FUNCTYPE .VOID EXT_INT4_IRQHandler(.VOID)
startup_1986BE9x.mca   460 00000000 E7FE          B       $
startup_1986BE9x.mca   461                    .ENDMOD
Module ?EXT_INT4_IRQHandler: 2 byte(s), 8 line(s)
startup_1986BE9x.mca   462                    
startup_1986BE9x.mca   463                    
startup_1986BE9x.mca   464                    ;=====================================================================;
startup_1986BE9x.mca   465                    ;                                                                     ;
startup_1986BE9x.mca   466                    ;       User-defined low-level initialization that is made            ;
startup_1986BE9x.mca   467                    ;                     before cstartup                                 ;
startup_1986BE9x.mca   468                    ;                                                                     ;
startup_1986BE9x.mca   469                    ;=====================================================================;
startup_1986BE9x.mca   470                    .LMODULE2 ??SystemInit
startup_1986BE9x.mca   471                    .PUBLIC SystemInit
startup_1986BE9x.mca   472                    .RSEG   ??CODE_CLIB,code
startup_1986BE9x.mca   473                    .THUMB
startup_1986BE9x.mca   474 00000000           SystemInit?T:
startup_1986BE9x.mca   475 00000001           SystemInit .EQU SystemInit?T+1
startup_1986BE9x.mca   476                    .FUNCTYPE .VOID SystemInit(.VOID)
startup_1986BE9x.mca   477 00000000 4770          BX      LR
startup_1986BE9x.mca   478                    
startup_1986BE9x.mca   479                    .END
Module ??SystemInit: 2 byte(s), 9 line(s)
startup_1986BE9x.mca   480                    
startup_1986BE9x.mca   481                    ;/******************* (C) COPYRIGHT 2010 Phyton *******************************
startup_1986BE9x.mca   482                    ;*
startup_1986BE9x.mca   483                    ;* END OF FILE startup_1986BE9x.mca */
startup_1986BE9x.mca: 483 line(s), 0.4 second(s), 0 error(s), 0 warning(s)
