*******************************************************************************
*                                                                             *
*                 ARM C CROSS COMPILER Version 1.03.121111                    *
*                      Copyright (C) 2009 Phyton, Inc.                        *
*                                                                             *
*******************************************************************************

             LCD_PutPixel??T:
;FILE: ..\src\gl.c
;000021    void LCD_PutPixel(u32 x, u32 y) {
00000000    B570                       	PUSH            {R4-R6,R14} 
00000002    460C                       	MOV             R4,R1
00000004    4605                       	MOV             R5,R0
;000025        if ((x>MAX_X)|(y>MAX_Y)) return;
00000006    2880                       	CMP             R0,#80h
00000008    D228                       	BCS.N           ??_EXIT?_LCD_PutPixel
0000000A    2C40                       	CMP             y?LCD_PutPixel,#64
0000000C    D226                       	BCS.N           ??_EXIT?_LCD_PutPixel
;000027        SetCrystal((LCD_Crystal)(x/64));
0000000E    09AE                       	LSRS            R6,x?LCD_PutPixel,#6
00000010    4630                       	MOV             R0,R6
00000012    FFF5F7FF                   	BLF             SetCrystal
;000028        x %= 64;
00000016    1586EBA5                   	SUB             x?LCD_PutPixel,x?LCD_PutPixel,R6,LSL #6
;000030        page = y/8;
0000001A    08E3                       	LSRS            R3,y?LCD_PutPixel,#3
;000031        shifted = (1 << (y%8));
0000001C    02C3EBA4                   	SUB             R2,shifted?LCD_PutPixel,R3,LSL #3
00000020    2401                       	MOVS            shifted?LCD_PutPixel,#1
00000022    4094                       	LSLS            shifted?LCD_PutPixel,R2
;000032        LCD_SET_PAGE(page);
00000024    02B8F043                   	ORR             R2,R3,#0B8h
00000028    B2D0                       	UXTB            R0,R2
0000002A    FFE9F7FF                   	BLF             WriteLCD_Cmd
;000033        LCD_SET_ADDRESS(x);
0000002E    0240F045                   	ORR             R2,x?LCD_PutPixel,#64
00000032    B2D6                       	UXTB            R6,R2
00000034    4630                       	MOV             R0,R6
00000036    FFE3F7FF                   	BLF             WriteLCD_Cmd
;000034        data = ReadLCD_Data();
0000003A    FFE1F7FF                   	BLF             ReadLCD_Data
0000003E    4605                       	MOV             data?LCD_PutPixel,R0
;000035        switch (CurrentMethod){
00000040    4A07                       	LDR             R2,?lr0000	; CurrentMethod
00000042    6812                       	LDR             R2,[R2,#0]
00000044    2A01                       	CMP             R2,#1
00000046    D002                       	BEQ.N           ??_3_CASE_1
00000048    B912                       	CBNZ            R2,??_3_BREAK
;000036            case MET_OR :   data |= shifted;    break;
0000004A    4325                       	ORRS            data?LCD_PutPixel,shifted?LCD_PutPixel
0000004C    E000                       	B.N             ??_3_BREAK
                 ??_3_CASE_1:
;000037            case MET_XOR :  data ^= shifted;    break;
0000004E    4065                       	EORS            data?LCD_PutPixel,shifted?LCD_PutPixel
;000038        }
                  ??_3_BREAK:
;000039        LCD_SET_ADDRESS(x);
00000050    4630                       	MOV             R0,R6
00000052    FFD5F7FF                   	BLF             WriteLCD_Cmd
;000040        WriteLCD_Data(data);
00000056    B2E8                       	UXTB            R0,data?LCD_PutPixel
00000058    FFD2F7FF                   	BLF             WriteLCD_Data
;000041    }
       ??_EXIT?_LCD_PutPixel:
0000005C    BD70                       	POP             {R4-R6,R15} 

.ALIGN	2
00000060    00000000	?lr0000	.DCD	CurrentMethod	; used 1 time(s)

.ENDF
                 LCD_Line??T:
;000043    void LCD_Line(u32 x1, u32 y1, u32 x2, u32 y2) {
00000064    4FF0E92D                   	PUSH            {R4-R11,R14} 
00000068    B082                       	SUB             R13,R13,#8
;000049            dy = y2 - y1;
0000006A    1A5D                       	SUBS            dy?LCD_Line,y2?LCD_Line,y1?LCD_Line
;000050            dx = x2 - x1;
0000006C    1A14                       	SUBS            dx?LCD_Line,x2?LCD_Line,x1?LCD_Line
;000051            if (dx == 0 && dy == 0) {
0000006E    D103                       	BNE.N           ??_4_ELSE
00000070    B915                       	CBNZ            dy?LCD_Line,??_4_ELSE
;000052                    LCD_PutPixel(x1, y1);
00000072    FFC5F7FF                   	BLF             LCD_PutPixel??T
;000053                    return;
00000076    E040                       	B.N             ??_EXIT?_LCD_Line
;000054            }
                   ??_4_ELSE:
;000056            flag = kx = ky = 1;
00000078    0801F04F                   	MOV             kx?LCD_Line,#1
0000007C    46C1                       	MOV             ky?LCD_Line,kx?LCD_Line
0000007E    46C2                       	MOV             flag?LCD_Line,kx?LCD_Line
;000058            if (dx < 0) {
00000080    2C00                       	CMP             dx?LCD_Line,#0
00000082    D503                       	BPL.N           ??_6_ELSE
;000059                dx = -dx;
00000084    4264                       	RSBS            dx?LCD_Line,dx?LCD_Line,#0
;000060                kx = -1;
00000086    38FFF04F                   	MOV             kx?LCD_Line,#-1
;000061            }
0000008A    E002                       	B.N             ??_6_END
                   ??_6_ELSE:
;000062            else if (dx == 0)
0000008C    B90C                       	CBNZ            dx?LCD_Line,??_7_ELSE
;000063                kx = 0;
0000008E    0800F04F                   	MOV             kx?LCD_Line,#0
                   ??_7_ELSE:
                    ??_6_END:
;000065            if (dy < 0) {
00000092    2D00                       	CMP             dy?LCD_Line,#0
00000094    D502                       	BPL.N           ??_8_ELSE
;000066                dy = -dy;
00000096    426D                       	RSBS            dy?LCD_Line,dy?LCD_Line,#0
;000067                ky = -1;
00000098    39FFF04F                   	MOV             ky?LCD_Line,#-1
;000068            }
                   ??_8_ELSE:
;000070            if (dx < dy) {
0000009C    42AC                       	CMP             dx?LCD_Line,dy?LCD_Line
0000009E    DA04                       	BGE.N           ??_9_ELSE
;000071                flag = 0;
000000A0    0A00F04F                   	MOV             flag?LCD_Line,#0
;000072                d = dx;
000000A4    4627                       	MOV             d?LCD_Line,dx?LCD_Line
;000073                dx = dy;
000000A6    462C                       	MOV             dx?LCD_Line,dy?LCD_Line
;000074                dy = d;
000000A8    463D                       	MOV             dy?LCD_Line,d?LCD_Line
;000075            }
                   ??_9_ELSE:
;000077            i1 = dy + dy;
000000AA    442D                       	ADD             i1?LCD_Line,i1?LCD_Line
;000078            d = i1 - dx;
000000AC    1B2F                       	SUBS            d?LCD_Line,i1?LCD_Line,dx?LCD_Line
;000079            i2 = d - dx;
000000AE    0B04EBA7                   	SUB             i2?LCD_Line,d?LCD_Line,dx?LCD_Line
;000080            x = x1;
000000B2    9000                       	STR             x1?LCD_Line,[R13,#x?LCD_Line]
;000081            y = y1;
000000B4    9101                       	STR             y1?LCD_Line,[R13,#y?LCD_Line]
;000083            for (i=0; ; i++){
000000B6    2600                       	MOVS            i?LCD_Line,#0
                  ??_10_LOOP:
;000084                LCD_PutPixel(x,y);
000000B8    9800                       	LDR             R0,[R13,#x?LCD_Line]
000000BA    9901                       	LDR             R1,[R13,#y?LCD_Line]
000000BC    FFA0F7FF                   	BLF             LCD_PutPixel??T
;000085                if (i >= dx)
000000C0    42A6                       	CMP             i?LCD_Line,dx?LCD_Line
;000086                    break;
000000C2    DA1A                       	BGE.N           ??_10_BREAK
;000088                if (flag)
000000C4    0F00F1BA                   	CMP             flag?LCD_Line,#0
000000C8    D003                       	BEQ.N           ??_12_ELSE
;000089                    x += kx;
000000CA    9800                       	LDR             R0,[R13,#x?LCD_Line]
000000CC    4440                       	ADD             R0,kx?LCD_Line
000000CE    9000                       	STR             R0,[R13,#x?LCD_Line]
000000D0    E002                       	B.N             ??_12_END
                  ??_12_ELSE:
;000091                    y += ky;
000000D2    9901                       	LDR             R1,[R13,#y?LCD_Line]
000000D4    4449                       	ADD             R1,ky?LCD_Line
000000D6    9101                       	STR             R1,[R13,#y?LCD_Line]
                   ??_12_END:
;000093                if (d < 0)
000000D8    2F00                       	CMP             d?LCD_Line,#0
000000DA    D501                       	BPL.N           ??_13_ELSE
;000094                    d += i1;
000000DC    442F                       	ADD             d?LCD_Line,i1?LCD_Line
000000DE    E00A                       	B.N             ??_13_END
                  ??_13_ELSE:
;000095                else {
;000096                    d += i2;
000000E0    445F                       	ADD             d?LCD_Line,i2?LCD_Line
;000097                    if (flag)
000000E2    0F00F1BA                   	CMP             flag?LCD_Line,#0
000000E6    D003                       	BEQ.N           ??_14_ELSE
;000098                        y += ky;
000000E8    9901                       	LDR             R1,[R13,#y?LCD_Line]
000000EA    4449                       	ADD             R1,ky?LCD_Line
000000EC    9101                       	STR             R1,[R13,#y?LCD_Line]
000000EE    E002                       	B.N             ??_14_END
                  ??_14_ELSE:
;000100                        x += kx;
000000F0    9800                       	LDR             R0,[R13,#x?LCD_Line]
000000F2    4440                       	ADD             R0,kx?LCD_Line
000000F4    9000                       	STR             R0,[R13,#x?LCD_Line]
                   ??_14_END:
;000101                }
                   ??_13_END:
;000102            }
000000F6    1C76                       	ADDS            i?LCD_Line,i?LCD_Line,#1
000000F8    E7DE                       	B.N             ??_10_LOOP
                 ??_10_BREAK:
;000103    }
           ??_EXIT?_LCD_Line:
000000FA    B002                       	ADD             R13,R13,#8
000000FC    8FF0E8BD                   	POP             {R4-R11,R15} 
.ENDF
               LCD_Circle??T:
;000106    void LCD_Circle(u32 xc, u32 yc, u32 r) {
00000100    4FF0E92D                   	PUSH            {R4-R11,R14} 
00000104    B082                       	SUB             R13,R13,#8
00000106    4689                       	MOV             R9,R1
00000108    4682                       	MOV             R10,R0
;000109        for (x = 0, y = r, d = 3-2*r; ;) {
0000010A    2400                       	MOVS            x?LCD_Circle,#0
0000010C    4615                       	MOV             y?LCD_Circle,r?LCD_Circle
0000010E    0053                       	LSLS            R3,r?LCD_Circle,#1
00000110    0603F1C3                   	RSB             d?LCD_Circle,R3,#3
                  ??_15_LOOP:
;000110            LCD_PutPixel(x+xc, y+yc);
00000114    0B09EB05                   	ADD             R11,y?LCD_Circle,yc?LCD_Circle
00000118    4659                       	MOV             R1,R11
0000011A    070AEB04                   	ADD             R7,x?LCD_Circle,xc?LCD_Circle
0000011E    4638                       	MOV             R0,R7
00000120    FF6EF7FF                   	BLF             LCD_PutPixel??T
;000111            LCD_PutPixel(x+xc, -y+yc);
00000124    0800F1C5                   	RSB             R8,y?LCD_Circle,#0
00000128    0109EB08                   	ADD             R1,R8,yc?LCD_Circle
0000012C    9100                       	STR             R1,[R13,#0]
0000012E    4638                       	MOV             R0,R7
00000130    FF66F7FF                   	BLF             LCD_PutPixel??T
;000112            LCD_PutPixel(-x+xc, -y+yc);
00000134    4267                       	RSBS            R7,x?LCD_Circle,#0
00000136    000AEB07                   	ADD             R0,R7,xc?LCD_Circle
0000013A    9001                       	STR             R0,[R13,#4]
0000013C    9900                       	LDR             R1,[R13,#0]
0000013E    FF5FF7FF                   	BLF             LCD_PutPixel??T
;000113            LCD_PutPixel(-x+xc, y+yc);
00000142    9801                       	LDR             R0,[R13,#4]
00000144    4659                       	MOV             R1,R11
00000146    FF5BF7FF                   	BLF             LCD_PutPixel??T
;000114            LCD_PutPixel(y+xc, x+yc);
0000014A    0B09EB04                   	ADD             R11,x?LCD_Circle,yc?LCD_Circle
0000014E    4659                       	MOV             R1,R11
00000150    000AEB05                   	ADD             R0,y?LCD_Circle,xc?LCD_Circle
00000154    9000                       	STR             R0,[R13,#0]
00000156    FF53F7FF                   	BLF             LCD_PutPixel??T
;000115            LCD_PutPixel(y+xc, -x+yc);
0000015A    444F                       	ADD             R7,yc?LCD_Circle
0000015C    9800                       	LDR             R0,[R13,#0]
0000015E    4639                       	MOV             R1,R7
00000160    FF4EF7FF                   	BLF             LCD_PutPixel??T
;000116            LCD_PutPixel(-y+xc, -x+yc);
00000164    44D0                       	ADD             R8,xc?LCD_Circle
00000166    4640                       	MOV             R0,R8
00000168    4639                       	MOV             R1,R7
0000016A    FF49F7FF                   	BLF             LCD_PutPixel??T
;000117            LCD_PutPixel(-y+xc, x+yc);
0000016E    4640                       	MOV             R0,R8
00000170    4659                       	MOV             R1,R11
00000172    FF45F7FF                   	BLF             LCD_PutPixel??T
;000119            if (x >= y)
00000176    42AC                       	CMP             x?LCD_Circle,y?LCD_Circle
;000120                break;
00000178    DA0C                       	BGE.N           ??_15_BREAK
;000122            if (d <= 0)
0000017A    2E01                       	CMP             d?LCD_Circle,#1
0000017C    DA03                       	BGE.N           ??_17_ELSE
;000123                d += 4*x+6;
0000017E    0384EB06                   	ADD             R3,d?LCD_Circle,x?LCD_Circle,LSL #2
00000182    1D9E                       	ADDS            d?LCD_Circle,R3,#6
00000184    E004                       	B.N             ??_17_END
                  ??_17_ELSE:
;000124            else {
;000125                d += 4*(x-y)+10;
00000186    1B63                       	SUBS            R3,x?LCD_Circle,y?LCD_Circle
00000188    0683EB06                   	ADD             d?LCD_Circle,d?LCD_Circle,R3,LSL #2
0000018C    360A                       	ADDS            d?LCD_Circle,#10
;000126                y--;
0000018E    1E6D                       	SUBS            y?LCD_Circle,y?LCD_Circle,#1
;000127            }
                   ??_17_END:
;000128            x++;
00000190    1C64                       	ADDS            x?LCD_Circle,x?LCD_Circle,#1
;000129        }
00000192    E7BF                       	B.N             ??_15_LOOP
                 ??_15_BREAK:
;000130    }
00000194    B002                       	ADD             R13,R13,#8
00000196    8FF0E8BD                   	POP             {R4-R11,R15} 
.ENDF

..\src\gl.c: 410 byte(s), 5456 line(s), 0 error(s), 0 warning(s)

