*******************************************************************************
*                                                                             *
*                 ARM C CROSS COMPILER Version 1.03.121111                    *
*                      Copyright (C) 2009 Phyton, Inc.                        *
*                                                                             *
*******************************************************************************

             LightsOnFunc??T:
;FILE: ..\src\Menu_leds.c
;000026    void LightsOnFunc(void) {
00000000    B5F0                       	PUSH            {R4-R7,R14} 
;000030      LCD_CLS();
00000002    FFFDF7FF                   	BLF             LCD_CLS
;000031      CurrentMethod = MET_AND;
00000006    2104                       	MOVS            R1,#4
00000008    4817                       	LDR             R0,?lr0000	; CurrentMethod
0000000A    6001                       	STR             R1,[R0,#0]
;000032      CurrentFont = &Font_6x8;
0000000C    4817                       	LDR             R0,?lr0001	; Font_6x8
0000000E    4C18                       	LDR             R4,?lr0002	; CurrentFont
00000010    6020                       	STR             R0,[R4,#0]
;000033      LCD_PUTS(0, 0,                       "    Для  возврата   ");
00000012    2000                       	MOVS            R0,#0
00000014    2100                       	MOVS            R1,#0
00000016    4A17                       	LDR             R2,?lr0003	; ?lit00000
00000018    FFF2F7FF                   	BLF             LCD_PUTS
;000034      LCD_PUTS(0, CurrentFont->Height + 2, "     нажмите SEL    ");
0000001C    4A15                       	LDR             R2,?lr0003	; ?lit00000
0000001E    3215                       	ADDS            R2,#21
00000020    6820                       	LDR             R0,[R4,#0]
00000022    7800                       	LDRB            R0,[R0,#0]
00000024    1C80                       	ADDS            R0,R0,#2
00000026    B2C1                       	UXTB            R1,R0
00000028    2000                       	MOVS            R0,#0
0000002A    FFE9F7FF                   	BLF             LCD_PUTS
;000035      WAIT_UNTIL_KEY_RELEASED(SEL);
                     ??_1_DO:
0000002E    FFE7F7FF                   	BLF             GetKey
00000032    2801                       	CMP             R0,#1
00000034    D0FB                       	BEQ.N           ??_1_DO
;000038      CurrentLights = __SHLC(0xFDF05380, LED0_OFS);
00000036    4810                       	LDR             R0,?lr0004	; 0FDF05380h
00000038    4C10                       	LDR             R4,?lr0005	; CurrentLights
0000003A    6020                       	STR             R0,[R4,#0]
;000039      for (tck = 0, tck_led = 0; !KEY_PRESSED(SEL); tck++) {
0000003C    2500                       	MOVS            tck?LightsOnFunc,#0
0000003E    2600                       	MOVS            R6,#0
00000040    4637                       	MOV             tck_led?LightsOnFunc,R6
00000042    E007                       	B.N             ??_2_CHECK
                   ??_2_LOOP:
;000040        if (tck == tck_led) {
00000044    42BD                       	CMP             tck?LightsOnFunc,tck_led?LightsOnFunc
00000046    D104                       	BNE.N           ??_3_ELSE
;000041          tck_led += 35000;
00000048    00B8F648                   	MOV             R0,#88B8h
0000004C    4407                       	ADD             tck_led?LightsOnFunc,R0
;000042          ShiftLights();
0000004E    FFD7F7FF                   	BLF             ShiftLights
;000043        }
                   ??_3_ELSE:
;000044      }
00000052    1C6D                       	ADDS            tck?LightsOnFunc,tck?LightsOnFunc,#1
                  ??_2_CHECK:
00000054    FFD4F7FF                   	BLF             GetKey
00000058    2801                       	CMP             R0,#1
0000005A    D1F3                       	BNE.N           ??_2_LOOP
;000046      CurrentLights = 0x0;
0000005C    6026                       	STR             R6,[R4,#0]
;000047      ShiftLights();
0000005E    FFCFF7FF                   	BLF             ShiftLights
;000048      DisplayMenu();
00000062    FFCDF7FF                   	BLF             DisplayMenu
;000049    }
00000066    BDF0                       	POP             {R4-R7,R15} 

00000068    00000000	?lr0000	.DCD	CurrentMethod	; used 1 time(s)
0000006C    00000000	?lr0001	.DCD	Font_6x8	; used 1 time(s)
00000070    00000000	?lr0002	.DCD	CurrentFont	; used 1 time(s)
00000074    00000000	?lr0003	.DCD	?lit00000	; used 2 time(s)
00000078    FDF05380	?lr0004	.DCD	0FDF05380h	; used 1 time(s)
0000007C    00000000	?lr0005	.DCD	CurrentLights	; used 1 time(s)

.ENDF

..\src\Menu_leds.c: 128 byte(s), 5707 line(s), 0 error(s), 0 warning(s)

