*******************************************************************************
*                                                                             *
*                 ARM C CROSS COMPILER Version 1.03.121111                    *
*                      Copyright (C) 2009 Phyton, Inc.                        *
*                                                                             *
*******************************************************************************

             SysTickStart??T:
;FILE: ..\src\systick.c
;000024    void SysTickStart(u32 ticks) {
;000025        SYS->STRVR = ticks;
00000000    4910                       	LDR             R1,?lr0000	; 0E000E010h
00000002    6048                       	STR             ticks?SysTickStart,[R1,#4]
;000026        SYS->STCSR = mask_SYS_STCSR_ENABLE | mask_SYS_STCSR_TICKINT | mask_SYS_STCSR_CLKSOURCE;
00000004    2207                       	MOVS            R2,#7
00000006    600A                       	STR             R2,[R1,#0]
;000027    }
00000008    4770                       	BX              R14
.ENDF
              SysTickStop??T:
;000030    void SysTickStop() {
;000031        SYS->STCSR &= ~mask_SYS_STCSR_ENABLE;
0000000A    480E                       	LDR             R0,?lr0000	; 0E000E010h
0000000C    6801                       	LDR             R1,[R0,#0]
0000000E    0849                       	LSRS            R1,R1,#1
00000010    0049                       	LSLS            R1,R1,#1
00000012    6001                       	STR             R1,[R0,#0]
;000032    }
00000014    4770                       	BX              R14
.ENDF
          SysTick_Handler??T:
;000036    void SysTick_Handler(void) {
;000037        if (TimerCounter)
00000016    480C                       	LDR             R0,?lr0001	; TimerCounter
00000018    6801                       	LDR             R1,[R0,#0]
0000001A    B111                       	CBZ             R1,??_1_ELSE
;000038            TimerCounter--;
0000001C    6801                       	LDR             R1,[R0,#0]
0000001E    1E49                       	SUBS            R1,R1,#1
00000020    6001                       	STR             R1,[R0,#0]
                   ??_1_ELSE:
;000039    }
00000022    4770                       	BX              R14
.ENDF
             SysTickDelay??T:
;000043    void SysTickDelay(u32 ticks) {
;000044        if (ticks) {
00000024    B160                       	CBZ             ticks?SysTickDelay,??_2_ELSE
;000045            TimerCounter = ticks;
00000026    4A08                       	LDR             R2,?lr0001	; TimerCounter
00000028    6010                       	STR             ticks?SysTickDelay,[R2,#0]
;000026        SYS->STCSR = mask_SYS_STCSR_ENABLE | mask_SYS_STCSR_TICKINT | mask_SYS_STCSR_CLKSOURCE;
0000002A    4906                       	LDR             R1,?lr0000	; 0E000E010h
0000002C    6048                       	STR             ticks?SysTickDelay,[R1,#4]
0000002E    2007                       	MOVS            ticks?SysTickDelay,#7
00000030    6008                       	STR             ticks?SysTickDelay,[R1,#0]
;000047            while (TimerCounter);
                     ??_3_DO:
00000032    6810                       	LDR             R0,[R2,#0]
00000034    2800                       	CMP             R0,#0
00000036    D1FC                       	BNE.N           ??_3_DO
;000031        SYS->STCSR &= ~mask_SYS_STCSR_ENABLE;
00000038    680A                       	LDR             R2,[R1,#0]
0000003A    0852                       	LSRS            R2,R2,#1
0000003C    0052                       	LSLS            R2,R2,#1
0000003E    600A                       	STR             R2,[R1,#0]
;000049        }
                   ??_2_ELSE:
;000050    }
00000040    4770                       	BX              R14

.ALIGN	2
00000044    E000E010	?lr0000	.DCD	0E000E010h	; used 3 time(s)
00000048    00000000	?lr0001	.DCD	TimerCounter	; used 2 time(s)

.ENDF

..\src\systick.c: 76 byte(s), 5116 line(s), 0 error(s), 0 warning(s)

