<html>
<body>
<pre>
<h1>µVision Build Log</h1>
<h2>Project:</h2>
C:\devel\keil-project\blink.uvproj
Project File Date:  01/06/2015

<h2>Output:</h2>
Rebuild target 'Target 1'
assembling startup_MDR32F9x.s...
compiling main.c...
main.c(31): warning:  #174-D: expression has no effect
                for(i=0; i<10000; i++) __NOP;
main.c(33): warning:  #174-D: expression has no effect
                for(i=0; i<10000; i++) __NOP;
main.c(36): warning:  #111-D: statement is unreachable
        return 0;
main.c(38): warning:  #1-D: last line of file ends without a newline
  }
main.c: 4 warnings, 0 errors
compiling system_MDR32F9x.c...
linking...
Program Size: Code=688 RO-data=224 RW-data=8 ZI-data=1632  
FromELF: creating hex file...
".\blink.axf" - 0 Error(s), 4 Warning(s).
warning and 1 error messages.
".\blink.axf" - 1 Error(s), 4 Warning(s).
Target not created
ine
  }
main.c: 4 warnings, 3 errors
".\blink.axf" - 3 Error(s), 4 Warning(s).
Target not created
