*******************************************************************************
*                                                                             *
*                 ARM C CROSS COMPILER Version 1.03.121111                    *
*                      Copyright (C) 2009 Phyton, Inc.                        *
*                                                                             *
*******************************************************************************

Warning[C144] ..\src\Main.c(126,0): 'dat' declared but never used in function 'main'
Warning[C144] ..\src\Main.c(126,0): 'j' declared but never used in function 'main'
               PrintImage??T:
;FILE: ..\Inc\image.h
;000439    void PrintImage(u32 mas)
00000000    43F0E92D                   	PUSH            {R4-R9,R14} 
00000004    4681                       	MOV             R9,R0
;000444      LCD_CLS();
00000006    FFFBF7FF                   	BLF             LCD_CLS
;000445      CurrentMethod = MET_OR;
0000000A    2100                       	MOVS            R1,#0
0000000C    483C                       	LDR             R0,?lr0000	; CurrentMethod
0000000E    6001                       	STR             R1,[R0,#0]
;000447      for(i=0;i<8;i++)
00000010    460C                       	MOV             i?PrintImage,R1
                   ??_1_LOOP:
;000448      {
;000449        adr = 63-size_x[mas]/2;
00000012    0689EA4F                   	LSL             R6,mas?PrintImage,#2
00000016    493B                       	LDR             R1,?lr0001	; size_x
00000018    5871                       	LDR             R1,[R6,R1]
0000001A    0849                       	LSRS            R1,R1,#1
0000001C    053FF1C1                   	RSB             adr?PrintImage,R1,#63
;000450        SetCrystal(0);
00000020    2000                       	MOVS            R0,#0
00000022    FFEDF7FF                   	BLF             SetCrystal
;000451        LCD_SET_PAGE(i);
00000026    00B8F044                   	ORR             R0,i?PrintImage,#0B8h
0000002A    B2C0                       	UXTB            R0,R0
0000002C    4680                       	MOV             R8,R0
0000002E    FFE7F7FF                   	BLF             WriteLCD_Cmd
;000452        LCD_SET_ADDRESS(adr);
00000032    0040F045                   	ORR             R0,adr?PrintImage,#64
00000036    B2C0                       	UXTB            R0,R0
00000038    FFE2F7FF                   	BLF             WriteLCD_Cmd
;000454        for(j=0;j<size_x[mas];j++)
0000003C    2700                       	MOVS            j?PrintImage,#0
0000003E    E055                       	B.N             ??_2_CHECK
                   ??_2_LOOP:
;000455        {
;000456          if(adr == 64)
00000040    2D40                       	CMP             adr?PrintImage,#64
00000042    D109                       	BNE.N           ??_3_ELSE
;000457          {
;000458            adr = 0;
00000044    2500                       	MOVS            adr?PrintImage,#0
;000459            SetCrystal(1);
00000046    2001                       	MOVS            R0,#1
00000048    FFDAF7FF                   	BLF             SetCrystal
;000460            LCD_SET_PAGE(i);
0000004C    4640                       	MOV             R0,R8
0000004E    FFD7F7FF                   	BLF             WriteLCD_Cmd
;000461            LCD_SET_ADDRESS(adr);
00000052    2040                       	MOVS            R0,#64
00000054    FFD4F7FF                   	BLF             WriteLCD_Cmd
;000462          }
                   ??_3_ELSE:
;000464          switch(mas)
00000058    0F01F1B9                   	CMP             mas?PrintImage,#1
0000005C    D00D                       	BEQ.N           ??_4_CASE_1
0000005E    0F02F1B9                   	CMP             mas?PrintImage,#2
00000062    D010                       	BEQ.N           ??_4_CASE_2
00000064    0F03F1B9                   	CMP             mas?PrintImage,#3
00000068    D013                       	BEQ.N           ??_4_CASE_3
0000006A    0F00F1B9                   	CMP             mas?PrintImage,#0
0000006E    D13B                       	BNE.N           ??_4_BREAK
;000465          {
;000467                  WriteLCD_Data(0xFF-(unsigned char)(BitSwap(LDM_IMAGE[j][i])));        // IMAGE LDM
00000070    4924                       	LDR             R1,?lr0001	; size_x
00000072    01C7EB01                   	ADD             R1,R1,j?PrintImage,LSL #3
00000076    3110                       	ADDS            R1,#16
;000468            break;
00000078    E00E                       	B.N             ??_18_COMMON
                 ??_4_CASE_1:
;000471                  WriteLCD_Data(0xFF-(unsigned char)(BitSwap(MILANDR_IMAGE[j][i])));        // IMAGE MILANDR
0000007A    4823                       	LDR             R0,?lr0002	; MELT_IMAGE
0000007C    00C7EB00                   	ADD             R0,R0,j?PrintImage,LSL #3
00000080    716CF500                   	ADD             R1,R0,#3B0h
;000472            break;
00000084    E008                       	B.N             ??_19_COMMON
                 ??_4_CASE_2:
;000475                  WriteLCD_Data(0xFF-(unsigned char)(BitSwap(PHYTON_IMAGE[j][i])));        // IMAGE PHYTON
00000086    4820                       	LDR             R0,?lr0002	; MELT_IMAGE
00000088    00C7EB00                   	ADD             R0,R0,j?PrintImage,LSL #3
0000008C    61C2F500                   	ADD             R1,R0,#610h
;000476            break;
00000090    E002                       	B.N             ??_20_COMMON
                 ??_4_CASE_3:
;000479                  WriteLCD_Data(0xFF-(unsigned char)(BitSwap(MELT_IMAGE[j][i])));        // IMAGE MELT
00000092    481D                       	LDR             R0,?lr0002	; MELT_IMAGE
00000094    01C7EB00                   	ADD             R1,R0,j?PrintImage,LSL #3
                ??_18_COMMON:
                ??_19_COMMON:
                ??_20_COMMON:
00000098    5C60                       	LDRB            R0,[i?PrintImage,R1]
0000009A    0140                       	LSLS            R0,R0,#5
0000009C    0240F000                   	AND             R2,R0,#64
000000A0    5C60                       	LDRB            R0,[i?PrintImage,R1]
000000A2    12C0EA42                   	ORR             R2,R2,R0,LSL #7
000000A6    5C60                       	LDRB            R0,[i?PrintImage,R1]
000000A8    00C0                       	LSLS            R0,R0,#3
000000AA    0020F000                   	AND             R0,R0,#32
000000AE    4302                       	ORRS            R2,R0
000000B0    5C60                       	LDRB            R0,[i?PrintImage,R1]
000000B2    0040                       	LSLS            R0,R0,#1
000000B4    0010F000                   	AND             R0,R0,#16
000000B8    4302                       	ORRS            R2,R0
000000BA    5C60                       	LDRB            R0,[i?PrintImage,R1]
000000BC    0843                       	LSRS            R3,R0,#1
000000BE    0008F003                   	AND             R0,R3,#8
000000C2    4302                       	ORRS            R2,R0
000000C4    5C60                       	LDRB            R0,[i?PrintImage,R1]
000000C6    08C3                       	LSRS            R3,R0,#3
000000C8    0004F003                   	AND             R0,R3,#4
000000CC    4302                       	ORRS            R2,R0
000000CE    5C60                       	LDRB            R0,[i?PrintImage,R1]
000000D0    0943                       	LSRS            R3,R0,#5
000000D2    0002F003                   	AND             R0,R3,#2
000000D6    4302                       	ORRS            R2,R0
000000D8    5C60                       	LDRB            R0,[i?PrintImage,R1]
000000DA    10D0EA42                   	ORR             R0,R2,R0,LSR #7
000000DE    00FFF1C0                   	RSB             R0,R0,#0FFh
000000E2    B2C0                       	UXTB            R0,R0
000000E4    FF8CF7FF                   	BLF             WriteLCD_Data
;000480            break;
;000481          }
                  ??_4_BREAK:
;000483          adr++;
000000E8    1C6D                       	ADDS            adr?PrintImage,adr?PrintImage,#1
;000484        }
000000EA    1C7F                       	ADDS            j?PrintImage,j?PrintImage,#1
                  ??_2_CHECK:
000000EC    4905                       	LDR             R1,?lr0001	; size_x
000000EE    5871                       	LDR             R1,[R6,R1]
000000F0    428F                       	CMP             j?PrintImage,R1
000000F2    D3A5                       	BCC.N           ??_2_LOOP
;000485      }
000000F4    1C64                       	ADDS            i?PrintImage,i?PrintImage,#1
000000F6    2C08                       	CMP             i?PrintImage,#8
000000F8    D38B                       	BCC.N           ??_1_LOOP
;000486    }
000000FA    83F0E8BD                   	POP             {R4-R9,R15} 

.ALIGN	2
00000100    00000000	?lr0000	.DCD	CurrentMethod	; used 1 time(s)
00000104    00000000	?lr0001	.DCD	size_x	; used 3 time(s)
00000108    00000350	?lr0002	.DCD	MELT_IMAGE	; used 3 time(s)

.ENDF
                    delay??T:
;FILE: ..\src\Main.c
;000029    void delay(u32 data)
;000033      for(i=0;i<data;i++)
0000010C    2100                       	MOVS            i?delay,#0
0000010E    E004                       	B.N             ??_5_CHECK
                   ??_5_LOOP:
;000034      {
;000035        __NOP();
00000110    BF00                       	NOP             
;000036        __NOP();
00000112    BF00                       	NOP             
;000037        __NOP();
00000114    BF00                       	NOP             
;000038        __NOP();
00000116    BF00                       	NOP             
;000039      }
00000118    1C49                       	ADDS            i?delay,i?delay,#1
                  ??_5_CHECK:
0000011A    4281                       	CMP             i?delay,data?delay
0000011C    D3F8                       	BCC.N           ??_5_LOOP
;000040    }
0000011E    4770                       	BX              R14
.ENDF
        Frequency_CLK_PLL??T:
;000043    void Frequency_CLK_PLL(unsigned pll_on, unsigned int pll_mul)
00000120    B510                       	PUSH            {R4,R14} 
;000048      RST_CLK->HS_CONTROL = 0b01;                     // Включаем внешний резонатор HSE
00000122    2301                       	MOVS            R3,#1
00000124    4A0D                       	LDR             R2,?lr0003	; 40020000h
00000126    6093                       	STR             R3,[R2,#8]
;000049      while (RST_CLK->CLOCK_STATUS == 0b000) __NOP();  // Ожидаем запуска HSE и PLL
00000128    E000                       	B.N             ??_6_CONTINUE
                     ??_6_DO:
0000012A    BF00                       	NOP             
               ??_6_CONTINUE:
0000012C    6813                       	LDR             R3,[R2,#0]
0000012E    2B00                       	CMP             R3,#0
00000130    D0FB                       	BEQ.N           ??_6_DO
;000050      RST_CLK->CPU_CLOCK = 0b0100000010;              // Включаем CPU_CLK
00000132    7381F44F                   	MOV             R3,#102h
00000136    60D3                       	STR             R3,[R2,#12]
;000053      if(pll_on == 1)
00000138    2801                       	CMP             pll_on?Frequency_CLK_PLL,#1
0000013A    D10D                       	BNE.N           ??_7_ELSE
;000054      {
;000055        RST_CLK->PLL_CONTROL = (pll_on<<2)|(pll_mul<<8);    // Вкл PLL
0000013C    0080                       	LSLS            pll_on?Frequency_CLK_PLL,pll_on?Frequency_CLK_PLL,#2
0000013E    2301EA40                   	ORR             R3,pll_on?Frequency_CLK_PLL,pll_mul?Frequency_CLK_PLL,LSL #8
00000142    6053                       	STR             R3,[R2,#4]
;000056        dddd   = (pll_on<<2)|(pll_mul<<8);
00000144    4C06                       	LDR             R4,?lr0004	; dddd
00000146    6023                       	STR             R3,[R4,#0]
;000057        while (RST_CLK->CLOCK_STATUS < 0b110) __NOP();  // Ожидаем запуска HSE и PLL
00000148    E000                       	B.N             ??_8_CONTINUE
                     ??_8_DO:
0000014A    BF00                       	NOP             
               ??_8_CONTINUE:
0000014C    6813                       	LDR             R3,[R2,#0]
0000014E    2B06                       	CMP             R3,#6
00000150    D3FB                       	BCC.N           ??_8_DO
;000059        RST_CLK->CPU_CLOCK = 0b0100000110;              // Включаем CPU_CLK
00000152    7383F44F                   	MOV             R3,#106h
00000156    60D3                       	STR             R3,[R2,#12]
;000060      }
                   ??_7_ELSE:
;000061    }
00000158    BD10                       	POP             {R4,R15} 

.ALIGN	2
0000015C    40020000	?lr0003	.DCD	40020000h	; used 1 time(s)
00000160    00000000	?lr0004	.DCD	dddd	; used 1 time(s)

.ENDF
                 PauzaSET??T:
;000066    u32 PauzaSET(u32 time)
00000164    B510                       	PUSH            {R4,R14} 
;000070      tm = time;
00000166    4604                       	MOV             tm?PauzaSET,time?PauzaSET
;000072      while(tm != 0)
00000168    E00E                       	B.N             ??_9_CONTINUE
                     ??_9_DO:
;000073      {
;000074        tm--;
0000016A    1E64                       	SUBS            tm?PauzaSET,tm?PauzaSET,#1
;000076        if(GetKey() == 1)
0000016C    FF48F7FF                   	BLF             GetKey
00000170    2801                       	CMP             R0,#1
00000172    D101                       	BNE.N           ??_10_ELSE
;000077        {
;000078          return 0;
00000174    2000                       	MOVS            R0,#0
00000176    BD10                       	POP             {R4,R15} 
;000079        }
                  ??_10_ELSE:
;000030    {
;000033      for(i=0;i<data;i++)
00000178    2100                       	MOVS            R1,#0
                  ??_11_LOOP:
;000034      {
;000035        __NOP();
0000017A    BF00                       	NOP             
;000036        __NOP();
0000017C    BF00                       	NOP             
;000037        __NOP();
0000017E    BF00                       	NOP             
;000038        __NOP();
00000180    BF00                       	NOP             
;000039      }
00000182    1C49                       	ADDS            R1,R1,#1
00000184    29FF                       	CMP             R1,#0FFh
00000186    D3F8                       	BCC.N           ??_11_LOOP
;000040    }
;000081      }
               ??_9_CONTINUE:
00000188    2C00                       	CMP             tm?PauzaSET,#0
0000018A    D1EE                       	BNE.N           ??_9_DO
;000083      return 1;
0000018C    2001                       	MOVS            R0,#1
;000084    }
0000018E    BD10                       	POP             {R4,R15} 
.ENDF
                     main??T:
;000086    void main(void) {
00000190    B500                       	PUSH            {R14} 
;000089      Frequency_CLK_PLL(0, 0);           // Вкл. генератор CLK
00000192    2000                       	MOVS            R0,#0
00000194    2100                       	MOVS            R1,#0
00000196    FFC3F7FF                   	BLF             Frequency_CLK_PLL??T
;000090      RST_CLK->PER_CLOCK = 0xFFFFFFFF;   // Включаем CLK на порты
0000019A    31FFF04F                   	MOV             R1,#-1
0000019E    481C                       	LDR             R0,?lr0005	; 4002001Ch
000001A0    6001                       	STR             R1,[R0,#0]
;000092      LCD_INIT();
000001A2    FF2DF7FF                   	BLF             LCD_INIT
;000093      InitPortLED();
000001A6    FF2BF7FF                   	BLF             InitPortLED
;000094      InitPortJoystick();
000001AA    FF29F7FF                   	BLF             InitPortJoystick
;000097      while(GetKey() != 1)
000001AE    E01F                       	B.N             ??_12_CONTINUE
                    ??_12_DO:
;000098      {
;000099        PrintImage(0);
000001B0    2000                       	MOVS            R0,#0
000001B2    FF25F7FF                   	BLF             PrintImage??T
;000100        if(PauzaSET(0x2FFF) == 0)
000001B6    70FFF642                   	MOV             R0,#2FFFh
000001BA    FFD3F7FF                   	BLF             PauzaSET??T
;000101          goto end;
000001BE    B1D8                       	CBZ             R0,??_end_main
;000104        PrintImage(1);
000001C0    2001                       	MOVS            R0,#1
000001C2    FF1DF7FF                   	BLF             PrintImage??T
;000105        if(PauzaSET(0x2FFF) == 0)
000001C6    70FFF642                   	MOV             R0,#2FFFh
000001CA    FFCBF7FF                   	BLF             PauzaSET??T
;000106          goto end;
000001CE    B198                       	CBZ             R0,??_end_main
;000108        PrintImage(2);
000001D0    2002                       	MOVS            R0,#2
000001D2    FF15F7FF                   	BLF             PrintImage??T
;000109        if(PauzaSET(0x1FFF) == 0)
000001D6    70FFF641                   	MOV             R0,#1FFFh
000001DA    FFC3F7FF                   	BLF             PauzaSET??T
;000110          goto end;
000001DE    B158                       	CBZ             R0,??_end_main
;000112        PrintImage(3);
000001E0    2003                       	MOVS            R0,#3
000001E2    FF0DF7FF                   	BLF             PrintImage??T
;000113        if(PauzaSET(0x1FFF) == 0)
000001E6    70FFF641                   	MOV             R0,#1FFFh
000001EA    FFBBF7FF                   	BLF             PauzaSET??T
;000114          goto end;
000001EE    B118                       	CBZ             R0,??_end_main
;000115      }
              ??_12_CONTINUE:
000001F0    FF06F7FF                   	BLF             GetKey
000001F4    2801                       	CMP             R0,#1
000001F6    D1DB                       	BNE.N           ??_12_DO
                 ??_end_main:
;000119      while(GetKey() != 0);
                    ??_17_DO:
000001F8    FF02F7FF                   	BLF             GetKey
000001FC    2800                       	CMP             R0,#0
000001FE    D1FB                       	BNE.N           ??_17_DO
;000123      Menu_Init();
00000200    FEFEF7FF                   	BLF             Menu_Init
;000124      DisplayMenu();
00000204    FEFCF7FF                   	BLF             DisplayMenu
;000125      ReadKey();
00000208    FEFAF7FF                   	BLF             ReadKey
;000126    }
0000020C    BD00                       	POP             {R15} 

.ALIGN	2
00000210    4002001C	?lr0005	.DCD	4002001Ch	; used 1 time(s)

.ENDF

..\src\Main.c: 532 byte(s), 6697 line(s), 0 error(s), 2 warning(s)

