# ARM MACRO ASSEMBLER 1.01.120201
# Copyright (C) 2009 Phyton, Inc.
#
# Target: Cortex-M3
# 2013/08/25 23:42:24

startup_1986BE9x.mca     1                    ;/*****************************************************************************
startup_1986BE9x.mca     2                    ; * @file:    startup_1986BE9x.mca
startup_1986BE9x.mca     3                    ; * @author   Phyton Application Team
startup_1986BE9x.mca     4                    ; * @version: V1.1
startup_1986BE9x.mca     5                    ; * @date:    25/03/2011
startup_1986BE9x.mca     6                    ; * @brief:   Milandr Cortex Device CMSIS Startup File for the devices:
startup_1986BE9x.mca     7                    ; *           1986BE91T, 1986BE92Y, 1986BE93Y
startup_1986BE9x.mca     8                    ; *****************************************************************************
startup_1986BE9x.mca     9                    ; * <br><br>
startup_1986BE9x.mca    10                    ; *
startup_1986BE9x.mca    11                    ; * THE PRESENT FIRMWARE WHICH IS FOR GUIDANCE ONLY AIMS AT PROVIDING CUSTOMERS
startup_1986BE9x.mca    12                    ; * WITH CODING INFORMATION REGARDING THEIR PRODUCTS IN ORDER FOR THEM TO SAVE
startup_1986BE9x.mca    13                    ; * TIME. AS A RESULT, PHYTON SHALL NOT BE HELD LIABLE FOR ANY DIRECT, INDIRECT
startup_1986BE9x.mca    14                    ; * OR CONSEQUENTIAL DAMAGES WITH RESPECT TO ANY CLAIMS ARISING
startup_1986BE9x.mca    15                    ; * FROM THE CONTENT OF SUCH FIRMWARE AND/OR THE USE MADE BY CUSTOMERS OF THE
startup_1986BE9x.mca    16                    ; * CODING INFORMATION CONTAINED HEREIN IN CONNECTION WITH THEIR PRODUCTS.
startup_1986BE9x.mca    17                    ; *
startup_1986BE9x.mca    18                    ; * <h2><center>&copy; COPYRIGHT 2010 Phyton</center></h2>
startup_1986BE9x.mca    19                    ; *****************************************************************************
startup_1986BE9x.mca    20                    ; * FILE startup_1986BE9x.mca
startup_1986BE9x.mca    21                    ; */
startup_1986BE9x.mca    22                    
startup_1986BE9x.mca    23                    .PMODULE  ?startup_device
startup_1986BE9x.mca    24                    
startup_1986BE9x.mca    25                        .IF .NOT .DEFINED __VECTORS_ADDR
startup_1986BE9x.mca    27                        .ENDIF
startup_1986BE9x.mca    28                    
startup_1986BE9x.mca    29                        .PUBLIC  __Vectors
startup_1986BE9x.mca    30                        .PUBLIC  __Vectors_End
startup_1986BE9x.mca    31                    
startup_1986BE9x.mca    32                        .EXTRN(code) ?start
startup_1986BE9x.mca    33                    
startup_1986BE9x.mca    34                        .RSEG CSTACK,data
startup_1986BE9x.mca    35                        .ALIGN  3
startup_1986BE9x.mca    36                    
startup_1986BE9x.mca    37                        .ASEG INTVEC,code
startup_1986BE9x.mca    38                        .ALIGN  6
startup_1986BE9x.mca    39 08000000               .ORG  __VECTORS_ADDR             ; if vector table is located in RAM,
startup_1986BE9x.mca    40                                                         ; change this value
startup_1986BE9x.mca    41                    
startup_1986BE9x.mca    42                    SET_HANDLER .MACRO Name
startup_1986BE9x.mca    46                    
startup_1986BE9x.mca    47 08000000           __Vectors .LABELD
startup_1986BE9x.mca    48 08000000 01000000      .DCD            (.SFE CSTACK) + 1       ; Top of Stack
startup_1986BE9x.mca    49 08000004               SET_HANDLER     Reset_Handler           ; Reset Handler
startup_1986BE9x.mca    50 08000008               SET_HANDLER     NMI_Handler             ; NMI Handler
startup_1986BE9x.mca    51 0800000C               SET_HANDLER     HardFault_Handler       ; Hard Fault Handler
startup_1986BE9x.mca    52 08000010               SET_HANDLER     MemManage_Handler       ; MPU Fault Handler
startup_1986BE9x.mca    53 08000014               SET_HANDLER     BusFault_Handler        ; Bus Fault Handler
startup_1986BE9x.mca    54 08000018               SET_HANDLER     UsageFault_Handler      ; Usage Fault Handler
startup_1986BE9x.mca    55 0800001C 00000000      .DCD     0                              ; Reserved
startup_1986BE9x.mca    56 08000020 00000000      .DCD     0                              ; Reserved
startup_1986BE9x.mca    57 08000024 00000000      .DCD     0                              ; Reserved
startup_1986BE9x.mca    58 08000028 00000000      .DCD     0                              ; Reserved
startup_1986BE9x.mca    59 0800002C               SET_HANDLER     SVC_Handler             ; SVCall Handler
startup_1986BE9x.mca    60 08000030               SET_HANDLER     DebugMon_Handler        ; Debug Monitor Handler
startup_1986BE9x.mca    61 08000034 00000000      .DCD     0                              ; Reserved
startup_1986BE9x.mca    62 08000038               SET_HANDLER     PendSV_Handler          ; PendSV Handler
startup_1986BE9x.mca    63 0800003C               SET_HANDLER     SysTick_Handler         ; SysTick Handler
startup_1986BE9x.mca    64                        ; Interrupt Handlers
startup_1986BE9x.mca    65 08000040               SET_HANDLER     CAN1_IRQHandler         ; IRQ0
startup_1986BE9x.mca    66 08000044               SET_HANDLER     CAN2_IRQHandler         ; IRQ1
startup_1986BE9x.mca    67 08000048               SET_HANDLER     USB_IRQHandler          ; IRQ2
startup_1986BE9x.mca    68 0800004C 00000000      .DCD     0                              ; IRQ3 Reserved
startup_1986BE9x.mca    69 08000050 00000000      .DCD     0                              ; IRQ4 Reserved
startup_1986BE9x.mca    70 08000054               SET_HANDLER     DMA_IRQHandler          ; IRQ5
startup_1986BE9x.mca    71 08000058               SET_HANDLER     UART1_IRQHandler        ; IRQ6
startup_1986BE9x.mca    72 0800005C               SET_HANDLER     UART2_IRQHandler        ; IRQ7
startup_1986BE9x.mca    73 08000060               SET_HANDLER     SSP1_IRQHandler         ; IRQ8
startup_1986BE9x.mca    74 08000064 00000000      .DCD     0                              ; IRQ9 Reserved
startup_1986BE9x.mca    75 08000068               SET_HANDLER     I2C_IRQHandler          ; IRQ10
startup_1986BE9x.mca    76 0800006C               SET_HANDLER     POWER_IRQHandler        ; IRQ11
startup_1986BE9x.mca    77 08000070               SET_HANDLER     WWDG_IRQHandler         ; IRQ12
startup_1986BE9x.mca    78 08000074 00000000      .DCD     0                              ; IRQ13 Reserved
startup_1986BE9x.mca    79 08000078               SET_HANDLER     Timer1_IRQHandler       ; IRQ14
startup_1986BE9x.mca    80 0800007C               SET_HANDLER     Timer2_IRQHandler       ; IRQ15
startup_1986BE9x.mca    81 08000080               SET_HANDLER     Timer3_IRQHandler       ; IRQ16
startup_1986BE9x.mca    82 08000084               SET_HANDLER     ADC_IRQHandler          ; IRQ17
startup_1986BE9x.mca    83 08000088 00000000      .DCD     0                              ; IRQ18 Reserved
startup_1986BE9x.mca    84 0800008C               SET_HANDLER     COMPARATOR_IRQHandler   ; IRQ19
startup_1986BE9x.mca    85 08000090               SET_HANDLER     SSP2_IRQHandler         ; IRQ20
startup_1986BE9x.mca    86 08000094 00000000      .DCD     0                              ; IRQ21 Reserved
startup_1986BE9x.mca    87 08000098 00000000      .DCD     0                              ; IRQ22 Reserved
startup_1986BE9x.mca    88 0800009C 00000000      .DCD     0                              ; IRQ23 Reserved
startup_1986BE9x.mca    89 080000A0 00000000      .DCD     0                              ; IRQ24 Reserved
startup_1986BE9x.mca    90 080000A4 00000000      .DCD     0                              ; IRQ25 Reserved
startup_1986BE9x.mca    91 080000A8 00000000      .DCD     0                              ; IRQ26 Reserved
startup_1986BE9x.mca    92 080000AC               SET_HANDLER     BACKUP_IRQHandler       ; IRQ27
startup_1986BE9x.mca    93 080000B0               SET_HANDLER     EXT_INT1_IRQHandler     ; IRQ28
startup_1986BE9x.mca    94 080000B4               SET_HANDLER     EXT_INT2_IRQHandler     ; IRQ29
startup_1986BE9x.mca    95 080000B8               SET_HANDLER     EXT_INT3_IRQHandler     ; IRQ30
startup_1986BE9x.mca    96 080000BC               SET_HANDLER     EXT_INT4_IRQHandler     ; IRQ31
startup_1986BE9x.mca    97                    
startup_1986BE9x.mca    98 080000C0           __Vectors_End .LABELD
startup_1986BE9x.mca    99                    
startup_1986BE9x.mca   100                    .ENDMOD
Module ?startup_device: 192 byte(s), 77 line(s)
startup_1986BE9x.mca   125          
startup_1986BE9x.mca   101                    
startup_1986BE9x.mca   102                    
startup_1986BE9x.mca   103                    ;=====================================================================;
startup_1986BE9x.mca   104                    ;                                                                     ;
startup_1986BE9x.mca   105                    ;                     Default Reset handler                           ;
startup_1986BE9x.mca   106                    ;                                                                     ;
startup_1986BE9x.mca   107                    ;=====================================================================;
startup_1986BE9x.mca   108                    .LMODULE2 ?Reset_Handler
startup_1986BE9x.mca   109                    .PUBLIC Reset_Handler
startup_1986BE9x.mca   110                    .EXTRN(code) ?start
startup_1986BE9x.mca   111                    .EXTRNF16 SystemInit .VOID(.VOID)
startup_1986BE9x.mca   112                    
startup_1986BE9x.mca   113                    .RSEG CSTACK,data
startup_1986BE9x.mca   114                    .RSEG ??DEFAULT_HANDLERS,code
startup_1986BE9x.mca   115                        .THUMB
startup_1986BE9x.mca   116 00000000           Reset_Handler?T:
startup_1986BE9x.mca   117 00000001           Reset_Handler   .EQU    Reset_Handler?T+1
startup_1986BE9x.mca   118                    .FUNCTYPE .VOID Reset_Handler(.VOID)
startup_1986BE9x.mca   119 00000000 4803          LDR     R0, =(.SFE CSTACK) + 1
startup_1986BE9x.mca   120 00000002 8808F380      MSR     MSP, R0
startup_1986BE9x.mca   121 00000006 4803          LDR     R0, =SystemInit
startup_1986BE9x.mca   122 00000008 4780          BLX     R0
startup_1986BE9x.mca   123 0000000A 4803          LDR     R0, =?start
startup_1986BE9x.mca   124 0000000C 4700          BX      R0
startup_1986BE9x.mca   125 00000010 00000001
                   00000014 00000000
                   00000018 00000000
startup_1986BE9x.mca   125                    .ENDMOD
Module ?Reset_Handler: 26 byte(s), 17 line(s)
startup_1986BE9x.mca   126                    
startup_1986BE9x.mca   127                    
startup_1986BE9x.mca   128                    ;=====================================================================;
startup_1986BE9x.mca   129                    ;                                                                     ;
startup_1986BE9x.mca   130                    ;                     Default interrupt handlers                      ;
startup_1986BE9x.mca   131                    ;                                                                     ;
startup_1986BE9x.mca   132                    ;=====================================================================;
startup_1986BE9x.mca   133                    .LMODULE2 ?NMI_Handler
startup_1986BE9x.mca   134                    .PUBLIC NMI_Handler
startup_1986BE9x.mca   135                    .RSEG ??DEFAULT_HANDLERS,code
startup_1986BE9x.mca   136                        .THUMB
startup_1986BE9x.mca   137 00000000           NMI_Handler?T:
startup_1986BE9x.mca   138 00000001           NMI_Handler .EQU  NMI_Handler?T+1
startup_1986BE9x.mca   139                    .FUNCTYPE .VOID NMI_Handler(.VOID)
startup_1986BE9x.mca   140 00000000 E7FE          B       $
startup_1986BE9x.mca   141                    .ENDMOD
Module ?NMI_Handler: 2 byte(s), 8 line(s)
startup_1986BE9x.mca   142                    
startup_1986BE9x.mca   143                    
startup_1986BE9x.mca   144                    .LMODULE2 ?HardFault_Handler
startup_1986BE9x.mca   145                    .PUBLIC HardFault_Handler
startup_1986BE9x.mca   146                    .RSEG ??DEFAULT_HANDLERS,code
startup_1986BE9x.mca   147                        .THUMB
startup_1986BE9x.mca   148 00000000           HardFault_Handler?T:
startup_1986BE9x.mca   149 00000001           HardFault_Handler .EQU  HardFault_Handler?T+1
startup_1986BE9x.mca   150                    .FUNCTYPE .VOID HardFault_Handler(.VOID)
startup_1986BE9x.mca   151 00000000 E7FE          B       $
startup_1986BE9x.mca   152                    .ENDMOD
Module ?HardFault_Handler: 2 byte(s), 8 line(s)
startup_1986BE9x.mca   153                    
startup_1986BE9x.mca   154                    
startup_1986BE9x.mca   155                    .LMODULE2 ?MemManage_Handler
startup_1986BE9x.mca   156                    .PUBLIC MemManage_Handler
startup_1986BE9x.mca   157                    .RSEG ??DEFAULT_HANDLERS,code
startup_1986BE9x.mca   158                        .THUMB
startup_1986BE9x.mca   159 00000000           MemManage_Handler?T:
startup_1986BE9x.mca   160 00000001           MemManage_Handler .EQU  MemManage_Handler?T+1
startup_1986BE9x.mca   161                    .FUNCTYPE .VOID MemManage_Handler(.VOID)
startup_1986BE9x.mca   162 00000000 E7FE          B       $
startup_1986BE9x.mca   163                    .ENDMOD
Module ?MemManage_Handler: 2 byte(s), 8 line(s)
startup_1986BE9x.mca   164                    
startup_1986BE9x.mca   165                    
startup_1986BE9x.mca   166                    .LMODULE2 ?BusFault_Handler
startup_1986BE9x.mca   167                    .PUBLIC BusFault_Handler
startup_1986BE9x.mca   168                    .RSEG ??DEFAULT_HANDLERS,code
startup_1986BE9x.mca   169                        .THUMB
startup_1986BE9x.mca   170 00000000           BusFault_Handler?T:
startup_1986BE9x.mca   171 00000001           BusFault_Handler .EQU  BusFault_Handler?T+1
startup_1986BE9x.mca   172                    .FUNCTYPE .VOID BusFault_Handler(.VOID)
startup_1986BE9x.mca   173 00000000 E7FE          B       $
startup_1986BE9x.mca   174                    .ENDMOD
Module ?BusFault_Handler: 2 byte(s), 8 line(s)
startup_1986BE9x.mca   175                    
startup_1986BE9x.mca   176                    
startup_1986BE9x.mca   177                    .LMODULE2 ?UsageFault_Handler
startup_1986BE9x.mca   178                    .PUBLIC UsageFault_Handler
startup_1986BE9x.mca   179                    .RSEG ??DEFAULT_HANDLERS,code
startup_1986BE9x.mca   180                        .THUMB
startup_1986BE9x.mca   181 00000000           UsageFault_Handler?T:
startup_1986BE9x.mca   182 00000001           UsageFault_Handler .EQU  UsageFault_Handler?T+1
startup_1986BE9x.mca   183                    .FUNCTYPE .VOID UsageFault_Handler(.VOID)
startup_1986BE9x.mca   184 00000000 E7FE          B       $
startup_1986BE9x.mca   185                    .ENDMOD
Module ?UsageFault_Handler: 2 byte(s), 8 line(s)
startup_1986BE9x.mca   186                    
startup_1986BE9x.mca   187                    
startup_1986BE9x.mca   188                    .LMODULE2 ?SVC_Handler
startup_1986BE9x.mca   189                    .PUBLIC SVC_Handler
startup_1986BE9x.mca   190                    .RSEG ??DEFAULT_HANDLERS,code
startup_1986BE9x.mca   191                        .THUMB
startup_1986BE9x.mca   192 00000000           SVC_Handler?T:
startup_1986BE9x.mca   193 00000001           SVC_Handler .EQU  SVC_Handler?T+1
startup_1986BE9x.mca   194                    .FUNCTYPE .VOID SVC_Handler(.VOID)
startup_1986BE9x.mca   195 00000000 E7FE          B       $
startup_1986BE9x.mca   196                    .ENDMOD
Module ?SVC_Handler: 2 byte(s), 8 line(s)
startup_1986BE9x.mca   197                    
startup_1986BE9x.mca   198                    
startup_1986BE9x.mca   199                    .LMODULE2 ?DebugMon_Handler
startup_1986BE9x.mca   200                    .PUBLIC DebugMon_Handler
startup_1986BE9x.mca   201                    .RSEG ??DEFAULT_HANDLERS,code
startup_1986BE9x.mca   202                        .THUMB
startup_1986BE9x.mca   203 00000000           DebugMon_Handler?T:
startup_1986BE9x.mca   204 00000001           DebugMon_Handler .EQU  DebugMon_Handler?T+1
startup_1986BE9x.mca   205                    .FUNCTYPE .VOID DebugMon_Handler(.VOID)
startup_1986BE9x.mca   206 00000000 E7FE          B       $
startup_1986BE9x.mca   207                    .ENDMOD
Module ?DebugMon_Handler: 2 byte(s), 8 line(s)
startup_1986BE9x.mca   208                    
startup_1986BE9x.mca   209                    
startup_1986BE9x.mca   210                    .LMODULE2 ?PendSV_Handler
startup_1986BE9x.mca   211                    .PUBLIC PendSV_Handler
startup_1986BE9x.mca   212                    .RSEG ??DEFAULT_HANDLERS,code
startup_1986BE9x.mca   213                        .THUMB
startup_1986BE9x.mca   214 00000000           PendSV_Handler?T:
startup_1986BE9x.mca   215 00000001           PendSV_Handler .EQU  PendSV_Handler?T+1
startup_1986BE9x.mca   216                    .FUNCTYPE .VOID PendSV_Handler(.VOID)
startup_1986BE9x.mca   217 00000000 E7FE          B       $
startup_1986BE9x.mca   218                    .ENDMOD
Module ?PendSV_Handler: 2 byte(s), 8 line(s)
startup_1986BE9x.mca   219                    
startup_1986BE9x.mca   220                    
startup_1986BE9x.mca   221                    .LMODULE2 ?SysTick_Handler
startup_1986BE9x.mca   222                    .PUBLIC SysTick_Handler
startup_1986BE9x.mca   223                    .RSEG ??DEFAULT_HANDLERS,code
startup_1986BE9x.mca   224                        .THUMB
startup_1986BE9x.mca   225 00000000           SysTick_Handler?T:
startup_1986BE9x.mca   226 00000001           SysTick_Handler .EQU  SysTick_Handler?T+1
startup_1986BE9x.mca   227                    .FUNCTYPE .VOID SysTick_Handler(.VOID)
startup_1986BE9x.mca   228 00000000 E7FE          B       $
startup_1986BE9x.mca   229                    .ENDMOD
Module ?SysTick_Handler: 2 byte(s), 8 line(s)
startup_1986BE9x.mca   230                    
startup_1986BE9x.mca   231                    
startup_1986BE9x.mca   232                    .LMODULE2 ?CAN1_IRQHandler
startup_1986BE9x.mca   233                    .PUBLIC CAN1_IRQHandler
startup_1986BE9x.mca   234                    .RSEG ??DEFAULT_HANDLERS,code
startup_1986BE9x.mca   235                        .THUMB
startup_1986BE9x.mca   236 00000000           CAN1_IRQHandler?T:
startup_1986BE9x.mca   237 00000001           CAN1_IRQHandler .EQU  CAN1_IRQHandler?T+1
startup_1986BE9x.mca   238                    .FUNCTYPE .VOID CAN1_IRQHandler(.VOID)
startup_1986BE9x.mca   239 00000000 E7FE          B       $
startup_1986BE9x.mca   240                    .ENDMOD
Module ?CAN1_IRQHandler: 2 byte(s), 8 line(s)
startup_1986BE9x.mca   241                    
startup_1986BE9x.mca   242                    
startup_1986BE9x.mca   243                    .LMODULE2 ?CAN2_IRQHandler
startup_1986BE9x.mca   244                    .PUBLIC CAN2_IRQHandler
startup_1986BE9x.mca   245                    .RSEG ??DEFAULT_HANDLERS,code
startup_1986BE9x.mca   246                        .THUMB
startup_1986BE9x.mca   247 00000000           CAN2_IRQHandler?T:
startup_1986BE9x.mca   248 00000001           CAN2_IRQHandler .EQU  CAN2_IRQHandler?T+1
startup_1986BE9x.mca   249                    .FUNCTYPE .VOID CAN2_IRQHandler(.VOID)
startup_1986BE9x.mca   250 00000000 E7FE          B       $
startup_1986BE9x.mca   251                    .ENDMOD
Module ?CAN2_IRQHandler: 2 byte(s), 8 line(s)
startup_1986BE9x.mca   252                    
startup_1986BE9x.mca   253                    
startup_1986BE9x.mca   254                    .LMODULE2 ?USB_IRQHandler
startup_1986BE9x.mca   255                    .PUBLIC USB_IRQHandler
startup_1986BE9x.mca   256                    .RSEG ??DEFAULT_HANDLERS,code
startup_1986BE9x.mca   257                        .THUMB
startup_1986BE9x.mca   258 00000000           USB_IRQHandler?T:
startup_1986BE9x.mca   259 00000001           USB_IRQHandler .EQU  USB_IRQHandler?T+1
startup_1986BE9x.mca   260                    .FUNCTYPE .VOID USB_IRQHandler(.VOID)
startup_1986BE9x.mca   261 00000000 E7FE          B       $
startup_1986BE9x.mca   262                    .ENDMOD
Module ?USB_IRQHandler: 2 byte(s), 8 line(s)
startup_1986BE9x.mca   263                    
startup_1986BE9x.mca   264                    
startup_1986BE9x.mca   265                    .LMODULE2 ?DMA_IRQHandler
startup_1986BE9x.mca   266                    .PUBLIC DMA_IRQHandler
startup_1986BE9x.mca   267                    .RSEG ??DEFAULT_HANDLERS,code
startup_1986BE9x.mca   268                        .THUMB
startup_1986BE9x.mca   269 00000000           DMA_IRQHandler?T:
startup_1986BE9x.mca   270 00000001           DMA_IRQHandler .EQU  DMA_IRQHandler?T+1
startup_1986BE9x.mca   271                    .FUNCTYPE .VOID DMA_IRQHandler(.VOID)
startup_1986BE9x.mca   272 00000000 E7FE          B       $
startup_1986BE9x.mca   273                    .ENDMOD
Module ?DMA_IRQHandler: 2 byte(s), 8 line(s)
startup_1986BE9x.mca   274                    
startup_1986BE9x.mca   275                    
startup_1986BE9x.mca   276                    .LMODULE2 ?UART1_IRQHandler
startup_1986BE9x.mca   277                    .PUBLIC UART1_IRQHandler
startup_1986BE9x.mca   278                    .RSEG ??DEFAULT_HANDLERS,code
startup_1986BE9x.mca   279                        .THUMB
startup_1986BE9x.mca   280 00000000           UART1_IRQHandler?T:
startup_1986BE9x.mca   281 00000001           UART1_IRQHandler .EQU  UART1_IRQHandler?T+1
startup_1986BE9x.mca   282                    .FUNCTYPE .VOID UART1_IRQHandler(.VOID)
startup_1986BE9x.mca   283 00000000 E7FE          B       $
startup_1986BE9x.mca   284                    .ENDMOD
Module ?UART1_IRQHandler: 2 byte(s), 8 line(s)
startup_1986BE9x.mca   285                    
startup_1986BE9x.mca   286                    
startup_1986BE9x.mca   287                    .LMODULE2 ?UART2_IRQHandler
startup_1986BE9x.mca   288                    .PUBLIC UART2_IRQHandler
startup_1986BE9x.mca   289                    .RSEG ??DEFAULT_HANDLERS,code
startup_1986BE9x.mca   290                        .THUMB
startup_1986BE9x.mca   291 00000000           UART2_IRQHandler?T:
startup_1986BE9x.mca   292 00000001           UART2_IRQHandler .EQU  UART2_IRQHandler?T+1
startup_1986BE9x.mca   293                    .FUNCTYPE .VOID UART2_IRQHandler(.VOID)
startup_1986BE9x.mca   294 00000000 E7FE          B       $
startup_1986BE9x.mca   295                    .ENDMOD
Module ?UART2_IRQHandler: 2 byte(s), 8 line(s)
startup_1986BE9x.mca   296                    
startup_1986BE9x.mca   297                    
startup_1986BE9x.mca   298                    .LMODULE2 ?SSP1_IRQHandler
startup_1986BE9x.mca   299                    .PUBLIC SSP1_IRQHandler
startup_1986BE9x.mca   300                    .RSEG ??DEFAULT_HANDLERS,code
startup_1986BE9x.mca   301                        .THUMB
startup_1986BE9x.mca   302 00000000           SSP1_IRQHandler?T:
startup_1986BE9x.mca   303 00000001           SSP1_IRQHandler .EQU  SSP1_IRQHandler?T+1
startup_1986BE9x.mca   304                    .FUNCTYPE .VOID SSP1_IRQHandler(.VOID)
startup_1986BE9x.mca   305 00000000 E7FE          B       $
startup_1986BE9x.mca   306                    .ENDMOD
Module ?SSP1_IRQHandler: 2 byte(s), 8 line(s)
startup_1986BE9x.mca   307                    
startup_1986BE9x.mca   308                    
startup_1986BE9x.mca   309                    .LMODULE2 ?I2C_IRQHandler
startup_1986BE9x.mca   310                    .PUBLIC I2C_IRQHandler
startup_1986BE9x.mca   311                    .RSEG ??DEFAULT_HANDLERS,code
startup_1986BE9x.mca   312                        .THUMB
startup_1986BE9x.mca   313 00000000           I2C_IRQHandler?T:
startup_1986BE9x.mca   314 00000001           I2C_IRQHandler .EQU  I2C_IRQHandler?T+1
startup_1986BE9x.mca   315                    .FUNCTYPE .VOID I2C_IRQHandler(.VOID)
startup_1986BE9x.mca   316 00000000 E7FE          B       $
startup_1986BE9x.mca   317                    .ENDMOD
Module ?I2C_IRQHandler: 2 byte(s), 8 line(s)
startup_1986BE9x.mca   318                    
startup_1986BE9x.mca   319                    
startup_1986BE9x.mca   320                    .LMODULE2 ?POWER_IRQHandler
startup_1986BE9x.mca   321                    .PUBLIC POWER_IRQHandler
startup_1986BE9x.mca   322                    .RSEG ??DEFAULT_HANDLERS,code
startup_1986BE9x.mca   323                        .THUMB
startup_1986BE9x.mca   324 00000000           POWER_IRQHandler?T:
startup_1986BE9x.mca   325 00000001           POWER_IRQHandler .EQU  POWER_IRQHandler?T+1
startup_1986BE9x.mca   326                    .FUNCTYPE .VOID POWER_IRQHandler(.VOID)
startup_1986BE9x.mca   327 00000000 E7FE          B       $
startup_1986BE9x.mca   328                    .ENDMOD
Module ?POWER_IRQHandler: 2 byte(s), 8 line(s)
startup_1986BE9x.mca   329                    
startup_1986BE9x.mca   330                    
startup_1986BE9x.mca   331                    .LMODULE2 ?WWDG_IRQHandler
startup_1986BE9x.mca   332                    .PUBLIC WWDG_IRQHandler
startup_1986BE9x.mca   333                    .RSEG ??DEFAULT_HANDLERS,code
startup_1986BE9x.mca   334                        .THUMB
startup_1986BE9x.mca   335 00000000           WWDG_IRQHandler?T:
startup_1986BE9x.mca   336 00000001           WWDG_IRQHandler .EQU  WWDG_IRQHandler?T+1
startup_1986BE9x.mca   337                    .FUNCTYPE .VOID WWDG_IRQHandler(.VOID)
startup_1986BE9x.mca   338 00000000 E7FE          B       $
startup_1986BE9x.mca   339                    .ENDMOD
Module ?WWDG_IRQHandler: 2 byte(s), 8 line(s)
startup_1986BE9x.mca   340                    
startup_1986BE9x.mca   341                    
startup_1986BE9x.mca   342                    .LMODULE2 ?Timer1_IRQHandler
startup_1986BE9x.mca   343                    .PUBLIC Timer1_IRQHandler
startup_1986BE9x.mca   344                    .RSEG ??DEFAULT_HANDLERS,code
startup_1986BE9x.mca   345                        .THUMB
startup_1986BE9x.mca   346 00000000           Timer1_IRQHandler?T:
startup_1986BE9x.mca   347 00000001           Timer1_IRQHandler .EQU  Timer1_IRQHandler?T+1
startup_1986BE9x.mca   348                    .FUNCTYPE .VOID Timer1_IRQHandler(.VOID)
startup_1986BE9x.mca   349 00000000 E7FE          B       $
startup_1986BE9x.mca   350                    .ENDMOD
Module ?Timer1_IRQHandler: 2 byte(s), 8 line(s)
startup_1986BE9x.mca   351                    
startup_1986BE9x.mca   352                    
startup_1986BE9x.mca   353                    .LMODULE2 ?Timer2_IRQHandler
startup_1986BE9x.mca   354                    .PUBLIC Timer2_IRQHandler
startup_1986BE9x.mca   355                    .RSEG ??DEFAULT_HANDLERS,code
startup_1986BE9x.mca   356                        .THUMB
startup_1986BE9x.mca   357 00000000           Timer2_IRQHandler?T:
startup_1986BE9x.mca   358 00000001           Timer2_IRQHandler .EQU  Timer2_IRQHandler?T+1
startup_1986BE9x.mca   359                    .FUNCTYPE .VOID Timer2_IRQHandler(.VOID)
startup_1986BE9x.mca   360 00000000 E7FE          B       $
startup_1986BE9x.mca   361                    .ENDMOD
Module ?Timer2_IRQHandler: 2 byte(s), 8 line(s)
startup_1986BE9x.mca   362                    
startup_1986BE9x.mca   363                    
startup_1986BE9x.mca   364                    .LMODULE2 ?Timer3_IRQHandler
startup_1986BE9x.mca   365                    .PUBLIC Timer3_IRQHandler
startup_1986BE9x.mca   366                    .RSEG ??DEFAULT_HANDLERS,code
startup_1986BE9x.mca   367                        .THUMB
startup_1986BE9x.mca   368 00000000           Timer3_IRQHandler?T:
startup_1986BE9x.mca   369 00000001           Timer3_IRQHandler .EQU  Timer3_IRQHandler?T+1
startup_1986BE9x.mca   370                    .FUNCTYPE .VOID Timer3_IRQHandler(.VOID)
startup_1986BE9x.mca   371 00000000 E7FE          B       $
startup_1986BE9x.mca   372                    .ENDMOD
Module ?Timer3_IRQHandler: 2 byte(s), 8 line(s)
startup_1986BE9x.mca   373                    
startup_1986BE9x.mca   374                    
startup_1986BE9x.mca   375                    .LMODULE2 ?ADC_IRQHandler
startup_1986BE9x.mca   376                    .PUBLIC ADC_IRQHandler
startup_1986BE9x.mca   377                    .RSEG ??DEFAULT_HANDLERS,code
startup_1986BE9x.mca   378                        .THUMB
startup_1986BE9x.mca   379 00000000           ADC_IRQHandler?T:
startup_1986BE9x.mca   380 00000001           ADC_IRQHandler .EQU  ADC_IRQHandler?T+1
startup_1986BE9x.mca   381                    .FUNCTYPE .VOID ADC_IRQHandler(.VOID)
startup_1986BE9x.mca   382 00000000 E7FE          B       $
startup_1986BE9x.mca   383                    .ENDMOD
Module ?ADC_IRQHandler: 2 byte(s), 8 line(s)
startup_1986BE9x.mca   384                    
startup_1986BE9x.mca   385                    
startup_1986BE9x.mca   386                    .LMODULE2 ?COMPARATOR_IRQHandler
startup_1986BE9x.mca   387                    .PUBLIC COMPARATOR_IRQHandler
startup_1986BE9x.mca   388                    .RSEG ??DEFAULT_HANDLERS,code
startup_1986BE9x.mca   389                        .THUMB
startup_1986BE9x.mca   390 00000000           COMPARATOR_IRQHandler?T:
startup_1986BE9x.mca   391 00000001           COMPARATOR_IRQHandler .EQU  COMPARATOR_IRQHandler?T+1
startup_1986BE9x.mca   392                    .FUNCTYPE .VOID COMPARATOR_IRQHandler(.VOID)
startup_1986BE9x.mca   393 00000000 E7FE          B       $
startup_1986BE9x.mca   394                    .ENDMOD
Module ?COMPARATOR_IRQHandler: 2 byte(s), 8 line(s)
startup_1986BE9x.mca   395                    
startup_1986BE9x.mca   396                    
startup_1986BE9x.mca   397                    .LMODULE2 ?SSP2_IRQHandler
startup_1986BE9x.mca   398                    .PUBLIC SSP2_IRQHandler
startup_1986BE9x.mca   399                    .RSEG ??DEFAULT_HANDLERS,code
startup_1986BE9x.mca   400                        .THUMB
startup_1986BE9x.mca   401 00000000           SSP2_IRQHandler?T:
startup_1986BE9x.mca   402 00000001           SSP2_IRQHandler .EQU  SSP2_IRQHandler?T+1
startup_1986BE9x.mca   403                    .FUNCTYPE .VOID SSP2_IRQHandler(.VOID)
startup_1986BE9x.mca   404 00000000 E7FE          B       $
startup_1986BE9x.mca   405                    .ENDMOD
Module ?SSP2_IRQHandler: 2 byte(s), 8 line(s)
startup_1986BE9x.mca   406                    
startup_1986BE9x.mca   407                    
startup_1986BE9x.mca   408                    .LMODULE2 ?BACKUP_IRQHandler
startup_1986BE9x.mca   409                    .PUBLIC BACKUP_IRQHandler
startup_1986BE9x.mca   410                    .RSEG ??DEFAULT_HANDLERS,code
startup_1986BE9x.mca   411                        .THUMB
startup_1986BE9x.mca   412 00000000           BACKUP_IRQHandler?T:
startup_1986BE9x.mca   413 00000001           BACKUP_IRQHandler .EQU  BACKUP_IRQHandler?T+1
startup_1986BE9x.mca   414                    .FUNCTYPE .VOID BACKUP_IRQHandler(.VOID)
startup_1986BE9x.mca   415 00000000 E7FE          B       $
startup_1986BE9x.mca   416                    .ENDMOD
Module ?BACKUP_IRQHandler: 2 byte(s), 8 line(s)
startup_1986BE9x.mca   417                    
startup_1986BE9x.mca   418                    
startup_1986BE9x.mca   419                    .LMODULE2 ?EXT_INT1_IRQHandler
startup_1986BE9x.mca   420                    .PUBLIC EXT_INT1_IRQHandler
startup_1986BE9x.mca   421                    .RSEG ??DEFAULT_HANDLERS,code
startup_1986BE9x.mca   422                        .THUMB
startup_1986BE9x.mca   423 00000000           EXT_INT1_IRQHandler?T:
startup_1986BE9x.mca   424 00000001           EXT_INT1_IRQHandler .EQU  EXT_INT1_IRQHandler?T+1
startup_1986BE9x.mca   425                    .FUNCTYPE .VOID EXT_INT1_IRQHandler(.VOID)
startup_1986BE9x.mca   426 00000000 E7FE          B       $
startup_1986BE9x.mca   427                    .ENDMOD
Module ?EXT_INT1_IRQHandler: 2 byte(s), 8 line(s)
startup_1986BE9x.mca   428                    
startup_1986BE9x.mca   429                    
startup_1986BE9x.mca   430                    .LMODULE2 ?EXT_INT2_IRQHandler
startup_1986BE9x.mca   431                    .PUBLIC EXT_INT2_IRQHandler
startup_1986BE9x.mca   432                    .RSEG ??DEFAULT_HANDLERS,code
startup_1986BE9x.mca   433                        .THUMB
startup_1986BE9x.mca   434 00000000           EXT_INT2_IRQHandler?T:
startup_1986BE9x.mca   435 00000001           EXT_INT2_IRQHandler .EQU  EXT_INT2_IRQHandler?T+1
startup_1986BE9x.mca   436                    .FUNCTYPE .VOID EXT_INT2_IRQHandler(.VOID)
startup_1986BE9x.mca   437 00000000 E7FE          B       $
startup_1986BE9x.mca   438                    .ENDMOD
Module ?EXT_INT2_IRQHandler: 2 byte(s), 8 line(s)
startup_1986BE9x.mca   439                    
startup_1986BE9x.mca   440                    
startup_1986BE9x.mca   441                    .LMODULE2 ?EXT_INT3_IRQHandler
startup_1986BE9x.mca   442                    .PUBLIC EXT_INT3_IRQHandler
startup_1986BE9x.mca   443                    .RSEG ??DEFAULT_HANDLERS,code
startup_1986BE9x.mca   444                        .THUMB
startup_1986BE9x.mca   445 00000000           EXT_INT3_IRQHandler?T:
startup_1986BE9x.mca   446 00000001           EXT_INT3_IRQHandler .EQU  EXT_INT3_IRQHandler?T+1
startup_1986BE9x.mca   447                    .FUNCTYPE .VOID EXT_INT3_IRQHandler(.VOID)
startup_1986BE9x.mca   448 00000000 E7FE          B       $
startup_1986BE9x.mca   449                    .ENDMOD
Module ?EXT_INT3_IRQHandler: 2 byte(s), 8 line(s)
startup_1986BE9x.mca   450                    
startup_1986BE9x.mca   451                    
startup_1986BE9x.mca   452                    .LMODULE2 ?EXT_INT4_IRQHandler
startup_1986BE9x.mca   453                    .PUBLIC EXT_INT4_IRQHandler
startup_1986BE9x.mca   454                    .RSEG ??DEFAULT_HANDLERS,code
startup_1986BE9x.mca   455                        .THUMB
startup_1986BE9x.mca   456 00000000           EXT_INT4_IRQHandler?T:
startup_1986BE9x.mca   457 00000001           EXT_INT4_IRQHandler .EQU  EXT_INT4_IRQHandler?T+1
startup_1986BE9x.mca   458                    .FUNCTYPE .VOID EXT_INT4_IRQHandler(.VOID)
startup_1986BE9x.mca   459 00000000 E7FE          B       $
startup_1986BE9x.mca   460                    .ENDMOD
Module ?EXT_INT4_IRQHandler: 2 byte(s), 8 line(s)
startup_1986BE9x.mca   461                    
startup_1986BE9x.mca   462                    
startup_1986BE9x.mca   463                    ;=====================================================================;
startup_1986BE9x.mca   464                    ;                                                                     ;
startup_1986BE9x.mca   465                    ;       User-defined low-level initialization that is made            ;
startup_1986BE9x.mca   466                    ;                     before cstartup                                 ;
startup_1986BE9x.mca   467                    ;                                                                     ;
startup_1986BE9x.mca   468                    ;=====================================================================;
startup_1986BE9x.mca   469                    .LMODULE2 ??SystemInit
startup_1986BE9x.mca   470                    .PUBLIC SystemInit
startup_1986BE9x.mca   471                    .RSEG   ??CODE_CLIB,code
startup_1986BE9x.mca   472                    .THUMB
startup_1986BE9x.mca   473 00000000           SystemInit?T:
startup_1986BE9x.mca   474 00000001           SystemInit .EQU SystemInit?T+1
startup_1986BE9x.mca   475                    .FUNCTYPE .VOID SystemInit(.VOID)
startup_1986BE9x.mca   476 00000000 4770          BX      LR
startup_1986BE9x.mca   477                    
startup_1986BE9x.mca   478                    .END
Module ??SystemInit: 2 byte(s), 9 line(s)
startup_1986BE9x.mca   479                    
startup_1986BE9x.mca   480                    ;/******************* (C) COPYRIGHT 2010 Phyton *******************************
startup_1986BE9x.mca   481                    ;*
startup_1986BE9x.mca   482                    ;* END OF FILE startup_1986BE9x.mca */
startup_1986BE9x.mca: 482 line(s), 0.3 second(s), 0 error(s), 0 warning(s)
