*******************************************************************************
*                                                                             *
*                 ARM C CROSS COMPILER Version 1.03.121111                    *
*                      Copyright (C) 2009 Phyton, Inc.                        *
*                                                                             *
*******************************************************************************

             LCD_PUT_BYTE??T:
;FILE: ..\src\text.c
;000030    void LCD_PUT_BYTE(u8 x, u8 y, u8 data) {
00000000    47F0E92D                   	PUSH            {R4-R10,R14} 
00000004    460C                       	MOV             R4,R1
00000006    4605                       	MOV             R5,R0
00000008    4691                       	MOV             R9,R2
;000033        if ((x>MAX_X)|(y>MAX_Y)) return;
0000000A    2880                       	CMP             R0,#80h
0000000C    DA01                       	BGE.N           ??_1_IF
0000000E    2C40                       	CMP             y?LCD_PUT_BYTE,#64
00000010    DB00                       	BLT.N           ??_1_ELSE
                     ??_1_IF:
00000012    E07D                       	B.N             ??_EXIT?_LCD_PUT_BYTE
                   ??_1_ELSE:
;000036        SetCrystal((LCD_Crystal)(x/64));
00000014    2240                       	MOVS            R2,#64
00000016    F6F2FB95                   	SDIV            R6,x?LCD_PUT_BYTE,R2
0000001A    4630                       	MOV             R0,R6
0000001C    FFF0F7FF                   	BLF             SetCrystal
;000037        x %= 64;
00000020    1586EBA5                   	SUB             x?LCD_PUT_BYTE,x?LCD_PUT_BYTE,R6,LSL #6
;000039        page = y/8;
00000024    2208                       	MOVS            R2,#8
00000026    FAF2FB94                   	SDIV            R10,y?LCD_PUT_BYTE,R2
;000040        shift_num = y%8;
0000002A    06CAEBA4                   	SUB             shift_num?LCD_PUT_BYTE,y?LCD_PUT_BYTE,R10,LSL #3
;000041        shift_num_ex = 8 - shift_num;
0000002E    0408F1C6                   	RSB             shift_num_ex?LCD_PUT_BYTE,shift_num?LCD_PUT_BYTE,#8
;000046        LCD_SET_PAGE(page);
00000032    02B8F04A                   	ORR             R2,R10,#0B8h
00000036    B2D7                       	UXTB            R7,R2
00000038    4638                       	MOV             R0,R7
0000003A    FFE1F7FF                   	BLF             WriteLCD_Cmd
;000047        LCD_SET_ADDRESS(x);
0000003E    0240F045                   	ORR             R2,x?LCD_PUT_BYTE,#64
00000042    B2D0                       	UXTB            R0,R2
00000044    4680                       	MOV             R8,R0
00000046    FFDBF7FF                   	BLF             WriteLCD_Cmd
;000048        tmp_data = ReadLCD_Data();
0000004A    FFD9F7FF                   	BLF             ReadLCD_Data
0000004E    4605                       	MOV             tmp_data?LCD_PUT_BYTE,R0
;000050        LCD_SET_PAGE(page);
00000050    4638                       	MOV             R0,R7
00000052    FFD5F7FF                   	BLF             WriteLCD_Cmd
;000051        LCD_SET_ADDRESS(x);
00000056    4640                       	MOV             R0,R8
00000058    FFD2F7FF                   	BLF             WriteLCD_Cmd
;000052        switch (CurrentMethod){
0000005C    4FD5                       	LDR             R7,?lr0000	; CurrentMethod
0000005E    683A                       	LDR             R2,[R7,#0]
00000060    2A01                       	CMP             R2,#1
00000062    D008                       	BEQ.N           ??_3_CASE_1
00000064    2A02                       	CMP             R2,#2
00000066    D008                       	BEQ.N           ??_3_CASE_2
00000068    2A03                       	CMP             R2,#3
0000006A    D00B                       	BEQ.N           ??_3_CASE_3
0000006C    2A04                       	CMP             R2,#4
0000006E    D00F                       	BEQ.N           ??_3_CASE_4
00000070    B9BA                       	CBNZ            R2,??_3_BREAK
;000054                    WriteLCD_Data(tmp_data | (data << shift_num));
00000072    464A                       	MOV             R2,data?LCD_PUT_BYTE
;000055                    break;
00000074    E003                       	B.N             ??_29_COMMON
                 ??_3_CASE_1:
;000057                    WriteLCD_Data(tmp_data ^ (data << shift_num));
00000076    464A                       	MOV             R2,data?LCD_PUT_BYTE
;000058                    break;
00000078    E006                       	B.N             ??_30_COMMON
                 ??_3_CASE_2:
;000060                    WriteLCD_Data(tmp_data | ((data ^ 0xFF) << shift_num));
0000007A    02FFF089                   	EOR             R2,data?LCD_PUT_BYTE,#0FFh
                ??_29_COMMON:
0000007E    40B2                       	LSLS            R2,shift_num?LCD_PUT_BYTE
00000080    432A                       	ORRS            R2,tmp_data?LCD_PUT_BYTE
;000061                    break;
00000082    E003                       	B.N             ??_31_COMMON
                 ??_3_CASE_3:
;000063                    WriteLCD_Data(tmp_data ^ ((data ^ 0xFF) << shift_num));
00000084    02FFF089                   	EOR             R2,data?LCD_PUT_BYTE,#0FFh
                ??_30_COMMON:
00000088    40B2                       	LSLS            R2,shift_num?LCD_PUT_BYTE
0000008A    406A                       	EORS            R2,tmp_data?LCD_PUT_BYTE
                ??_31_COMMON:
0000008C    B2D0                       	UXTB            R0,R2
;000064                    break;
0000008E    E006                       	B.N             ??_24_COMMON
                 ??_3_CASE_4:
;000066                    WriteLCD_Data(tmp_data&(0xFF >> shift_num_ex) | (data << shift_num));
00000090    23FF                       	MOVS            R3,#0FFh
00000092    4123                       	ASRS            R3,shift_num_ex?LCD_PUT_BYTE
00000094    402B                       	ANDS            R3,tmp_data?LCD_PUT_BYTE
00000096    F206FA09                   	LSL             R2,data?LCD_PUT_BYTE,shift_num?LCD_PUT_BYTE
0000009A    4313                       	ORRS            R3,R2
0000009C    B2D8                       	UXTB            R0,R3
                ??_24_COMMON:
0000009E    FFAFF7FF                   	BLF             WriteLCD_Data
;000067                    break;
;000068        }
                  ??_3_BREAK:
;000071        if (shift_num > 0) {
000000A2    B3AE                       	CBZ             shift_num?LCD_PUT_BYTE,??_4_ELSE
;000073            LCD_SET_PAGE(page+1);
000000A4    0201F10A                   	ADD             R2,R10,#1
000000A8    02B8F042                   	ORR             R2,R2,#0B8h
000000AC    B2D0                       	UXTB            R0,R2
000000AE    4682                       	MOV             R10,R0
000000B0    FFA6F7FF                   	BLF             WriteLCD_Cmd
;000074            LCD_SET_ADDRESS(x);
000000B4    4640                       	MOV             R0,R8
000000B6    FFA3F7FF                   	BLF             WriteLCD_Cmd
;000075            tmp_data = ReadLCD_Data();
000000BA    FFA1F7FF                   	BLF             ReadLCD_Data
000000BE    4605                       	MOV             tmp_data?LCD_PUT_BYTE,R0
;000077            LCD_SET_PAGE(page+1);
000000C0    4650                       	MOV             R0,R10
000000C2    FF9DF7FF                   	BLF             WriteLCD_Cmd
;000078            LCD_SET_ADDRESS(x);
000000C6    4640                       	MOV             R0,R8
000000C8    FF9AF7FF                   	BLF             WriteLCD_Cmd
;000079            switch(CurrentMethod){
000000CC    683A                       	LDR             R2,[R7,#0]
000000CE    2A01                       	CMP             R2,#1
000000D0    D008                       	BEQ.N           ??_5_CASE_1
000000D2    2A02                       	CMP             R2,#2
000000D4    D008                       	BEQ.N           ??_5_CASE_2
000000D6    2A03                       	CMP             R2,#3
000000D8    D00B                       	BEQ.N           ??_5_CASE_3
000000DA    2A04                       	CMP             R2,#4
000000DC    D00F                       	BEQ.N           ??_5_CASE_4
000000DE    B9BA                       	CBNZ            R2,??_5_BREAK
;000081                    WriteLCD_Data(tmp_data | (data >> shift_num_ex));
000000E0    464A                       	MOV             R2,data?LCD_PUT_BYTE
;000082                    break;
000000E2    E003                       	B.N             ??_32_COMMON
                 ??_5_CASE_1:
;000084                    WriteLCD_Data(tmp_data ^ (data >> shift_num_ex));
000000E4    464A                       	MOV             R2,data?LCD_PUT_BYTE
;000085                    break;
000000E6    E006                       	B.N             ??_33_COMMON
                 ??_5_CASE_2:
;000087                    WriteLCD_Data(tmp_data | ((data ^ 0xFF) >> shift_num_ex));
000000E8    02FFF089                   	EOR             R2,data?LCD_PUT_BYTE,#0FFh
                ??_32_COMMON:
000000EC    4122                       	ASRS            R2,shift_num_ex?LCD_PUT_BYTE
000000EE    432A                       	ORRS            R2,tmp_data?LCD_PUT_BYTE
;000088                    break;
000000F0    E003                       	B.N             ??_34_COMMON
                 ??_5_CASE_3:
;000090                    WriteLCD_Data(tmp_data ^ ((data ^ 0xFF)>> shift_num_ex));
000000F2    02FFF089                   	EOR             R2,data?LCD_PUT_BYTE,#0FFh
                ??_33_COMMON:
000000F6    4122                       	ASRS            R2,shift_num_ex?LCD_PUT_BYTE
000000F8    406A                       	EORS            R2,tmp_data?LCD_PUT_BYTE
                ??_34_COMMON:
000000FA    B2D0                       	UXTB            R0,R2
;000091                    break;
000000FC    E006                       	B.N             ??_28_COMMON
                 ??_5_CASE_4:
;000093                    WriteLCD_Data(tmp_data & (0xFF << shift_num) | (data >> shift_num_ex));
000000FE    22FF                       	MOVS            R2,#0FFh
00000100    40B2                       	LSLS            R2,shift_num?LCD_PUT_BYTE
00000102    4015                       	ANDS            tmp_data?LCD_PUT_BYTE,R2
00000104    F204FA49                   	ASR             R2,data?LCD_PUT_BYTE,shift_num_ex?LCD_PUT_BYTE
00000108    4315                       	ORRS            tmp_data?LCD_PUT_BYTE,R2
0000010A    B2E8                       	UXTB            R0,tmp_data?LCD_PUT_BYTE
                ??_28_COMMON:
0000010C    FF78F7FF                   	BLF             WriteLCD_Data
;000094                    break;
;000095            }
                  ??_5_BREAK:
;000096        }
                   ??_4_ELSE:
;000097    }
       ??_EXIT?_LCD_PUT_BYTE:
00000110    87F0E8BD                   	POP             {R4-R10,R15} 
.ENDF
                 LCD_PUTC??T:
;000101    void LCD_PUTC(u8 x, u8 y, u8 ch) {
00000114    B5F0                       	PUSH            {R4-R7,R14} 
00000116    B082                       	SUB             R13,R13,#8
00000118    0004F88D                   	STRB            R0,[R13,#4]
0000011C    1005F88D                   	STRB            R1,[R13,#5]
;000105        sym = Get_Char_Data_Addr(ch);
00000120    4BA5                       	LDR             R3,?lr0001	; CurrentFont
00000122    681C                       	LDR             R4,[R3,#0]
00000124    6824                       	LDR             R4,[R4,#0]
00000126    08E5                       	LSRS            R5,R4,#3
00000128    04C5EBB4                   	SUBS            R4,R4,R5,LSL #3
0000012C    681C                       	LDR             R4,[R3,#0]
0000012E    6824                       	LDR             R4,[R4,#0]
00000130    BF1A                       	ITTE            NE
00000132    08E4                       	LSRNE           R4,R4,#3
00000134    1C64                       	ADDNE           R4,R4,#1
00000136    08E4                       	LSREQ           R4,R4,#3
00000138    681D                       	LDR             R5,[R3,#0]
0000013A    686D                       	LDR             R5,[R5,#4]
0000013C    436C                       	MULS            R4,R5
0000013E    681D                       	LDR             R5,[R3,#0]
00000140    68ED                       	LDR             R5,[R5,#12]
00000142    5702FB04                   	MLA             R7,R4,ch?LCD_PUTC,R5
00000146    9700                       	STR             R7,[R13,#sym?LCD_PUTC]
;000106        line = CurrentFont->Height / 8;
00000148    681C                       	LDR             line?LCD_PUTC,[R3,#0]
0000014A    6824                       	LDR             line?LCD_PUTC,[line?LCD_PUTC,#0]
0000014C    08E4                       	LSRS            line?LCD_PUTC,line?LCD_PUTC,#3
;000107        if (CurrentFont->Height % 8)
0000014E    681D                       	LDR             R5,[R3,#0]
00000150    682B                       	LDR             R3,[R5,#0]
00000152    08DD                       	LSRS            R5,R3,#3
00000154    03C5EBB3                   	SUBS            R3,R3,R5,LSL #3
00000158    D000                       	BEQ.N           ??_7_ELSE
;000108            line++;
0000015A    1C64                       	ADDS            line?LCD_PUTC,line?LCD_PUTC,#1
                   ??_7_ELSE:
;000110        for (j = 0; j < line; j++)
0000015C    2600                       	MOVS            j?LCD_PUTC,#0
0000015E    E019                       	B.N             ??_8_CHECK
                   ??_8_LOOP:
;000111            for( i = 0; i < CurrentFont->Width; i++)
00000160    2500                       	MOVS            i?LCD_PUTC,#0
00000162    E011                       	B.N             ??_9_CHECK
                   ??_9_LOOP:
;000112                LCD_PUT_BYTE(x + i, y + j*8, sym[i + CurrentFont->Width*j]);
00000164    681F                       	LDR             R7,[R3,#0]
00000166    687B                       	LDR             R3,[R7,#4]
00000168    5306FB03                   	MLA             R3,R3,j?LCD_PUTC,i?LCD_PUTC
0000016C    9F00                       	LDR             R7,[R13,#sym?LCD_PUTC]
0000016E    5DDA                       	LDRB            R2,[R3,R7]
00000170    1005F89D                   	LDRB            R1,[R13,#y?LCD_PUTC]
00000174    03C6EB01                   	ADD             R3,R1,j?LCD_PUTC,LSL #3
00000178    B2D9                       	UXTB            R1,R3
0000017A    0004F89D                   	LDRB            R0,[R13,#x?LCD_PUTC]
0000017E    182B                       	ADDS            R3,i?LCD_PUTC,R0
00000180    B2D8                       	UXTB            R0,R3
00000182    FF3DF7FF                   	BLF             LCD_PUT_BYTE??T
00000186    1C6D                       	ADDS            i?LCD_PUTC,i?LCD_PUTC,#1
                  ??_9_CHECK:
00000188    4B8B                       	LDR             R3,?lr0001	; CurrentFont
0000018A    681F                       	LDR             R7,[R3,#0]
0000018C    687F                       	LDR             R7,[R7,#4]
0000018E    42BD                       	CMP             i?LCD_PUTC,R7
00000190    D3E8                       	BCC.N           ??_9_LOOP
00000192    1C76                       	ADDS            j?LCD_PUTC,j?LCD_PUTC,#1
                  ??_8_CHECK:
00000194    42A6                       	CMP             j?LCD_PUTC,line?LCD_PUTC
00000196    D3E3                       	BCC.N           ??_8_LOOP
;000113    }
00000198    B002                       	ADD             R13,R13,#8
0000019A    BDF0                       	POP             {R4-R7,R15} 
.ENDF
                 LCD_PUTS??T:
;000116    void LCD_PUTS(u8 x, u8 y, uc8* str) {
0000019C    B5F0                       	PUSH            {R4-R7,R14} 
0000019E    4615                       	MOV             R5,R2
000001A0    4606                       	MOV             R6,R0
000001A2    460F                       	MOV             R7,R1
;000118        for (i=0; str[i]; i++)
000001A4    2400                       	MOVS            i?LCD_PUTS,#0
000001A6    E00A                       	B.N             ??_10_CHECK
                  ??_10_LOOP:
;000119            LCD_PUTC(x + i*CurrentFont->Width, y, str[i]);
000001A8    5D62                       	LDRB            R2,[i?LCD_PUTS,str?LCD_PUTS]
000001AA    4B83                       	LDR             R3,?lr0001	; CurrentFont
000001AC    681B                       	LDR             R3,[R3,#0]
000001AE    791B                       	LDRB            R3,[R3,#4]
000001B0    6303FB04                   	MLA             R3,i?LCD_PUTS,R3,x?LCD_PUTS
000001B4    B2D8                       	UXTB            R0,R3
000001B6    4639                       	MOV             R1,y?LCD_PUTS
000001B8    FFACF7FF                   	BLF             LCD_PUTC??T
000001BC    1C64                       	ADDS            i?LCD_PUTS,i?LCD_PUTS,#1
                 ??_10_CHECK:
000001BE    5D63                       	LDRB            R3,[i?LCD_PUTS,str?LCD_PUTS]
000001C0    2B00                       	CMP             R3,#0
000001C2    D1F1                       	BNE.N           ??_10_LOOP
;000120    }
000001C4    BDF0                       	POP             {R4-R7,R15} 
.ENDF
              LCD_PUTS_Ex??T:
;000123    void LCD_PUTS_Ex(u8 x, u8 y, uc8* str, u8 style) {
000001C6    4FF0E92D                   	PUSH            {R4-R11,R14} 
000001CA    B081                       	SUB             R13,R13,#4
000001CC    4615                       	MOV             R5,R2
000001CE    468B                       	MOV             R11,R1
000001D0    0000F88D                   	STRB            R0,[R13,#0]
;000125        LCD_Method OldMethod = CurrentMethod;
000001D4    4C77                       	LDR             R4,?lr0000	; CurrentMethod
000001D6    6820                       	LDR             R0,[R4,#0]
000001D8    4681                       	MOV             OldMethod?LCD_PUTS_Ex,R0
;000127        switch (style) {
000001DA    2B01                       	CMP             style?LCD_PUTS_Ex,#1
000001DC    D01D                       	BEQ.N           ??_11_CASE_1
000001DE    2B02                       	CMP             style?LCD_PUTS_Ex,#2
000001E0    D04A                       	BEQ.N           ??_11_CASE_2
000001E2    2B03                       	CMP             style?LCD_PUTS_Ex,#3
000001E4    80AFF000                   	BEQ.W           ??_11_CASE_3
000001E8    2B00                       	CMP             style?LCD_PUTS_Ex,#0
000001EA    80DCF040                   	BNE.W           ??_11_BREAK
;000130                CurrentMethod = MET_AND;
000001EE    2004                       	MOVS            R0,#4
000001F0    6020                       	STR             R0,[R4,#0]
;000116    void LCD_PUTS(u8 x, u8 y, uc8* str) {
000001F2    465F                       	MOV             R7,R11
000001F4    4000F89D                   	LDRB            R4,[R13,#0]
;000118        for (i=0; str[i]; i++)
000001F8    2600                       	MOVS            R6,#0
000001FA    E00A                       	B.N             ??_12_CHECK
                  ??_12_LOOP:
;000119            LCD_PUTC(x + i*CurrentFont->Width, y, str[i]);
000001FC    5D72                       	LDRB            R2,[R6,R5]
000001FE    486E                       	LDR             R0,?lr0001	; CurrentFont
00000200    6800                       	LDR             R0,[R0,#0]
00000202    7901                       	LDRB            R1,[R0,#4]
00000204    4001FB06                   	MLA             R0,R6,R1,R4
00000208    B2C0                       	UXTB            R0,R0
0000020A    4639                       	MOV             R1,R7
0000020C    FF82F7FF                   	BLF             LCD_PUTC??T
00000210    1C76                       	ADDS            R6,R6,#1
                 ??_12_CHECK:
00000212    5D70                       	LDRB            R0,[R6,R5]
00000214    2800                       	CMP             R0,#0
00000216    D1F1                       	BNE.N           ??_12_LOOP
;000120    }
;000132                break;
00000218    E0C5                       	B.N             ??_11_BREAK
                ??_11_CASE_1:
;000135                CurrentMethod = MET_AND;
0000021A    2004                       	MOVS            R0,#4
0000021C    6020                       	STR             R0,[R4,#0]
;000116    void LCD_PUTS(u8 x, u8 y, uc8* str) {
0000021E    462F                       	MOV             R7,R5
00000220    46D8                       	MOV             R8,R11
00000222    4000F89D                   	LDRB            R4,[R13,#0]
;000118        for (i=0; str[i]; i++)
00000226    2600                       	MOVS            R6,#0
00000228    E00A                       	B.N             ??_13_CHECK
                  ??_13_LOOP:
;000119            LCD_PUTC(x + i*CurrentFont->Width, y, str[i]);
0000022A    5DF2                       	LDRB            R2,[R6,R7]
0000022C    4862                       	LDR             R0,?lr0001	; CurrentFont
0000022E    6800                       	LDR             R0,[R0,#0]
00000230    7900                       	LDRB            R0,[R0,#4]
00000232    4000FB06                   	MLA             R0,R6,R0,R4
00000236    B2C0                       	UXTB            R0,R0
00000238    4641                       	MOV             R1,R8
0000023A    FF6BF7FF                   	BLF             LCD_PUTC??T
0000023E    1C76                       	ADDS            R6,R6,#1
                 ??_13_CHECK:
00000240    5DF0                       	LDRB            R0,[R6,R7]
00000242    2800                       	CMP             R0,#0
00000244    D1F1                       	BNE.N           ??_13_LOOP
;000120    }
;000137                SysTickDelay(600);
00000246    7016F44F                   	MOV             R0,#258h
0000024A    FED9F7FF                   	BLF             SysTickDelay
;000138                for (i = 0; i < strlen(str); i++)
0000024E    2600                       	MOVS            i?LCD_PUTS_Ex,#0
00000250    E00C                       	B.N             ??_14_CHECK
                  ??_14_LOOP:
;000139                    LCD_PUTC(x + ((CurrentFont->Width) * i), y, 0x20);
00000252    4859                       	LDR             R0,?lr0001	; CurrentFont
00000254    6800                       	LDR             R0,[R0,#0]
00000256    7901                       	LDRB            R1,[R0,#4]
00000258    0000F89D                   	LDRB            R0,[R13,#x?LCD_PUTS_Ex]
0000025C    0001FB06                   	MLA             R0,i?LCD_PUTS_Ex,R1,R0
00000260    B2C0                       	UXTB            R0,R0
00000262    4659                       	MOV             R1,y?LCD_PUTS_Ex
00000264    2220                       	MOVS            R2,#32
00000266    FF55F7FF                   	BLF             LCD_PUTC??T
0000026A    1C76                       	ADDS            i?LCD_PUTS_Ex,i?LCD_PUTS_Ex,#1
                 ??_14_CHECK:
0000026C    4628                       	MOV             R0,str?LCD_PUTS_Ex
0000026E    FEC7F7FF                   	BLF             strlen
00000272    4286                       	CMP             i?LCD_PUTS_Ex,R0
00000274    D3ED                       	BCC.N           ??_14_LOOP
;000140                break;
00000276    E096                       	B.N             ??_11_BREAK
                ??_11_CASE_2:
;000143                CurrentMethod = MET_AND;
00000278    2704                       	MOVS            R7,#4
0000027A    6027                       	STR             R7,[R4,#0]
;000116    void LCD_PUTS(u8 x, u8 y, uc8* str) {
0000027C    46A8                       	MOV             R8,R5
0000027E    465F                       	MOV             R7,R11
00000280    4000F89D                   	LDRB            R4,[R13,#0]
;000118        for (i=0; str[i]; i++)
00000284    2600                       	MOVS            R6,#0
00000286    E00B                       	B.N             ??_15_CHECK
                  ??_15_LOOP:
;000119            LCD_PUTC(x + i*CurrentFont->Width, y, str[i]);
00000288    2008F816                   	LDRB            R2,[R6,R8]
0000028C    484A                       	LDR             R0,?lr0001	; CurrentFont
0000028E    6800                       	LDR             R0,[R0,#0]
00000290    7900                       	LDRB            R0,[R0,#4]
00000292    4000FB06                   	MLA             R0,R6,R0,R4
00000296    B2C0                       	UXTB            R0,R0
00000298    4639                       	MOV             R1,R7
0000029A    FF3BF7FF                   	BLF             LCD_PUTC??T
0000029E    1C76                       	ADDS            R6,R6,#1
                 ??_15_CHECK:
000002A0    0008F816                   	LDRB            R0,[R6,R8]
000002A4    2800                       	CMP             R0,#0
000002A6    D1EF                       	BNE.N           ??_15_LOOP
;000120    }
;000145                CurrentMethod = MET_XOR;
000002A8    2001                       	MOVS            R0,#1
000002AA    4C42                       	LDR             R4,?lr0000	; CurrentMethod
000002AC    6020                       	STR             R0,[R4,#0]
;000116    void LCD_PUTS(u8 x, u8 y, uc8* str) {
000002AE    46A8                       	MOV             R8,R5
000002B0    465F                       	MOV             R7,R11
000002B2    4000F89D                   	LDRB            R4,[R13,#0]
;000118        for (i=0; str[i]; i++)
000002B6    2600                       	MOVS            R6,#0
000002B8    E00B                       	B.N             ??_16_CHECK
                  ??_16_LOOP:
;000119            LCD_PUTC(x + i*CurrentFont->Width, y, str[i]);
000002BA    2008F816                   	LDRB            R2,[R6,R8]
000002BE    483E                       	LDR             R0,?lr0001	; CurrentFont
000002C0    6800                       	LDR             R0,[R0,#0]
000002C2    7900                       	LDRB            R0,[R0,#4]
000002C4    4000FB06                   	MLA             R0,R6,R0,R4
000002C8    B2C0                       	UXTB            R0,R0
000002CA    4639                       	MOV             R1,R7
000002CC    FF22F7FF                   	BLF             LCD_PUTC??T
000002D0    1C76                       	ADDS            R6,R6,#1
                 ??_16_CHECK:
000002D2    0008F816                   	LDRB            R0,[R6,R8]
000002D6    2800                       	CMP             R0,#0
000002D8    D1EF                       	BNE.N           ??_16_LOOP
;000120    }
;000147                CurrentMethod = MET_NOT_XOR;
000002DA    2003                       	MOVS            R0,#3
000002DC    4C35                       	LDR             R4,?lr0000	; CurrentMethod
000002DE    6020                       	STR             R0,[R4,#0]
;000116    void LCD_PUTS(u8 x, u8 y, uc8* str) {
000002E0    46A8                       	MOV             R8,R5
000002E2    465F                       	MOV             R7,R11
000002E4    4000F89D                   	LDRB            R4,[R13,#0]
;000118        for (i=0; str[i]; i++)
000002E8    2600                       	MOVS            R6,#0
000002EA    E00B                       	B.N             ??_17_CHECK
                  ??_17_LOOP:
;000119            LCD_PUTC(x + i*CurrentFont->Width, y, str[i]);
000002EC    2008F816                   	LDRB            R2,[R6,R8]
000002F0    4831                       	LDR             R0,?lr0001	; CurrentFont
000002F2    6800                       	LDR             R0,[R0,#0]
000002F4    7900                       	LDRB            R0,[R0,#4]
000002F6    4000FB06                   	MLA             R0,R6,R0,R4
000002FA    B2C0                       	UXTB            R0,R0
000002FC    4639                       	MOV             R1,R7
000002FE    FF09F7FF                   	BLF             LCD_PUTC??T
00000302    1C76                       	ADDS            R6,R6,#1
                 ??_17_CHECK:
00000304    0008F816                   	LDRB            R0,[R6,R8]
00000308    2800                       	CMP             R0,#0
0000030A    D1EF                       	BNE.N           ??_17_LOOP
;000120    }
;000149                SysTickDelay(1200);
0000030C    6096F44F                   	MOV             R0,#4B0h
00000310    FE76F7FF                   	BLF             SysTickDelay
;000150                CurrentMethod = MET_AND;
00000314    2704                       	MOVS            R7,#4
00000316    4C27                       	LDR             R4,?lr0000	; CurrentMethod
00000318    6027                       	STR             R7,[R4,#0]
;000116    void LCD_PUTS(u8 x, u8 y, uc8* str) {
0000031A    4000F89D                   	LDRB            R4,[R13,#0]
;000118        for (i=0; str[i]; i++)
0000031E    2600                       	MOVS            R6,#0
00000320    E00A                       	B.N             ??_18_CHECK
                  ??_18_LOOP:
;000119            LCD_PUTC(x + i*CurrentFont->Width, y, str[i]);
00000322    5D72                       	LDRB            R2,[R6,R5]
00000324    4824                       	LDR             R0,?lr0001	; CurrentFont
00000326    6807                       	LDR             R7,[R0,#0]
00000328    7939                       	LDRB            R1,[R7,#4]
0000032A    4001FB06                   	MLA             R0,R6,R1,R4
0000032E    B2C0                       	UXTB            R0,R0
00000330    4659                       	MOV             R1,R11
00000332    FEEFF7FF                   	BLF             LCD_PUTC??T
00000336    1C76                       	ADDS            R6,R6,#1
                 ??_18_CHECK:
00000338    5D70                       	LDRB            R0,[R6,R5]
0000033A    2800                       	CMP             R0,#0
0000033C    D1F1                       	BNE.N           ??_18_LOOP
;000120    }
;000152                SysTickDelay(150);
0000033E    2096                       	MOVS            R0,#96h
00000340    FE5EF7FF                   	BLF             SysTickDelay
;000153                break;
00000344    E02F                       	B.N             ??_11_BREAK
                ??_11_CASE_3:
;000156                CurrentMethod = MET_AND;
00000346    2004                       	MOVS            R0,#4
00000348    6020                       	STR             R0,[R4,#0]
;000116    void LCD_PUTS(u8 x, u8 y, uc8* str) {
0000034A    462C                       	MOV             R4,R5
0000034C    46DA                       	MOV             R10,R11
0000034E    8000F89D                   	LDRB            R8,[R13,#0]
;000118        for (i=0; str[i]; i++)
00000352    2600                       	MOVS            R6,#0
00000354    E00A                       	B.N             ??_19_CHECK
                  ??_19_LOOP:
;000119            LCD_PUTC(x + i*CurrentFont->Width, y, str[i]);
00000356    5D32                       	LDRB            R2,[R6,R4]
00000358    4817                       	LDR             R0,?lr0001	; CurrentFont
0000035A    6807                       	LDR             R7,[R0,#0]
0000035C    7938                       	LDRB            R0,[R7,#4]
0000035E    8000FB06                   	MLA             R0,R6,R0,R8
00000362    B2C0                       	UXTB            R0,R0
00000364    4651                       	MOV             R1,R10
00000366    FED5F7FF                   	BLF             LCD_PUTC??T
0000036A    1C76                       	ADDS            R6,R6,#1
                 ??_19_CHECK:
0000036C    5D30                       	LDRB            R0,[R6,R4]
0000036E    2800                       	CMP             R0,#0
00000370    D1F1                       	BNE.N           ??_19_LOOP
;000120    }
;000158                SysTickDelay(600);
00000372    7016F44F                   	MOV             R0,#258h
00000376    FE43F7FF                   	BLF             SysTickDelay
;000116    void LCD_PUTS(u8 x, u8 y, uc8* str) {
0000037A    0401F10B                   	ADD             R4,R11,#1
0000037E    0000F89D                   	LDRB            R0,[R13,#0]
00000382    0801F100                   	ADD             R8,R0,#1
;000118        for (i=0; str[i]; i++)
00000386    2600                       	MOVS            R6,#0
00000388    E00A                       	B.N             ??_20_CHECK
                  ??_20_LOOP:
;000119            LCD_PUTC(x + i*CurrentFont->Width, y, str[i]);
0000038A    5D72                       	LDRB            R2,[R6,R5]
0000038C    B2E1                       	UXTB            R1,R4
0000038E    480A                       	LDR             R0,?lr0001	; CurrentFont
00000390    6807                       	LDR             R7,[R0,#0]
00000392    7938                       	LDRB            R0,[R7,#4]
00000394    8000FB06                   	MLA             R0,R6,R0,R8
00000398    B2C0                       	UXTB            R0,R0
0000039A    FEBBF7FF                   	BLF             LCD_PUTC??T
0000039E    1C76                       	ADDS            R6,R6,#1
                 ??_20_CHECK:
000003A0    5D70                       	LDRB            R0,[R6,R5]
000003A2    2800                       	CMP             R0,#0
000003A4    D1F1                       	BNE.N           ??_20_LOOP
;000120    }
;000160                break;
;000161        }
                 ??_11_BREAK:
;000162        CurrentMethod = OldMethod;
000003A6    4C03                       	LDR             R4,?lr0000	; CurrentMethod
000003A8    9000F8C4                   	STR             OldMethod?LCD_PUTS_Ex,[R4,#0]
;000163    }
000003AC    B001                       	ADD             R13,R13,#4
000003AE    8FF0E8BD                   	POP             {R4-R11,R15} 

.ALIGN	2
000003B4    00000000	?lr0000	.DCD	CurrentMethod	; used 6 time(s)
000003B8    00000000	?lr0001	.DCD	CurrentFont	; used 12 time(s)

.ENDF

..\src\text.c: 956 byte(s), 5798 line(s), 0 error(s), 0 warning(s)

