


ARM Macro Assembler    Page 1 


    1 00000000 00000080 
                       Stack_Size
                               EQU              0x00000080
    2 00000000         
    3 00000000                 AREA             STACK, NOINIT, READWRITE, ALIGN
=3
    4 00000000         Stack_Mem
                               SPACE            Stack_Size
    5 00000080         __initial_sp
    6 00000080         
    7 00000080                 PRESERVE8
    8 00000080                 THUMB
    9 00000080         
   10 00000080         ; Vector Table Mapped to Address 0 at Reset
   11 00000080         
   12 00000080                 AREA             RESET, DATA, READONLY
   13 00000000         
   14 00000000                 EXPORT           __Vectors
   15 00000000                 EXPORT           __Vectors_End
   16 00000000                 EXPORT           __Vectors_Size
   17 00000000         
   18 00000000 00000000 
                       __Vectors
                               DCD              __initial_sp ; Top of Stack
   19 00000004 00000000        DCD              Reset_Handler ; Reset Handler
   20 00000008         __Vectors_End
   21 00000008         
   22 00000008 00000008 
                       __Vectors_Size
                               EQU              __Vectors_End - __Vectors
   23 00000008         
   24 00000008                 AREA             |.text|, CODE, READONLY
   25 00000000         
   26 00000000         
   27 00000000         
   28 00000000         ; Reset Handler
   29 00000000         
   30 00000000         Reset_Handler
                               PROC
   31 00000000                 EXPORT           Reset_Handler             [WEAK
]
   32 00000000                 IMPORT           bootuart
   33 00000000 4805            LDR              R0, = bootuart
   34 00000002 4700            BX               R0
   35 00000004                 ENDP
   36 00000004         
   37 00000004 E000ED08 
                       VTOR    EQU              0xe000ed08
   38 00000004         Run_Flash
                               PROC
   39 00000004                 EXPORT           Run_Flash             [WEAK]
   40 00000004 F04F 6000       LDR              R0, = 0x08000000
   41 00000008 4904            LDR              R1, = VTOR
   42 0000000A 6008            STR              R0,[R1]
   43 0000000C 6801            LDR              R1,[R0]
   44 0000000E F381 8808       MSR              MSP,R1
   45 00000012 6840            LDR              R0,[R0,#4]
   46 00000014 4700            BX               R0
   47 00000016                 ENDP



ARM Macro Assembler    Page 2 


   48 00000016                 END
              00 00 00000000 
              E000ED08 
Command Line: --debug --xref --device=DLM --apcs=interwork -ostartup_1986bootua
rt.o -IC:\Keil\ARM\INC\ARM --list=startup_1986bootuart.lst startup_1986bootuart
.s



ARM Macro Assembler    Page 1 Alphabetic symbol ordering
Relocatable symbols

STACK 00000000

Symbol: STACK
   Definitions
      At line 3 in file startup_1986bootuart.s
   Uses
      None
Comment: STACK unused
Stack_Mem 00000000

Symbol: Stack_Mem
   Definitions
      At line 4 in file startup_1986bootuart.s
   Uses
      None
Comment: Stack_Mem unused
__initial_sp 00000080

Symbol: __initial_sp
   Definitions
      At line 5 in file startup_1986bootuart.s
   Uses
      At line 18 in file startup_1986bootuart.s
Comment: __initial_sp used once
3 symbols



ARM Macro Assembler    Page 1 Alphabetic symbol ordering
Relocatable symbols

RESET 00000000

Symbol: RESET
   Definitions
      At line 12 in file startup_1986bootuart.s
   Uses
      None
Comment: RESET unused
__Vectors 00000000

Symbol: __Vectors
   Definitions
      At line 18 in file startup_1986bootuart.s
   Uses
      At line 14 in file startup_1986bootuart.s
      At line 22 in file startup_1986bootuart.s

__Vectors_End 00000008

Symbol: __Vectors_End
   Definitions
      At line 20 in file startup_1986bootuart.s
   Uses
      At line 15 in file startup_1986bootuart.s
      At line 22 in file startup_1986bootuart.s

3 symbols



ARM Macro Assembler    Page 1 Alphabetic symbol ordering
Relocatable symbols

.text 00000000

Symbol: .text
   Definitions
      At line 24 in file startup_1986bootuart.s
   Uses
      None
Comment: .text unused
Reset_Handler 00000000

Symbol: Reset_Handler
   Definitions
      At line 30 in file startup_1986bootuart.s
   Uses
      At line 19 in file startup_1986bootuart.s
      At line 31 in file startup_1986bootuart.s

Run_Flash 00000004

Symbol: Run_Flash
   Definitions
      At line 38 in file startup_1986bootuart.s
   Uses
      At line 39 in file startup_1986bootuart.s
Comment: Run_Flash used once
3 symbols



ARM Macro Assembler    Page 1 Alphabetic symbol ordering
Absolute symbols

Stack_Size 00000080

Symbol: Stack_Size
   Definitions
      At line 1 in file startup_1986bootuart.s
   Uses
      At line 4 in file startup_1986bootuart.s
Comment: Stack_Size used once
VTOR E000ED08

Symbol: VTOR
   Definitions
      At line 37 in file startup_1986bootuart.s
   Uses
      At line 41 in file startup_1986bootuart.s
Comment: VTOR used once
__Vectors_Size 00000008

Symbol: __Vectors_Size
   Definitions
      At line 22 in file startup_1986bootuart.s
   Uses
      At line 16 in file startup_1986bootuart.s
Comment: __Vectors_Size used once
3 symbols



ARM Macro Assembler    Page 1 Alphabetic symbol ordering
External symbols

bootuart 00000000

Symbol: bootuart
   Definitions
      At line 32 in file startup_1986bootuart.s
   Uses
      At line 33 in file startup_1986bootuart.s
Comment: bootuart used once
1 symbol
334 symbols in table
