<html>
<body>
<pre>
<h1>µVision Build Log</h1>
<h2>Project:</h2>
C:\Keil\ARM\VC\1986\1986bootuart\1986_BOOT_UART.uvproj
Project File Date:  03/14/2011

<h2>Output:</h2>
Build target 'Target 1'
assembling startup_1986bootuart.s...
startup_1986bootuart.s(48): warning: A1581W: Added 2 bytes of padding at address 0x16
compiling bootuart.c...
linking...
1986_BOOT_UART.axf: Warning: L6305W: Image does not have an entry point. (Not specified or not set due to multiple choices.)
1986_BOOT_UART.sct(8): warning: L6314W: No section matches pattern *(InRoot$$Sections).
Program Size: Code=592 RO-data=20 RW-data=12 ZI-data=5860  
FromELF: creating hex file...
"1986_BOOT_UART.axf" - 0 Error(s), 3 Warning(s).
Build target 'Target 1'
assembling startup_1986bootuart.s...
startup_1986bootuart.s(48): warning: A1581W: Added 2 bytes of padding at address 0x16
compiling bootuart.c...
linking...
1986_BOOT_UART.axf: Warning: L6305W: Image does not have an entry point. (Not specified or not set due to multiple choices.)
1986_BOOT_UART.sct(8): warning: L6314W: No section matches pattern *(InRoot$$Sections).
Program Size: Code=592 RO-data=20 RW-data=12 ZI-data=5860  
FromELF: creating hex file...
"1986_BOOT_UART.axf" - 0 Error(s), 3 Warning(s).
Build target 'Target 1'
assembling startup_1986bootuart.s...
startup_1986bootuart.s(48): warning: A1581W: Added 2 bytes of padding at address 0x16
compiling bootuart.c...
linking...
1986_BOOT_UART.axf: Warning: L6305W: Image does not have an entry point. (Not specified or not set due to multiple choices.)
1986_BOOT_UART.sct(8): warning: L6314W: No section matches pattern *(InRoot$$Sections).
Program Size: Code=564 RO-data=20 RW-data=12 ZI-data=5860  
FromELF: creating hex file...
"1986_BOOT_UART.axf" - 0 Error(s), 3 Warning(s).
Build target 'Target 1'
assembling startup_1986bootuart.s...
startup_1986bootuart.s(48): warning: A1581W: Added 2 bytes of padding at address 0x16
compiling bootuart.c...
linking...
1986_BOOT_UART.axf: Warning: L6305W: Image does not have an entry point. (Not specified or not set due to multiple choices.)
1986_BOOT_UART.sct(8): warning: L6314W: No section matches pattern *(InRoot$$Sections).
Program Size: Code=676 RO-data=20 RW-data=12 ZI-data=5860  
FromELF: creating hex file...
"1986_BOOT_UART.axf" - 0 Error(s), 3 Warning(s).
Build target 'Target 1'
compiling bootuart.c...
linking...
1986_BOOT_UART.axf: Warning: L6305W: Image does not have an entry point. (Not specified or not set due to multiple choices.)
1986_BOOT_UART.sct(8): warning: L6314W: No section matches pattern *(InRoot$$Sections).
Program Size: Code=676 RO-data=20 RW-data=12 ZI-data=5860  
FromELF: creating hex file...
"1986_BOOT_UART.axf" - 0 Error(s), 2 Warning(s).
Build target 'Target 1'
assembling startup_1986bootuart.s...
startup_1986bootuart.s(48): warning: A1581W: Added 2 bytes of padding at address 0x16
compiling bootuart.c...
linking...
1986_BOOT_UART.axf: Warning: L6305W: Image does not have an entry point. (Not specified or not set due to multiple choices.)
1986_BOOT_UART.sct(8): warning: L6314W: No section matches pattern *(InRoot$$Sections).
Program Size: Code=668 RO-data=20 RW-data=12 ZI-data=5860  
FromELF: creating hex file...
"1986_BOOT_UART.axf" - 0 Error(s), 3 Warning(s).
Build target 'Target 1'
assembling startup_1986bootuart.s...
startup_1986bootuart.s(48): warning: A1581W: Added 2 bytes of padding at address 0x16
compiling bootuart.c...
linking...
1986_BOOT_UART.axf: Warning: L6305W: Image does not have an entry point. (Not specified or not set due to multiple choices.)
1986_BOOT_UART.sct(8): warning: L6314W: No section matches pattern *(InRoot$$Sections).
Program Size: Code=676 RO-data=20 RW-data=12 ZI-data=5860  
FromELF: creating hex file...
"1986_BOOT_UART.axf" - 0 Error(s), 3 Warning(s).
Build target 'Target 1'
assembling startup_1986bootuart.s...
startup_1986bootuart.s(48): warning: A1581W: Added 2 bytes of padding at address 0x16
compiling bootuart.c...
linking...
1986_BOOT_UART.axf: Warning: L6305W: Image does not have an entry point. (Not specified or not set due to multiple choices.)
1986_BOOT_UART.sct(8): warning: L6314W: No section matches pattern *(InRoot$$Sections).
Program Size: Code=676 RO-data=20 RW-data=12 ZI-data=5860  
FromELF: creating hex file...
"1986_BOOT_UART.axf" - 0 Error(s), 3 Warning(s).
Build target 'Target 1'
assembling startup_1986bootuart.s...
startup_1986bootuart.s(48): warning: A1581W: Added 2 bytes of padding at address 0x16
compiling bootuart.c...
linking...
1986_BOOT_UART.axf: Warning: L6305W: Image does not have an entry point. (Not specified or not set due to multiple choices.)
1986_BOOT_UART.sct(8): warning: L6314W: No section matches pattern *(InRoot$$Sections).
Program Size: Code=736 RO-data=20 RW-data=12 ZI-data=5860  
FromELF: creating hex file...
"1986_BOOT_UART.axf" - 0 Error(s), 3 Warning(s).
Build target 'Target 1'
assembling startup_1986bootuart.s...
startup_1986bootuart.s(48): warning: A1581W: Added 2 bytes of padding at address 0x16
compiling bootuart.c...
linking...
1986_BOOT_UART.axf: Warning: L6305W: Image does not have an entry point. (Not specified or not set due to multiple choices.)
1986_BOOT_UART.sct(8): warning: L6314W: No section matches pattern *(InRoot$$Sections).
Program Size: Code=736 RO-data=20 RW-data=12 ZI-data=5860  
FromELF: creating hex file...
"1986_BOOT_UART.axf" - 0 Error(s), 3 Warning(s).
Build target 'Target 1'
assembling startup_1986bootuart.s...
startup_1986bootuart.s(48): warning: A1581W: Added 2 bytes of padding at address 0x16
compiling bootuart.c...
linking...
1986_BOOT_UART.axf: Warning: L6305W: Image does not have an entry point. (Not specified or not set due to multiple choices.)
1986_BOOT_UART.sct(8): warning: L6314W: No section matches pattern *(InRoot$$Sections).
Program Size: Code=736 RO-data=20 RW-data=12 ZI-data=5860  
FromELF: creating hex file...
"1986_BOOT_UART.axf" - 0 Error(s), 3 Warning(s).
Build target 'Target 1'
assembling startup_1986bootuart.s...
startup_1986bootuart.s(48): warning: A1581W: Added 2 bytes of padding at address 0x16
compiling bootuart.c...
linking...
1986_BOOT_UART.axf: Warning: L6305W: Image does not have an entry point. (Not specified or not set due to multiple choices.)
1986_BOOT_UART.sct(8): warning: L6314W: No section matches pattern *(InRoot$$Sections).
Program Size: Code=736 RO-data=20 RW-data=12 ZI-data=5860  
FromELF: creating hex file...
"1986_BOOT_UART.axf" - 0 Error(s), 3 Warning(s).
Build target 'Target 1'
assembling startup_1986bootuart.s...
startup_1986bootuart.s(48): warning: A1581W: Added 2 bytes of padding at address 0x16
compiling bootuart.c...
linking...
1986_BOOT_UART.axf: Warning: L6305W: Image does not have an entry point. (Not specified or not set due to multiple choices.)
1986_BOOT_UART.sct(8): warning: L6314W: No section matches pattern *(InRoot$$Sections).
Program Size: Code=756 RO-data=20 RW-data=12 ZI-data=5860  
FromELF: creating hex file...
"1986_BOOT_UART.axf" - 0 Error(s), 3 Warning(s).
Build target 'Target 1'
assembling startup_1986bootuart.s...
startup_1986bootuart.s(48): warning: A1581W: Added 2 bytes of padding at address 0x16
compiling bootuart.c...
linking...
1986_BOOT_UART.axf: Warning: L6305W: Image does not have an entry point. (Not specified or not set due to multiple choices.)
1986_BOOT_UART.sct(8): warning: L6314W: No section matches pattern *(InRoot$$Sections).
Program Size: Code=756 RO-data=20 RW-data=12 ZI-data=5860  
FromELF: creating hex file...
"1986_BOOT_UART.axf" - 0 Error(s), 3 Warning(s).
Build target 'Target 1'
assembling startup_1986bootuart.s...
startup_1986bootuart.s(48): warning: A1581W: Added 2 bytes of padding at address 0x16
compiling bootuart.c...
linking...
1986_BOOT_UART.axf: Warning: L6305W: Image does not have an entry point. (Not specified or not set due to multiple choices.)
1986_BOOT_UART.sct(8): warning: L6314W: No section matches pattern *(InRoot$$Sections).
Program Size: Code=944 RO-data=20 RW-data=12 ZI-data=5860  
FromELF: creating hex file...
"1986_BOOT_UART.axf" - 0 Error(s), 3 Warning(s).
Build target 'Target 1'
assembling startup_1986bootuart.s...
startup_1986bootuart.s(48): warning: A1581W: Added 2 bytes of padding at address 0x16
compiling bootuart.c...
linking...
1986_BOOT_UART.axf: Warning: L6305W: Image does not have an entry point. (Not specified or not set due to multiple choices.)
1986_BOOT_UART.sct(8): warning: L6314W: No section matches pattern *(InRoot$$Sections).
Program Size: Code=944 RO-data=20 RW-data=12 ZI-data=5860  
FromELF: creating hex file...
"1986_BOOT_UART.axf" - 0 Error(s), 3 Warning(s).
Build target 'Target 1'
assembling startup_1986bootuart.s...
startup_1986bootuart.s(48): warning: A1581W: Added 2 bytes of padding at address 0x16
compiling bootuart.c...
linking...
1986_BOOT_UART.axf: Warning: L6305W: Image does not have an entry point. (Not specified or not set due to multiple choices.)
1986_BOOT_UART.sct(8): warning: L6314W: No section matches pattern *(InRoot$$Sections).
Program Size: Code=956 RO-data=20 RW-data=12 ZI-data=5860  
FromELF: creating hex file...
"1986_BOOT_UART.axf" - 0 Error(s), 3 Warning(s).
Build target 'Target 1'
assembling startup_1986bootuart.s...
startup_1986bootuart.s(48): warning: A1581W: Added 2 bytes of padding at address 0x16
compiling bootuart.c...
linking...
1986_BOOT_UART.axf: Warning: L6305W: Image does not have an entry point. (Not specified or not set due to multiple choices.)
1986_BOOT_UART.sct(8): warning: L6314W: No section matches pattern *(InRoot$$Sections).
Program Size: Code=956 RO-data=20 RW-data=12 ZI-data=5860  
FromELF: creating hex file...
"1986_BOOT_UART.axf" - 0 Error(s), 3 Warning(s).
