<html>
<body>
<pre>
<h1>µVision Build Log</h1>
<h2>Project:</h2>
C:\devel\mila\keil\running-led\running-led.uvproj
Project File Date:  12/14/2014

<h2>Output:</h2>
Rebuild target 'Target 1'
assembling startup_MDR32F9x.s...
compiling main.c...
compiling system_MDR32F9Qx.c...
linking...
Program Size: Code=920 RO-data=224 RW-data=24 ZI-data=1632  
FromELF: creating hex file...
".\running-led.axf" - 0 Error(s), 0 Warning(s).
</pre>
</body>
</html>
.
".\running-led.axf" - 1 Error(s), 1 Warning(s).
Target not created
nings, 3 errors
compiling system_MDR32F9Qx.c...
".\running-led.axf" - 3 Error(s), 0 Warning(s).
Target not created
get not created
delay" declared implicitly
                        __delay(1000);
main.c: 2 warnings, 3 errors
compiling system_MDR32F9Qx.c...
".\running-led.axf" - 3 Error(s), 2 Warning(s).
Target not created
ing system_MDR32F9Qx.c...
".\running-led.axf" - 3 Error(s), 3 Warning(s).
Target not created
