<!doctype html public "-//w3c//dtd html 4.0 transitional//en">
<html><head>
<title>Static Call Graph - [.\running-led.axf]</title></head>
<body><HR>
<H1>Static Call Graph for image .\running-led.axf</H1><HR>
<BR><P>#&#060CALLGRAPH&#062# ARM Linker, 5.03 [Build 76]: Last Updated: Mon Dec 15 01:02:40 2014
<BR><P>
<H3>Maximum Stack Usage =          0 bytes + Unknown(Cycles, Untraceable Function Pointers)</H3><H3>
Call chain for Maximum Stack Depth:</H3>

<P>
<H3>
Mutually Recursive functions
</H3> <LI><a href="#[4]">NMI_Handler</a>&nbsp;&nbsp;&nbsp;&rArr;&nbsp;&nbsp;&nbsp;<a href="#[4]">NMI_Handler</a><BR>
 <LI><a href="#[5]">HardFault_Handler</a>&nbsp;&nbsp;&nbsp;&rArr;&nbsp;&nbsp;&nbsp;<a href="#[5]">HardFault_Handler</a><BR>
 <LI><a href="#[6]">MemManage_Handler</a>&nbsp;&nbsp;&nbsp;&rArr;&nbsp;&nbsp;&nbsp;<a href="#[6]">MemManage_Handler</a><BR>
 <LI><a href="#[7]">BusFault_Handler</a>&nbsp;&nbsp;&nbsp;&rArr;&nbsp;&nbsp;&nbsp;<a href="#[7]">BusFault_Handler</a><BR>
 <LI><a href="#[8]">UsageFault_Handler</a>&nbsp;&nbsp;&nbsp;&rArr;&nbsp;&nbsp;&nbsp;<a href="#[8]">UsageFault_Handler</a><BR>
 <LI><a href="#[9]">SVC_Handler</a>&nbsp;&nbsp;&nbsp;&rArr;&nbsp;&nbsp;&nbsp;<a href="#[9]">SVC_Handler</a><BR>
 <LI><a href="#[a]">DebugMon_Handler</a>&nbsp;&nbsp;&nbsp;&rArr;&nbsp;&nbsp;&nbsp;<a href="#[a]">DebugMon_Handler</a><BR>
 <LI><a href="#[b]">PendSV_Handler</a>&nbsp;&nbsp;&nbsp;&rArr;&nbsp;&nbsp;&nbsp;<a href="#[b]">PendSV_Handler</a><BR>
 <LI><a href="#[c]">SysTick_Handler</a>&nbsp;&nbsp;&nbsp;&rArr;&nbsp;&nbsp;&nbsp;<a href="#[c]">SysTick_Handler</a><BR>
 <LI><a href="#[1a]">ADC_IRQHandler</a>&nbsp;&nbsp;&nbsp;&rArr;&nbsp;&nbsp;&nbsp;<a href="#[1a]">ADC_IRQHandler</a><BR>
</UL>
<P>
<H3>
Function Pointers
</H3><UL>
 <LI><a href="#[1a]">ADC_IRQHandler</a> from startup_mdr32f9x.o(.text) referenced from startup_mdr32f9x.o(RESET)
 <LI><a href="#[1d]">BACKUP_IRQHandler</a> from startup_mdr32f9x.o(.text) referenced from startup_mdr32f9x.o(RESET)
 <LI><a href="#[7]">BusFault_Handler</a> from startup_mdr32f9x.o(.text) referenced from startup_mdr32f9x.o(RESET)
 <LI><a href="#[d]">CAN1_IRQHandler</a> from startup_mdr32f9x.o(.text) referenced from startup_mdr32f9x.o(RESET)
 <LI><a href="#[e]">CAN2_IRQHandler</a> from startup_mdr32f9x.o(.text) referenced from startup_mdr32f9x.o(RESET)
 <LI><a href="#[1b]">COMPARATOR_IRQHandler</a> from startup_mdr32f9x.o(.text) referenced from startup_mdr32f9x.o(RESET)
 <LI><a href="#[10]">DMA_IRQHandler</a> from startup_mdr32f9x.o(.text) referenced from startup_mdr32f9x.o(RESET)
 <LI><a href="#[a]">DebugMon_Handler</a> from startup_mdr32f9x.o(.text) referenced from startup_mdr32f9x.o(RESET)
 <LI><a href="#[1e]">EXT_INT1_IRQHandler</a> from startup_mdr32f9x.o(.text) referenced from startup_mdr32f9x.o(RESET)
 <LI><a href="#[1f]">EXT_INT2_IRQHandler</a> from startup_mdr32f9x.o(.text) referenced from startup_mdr32f9x.o(RESET)
 <LI><a href="#[20]">EXT_INT3_IRQHandler</a> from startup_mdr32f9x.o(.text) referenced from startup_mdr32f9x.o(RESET)
 <LI><a href="#[21]">EXT_INT4_IRQHandler</a> from startup_mdr32f9x.o(.text) referenced from startup_mdr32f9x.o(RESET)
 <LI><a href="#[5]">HardFault_Handler</a> from startup_mdr32f9x.o(.text) referenced from startup_mdr32f9x.o(RESET)
 <LI><a href="#[14]">I2C_IRQHandler</a> from startup_mdr32f9x.o(.text) referenced from startup_mdr32f9x.o(RESET)
 <LI><a href="#[6]">MemManage_Handler</a> from startup_mdr32f9x.o(.text) referenced from startup_mdr32f9x.o(RESET)
 <LI><a href="#[4]">NMI_Handler</a> from startup_mdr32f9x.o(.text) referenced from startup_mdr32f9x.o(RESET)
 <LI><a href="#[15]">POWER_IRQHandler</a> from startup_mdr32f9x.o(.text) referenced from startup_mdr32f9x.o(RESET)
 <LI><a href="#[b]">PendSV_Handler</a> from startup_mdr32f9x.o(.text) referenced from startup_mdr32f9x.o(RESET)
 <LI><a href="#[24]">Reset_Handler</a> from startup_mdr32f9x.o(.text) referenced from startup_mdr32f9x.o(RESET)
 <LI><a href="#[13]">SSP1_IRQHandler</a> from startup_mdr32f9x.o(.text) referenced from startup_mdr32f9x.o(RESET)
 <LI><a href="#[1c]">SSP2_IRQHandler</a> from startup_mdr32f9x.o(.text) referenced from startup_mdr32f9x.o(RESET)
 <LI><a href="#[9]">SVC_Handler</a> from startup_mdr32f9x.o(.text) referenced from startup_mdr32f9x.o(RESET)
 <LI><a href="#[c]">SysTick_Handler</a> from startup_mdr32f9x.o(.text) referenced from startup_mdr32f9x.o(RESET)
 <LI><a href="#[22]">SystemInit</a> from system_mdr32f9qx.o(.text) referenced from startup_mdr32f9x.o(.text)
 <LI><a href="#[17]">Timer1_IRQHandler</a> from main.o(.text) referenced from startup_mdr32f9x.o(RESET)
 <LI><a href="#[18]">Timer2_IRQHandler</a> from startup_mdr32f9x.o(.text) referenced from startup_mdr32f9x.o(RESET)
 <LI><a href="#[19]">Timer3_IRQHandler</a> from startup_mdr32f9x.o(.text) referenced from startup_mdr32f9x.o(RESET)
 <LI><a href="#[11]">UART1_IRQHandler</a> from startup_mdr32f9x.o(.text) referenced from startup_mdr32f9x.o(RESET)
 <LI><a href="#[12]">UART2_IRQHandler</a> from startup_mdr32f9x.o(.text) referenced from startup_mdr32f9x.o(RESET)
 <LI><a href="#[f]">USB_IRQHandler</a> from startup_mdr32f9x.o(.text) referenced from startup_mdr32f9x.o(RESET)
 <LI><a href="#[8]">UsageFault_Handler</a> from startup_mdr32f9x.o(.text) referenced from startup_mdr32f9x.o(RESET)
 <LI><a href="#[16]">WWDG_IRQHandler</a> from startup_mdr32f9x.o(.text) referenced from startup_mdr32f9x.o(RESET)
 <LI><a href="#[25]">__main</a> from __main.o(!!!main) referenced from startup_mdr32f9x.o(.text)
</UL>
<P>
<H3>
Global Symbols
</H3>
<P><STRONG><a name="[25]"></a>__main</STRONG> (Thumb, 8 bytes, Stack size 0 bytes, __main.o(!!!main))
<BR><BR>[Calls]<UL><LI><a href="#[27]">&gt;&gt;</a>&nbsp;&nbsp;&nbsp;__scatterload
<LI><a href="#[28]">&gt;&gt;</a>&nbsp;&nbsp;&nbsp;__rt_entry
</UL>

<P><STRONG><a name="[27]"></a>__scatterload</STRONG> (Thumb, 0 bytes, Stack size 0 bytes, __scatter.o(!!!scatter))
<BR><BR>[Called By]<UL><LI><a href="#[25]">&gt;&gt;</a>&nbsp;&nbsp;&nbsp;__main
</UL>

<P><STRONG><a name="[29]"></a>__scatterload_rt2</STRONG> (Thumb, 44 bytes, Stack size 0 bytes, __scatter.o(!!!scatter), UNUSED)
<BR><BR>[Calls]<UL><LI><a href="#[28]">&gt;&gt;</a>&nbsp;&nbsp;&nbsp;__rt_entry
</UL>

<P><STRONG><a name="[2a]"></a>__scatterload_copy</STRONG> (Thumb, 26 bytes, Stack size 0 bytes, __scatter_copy.o(!!handler_copy), UNUSED)
<BR><BR>[Calls]<UL><LI><a href="#[2a]">&gt;&gt;</a>&nbsp;&nbsp;&nbsp;__scatterload_copy
</UL>
<BR>[Called By]<UL><LI><a href="#[2a]">&gt;&gt;</a>&nbsp;&nbsp;&nbsp;__scatterload_copy
</UL>

<P><STRONG><a name="[2e]"></a>__rt_lib_init</STRONG> (Thumb, 0 bytes, Stack size 0 bytes, libinit.o(.ARM.Collect$$libinit$$00000000))
<BR><BR>[Called By]<UL><LI><a href="#[2d]">&gt;&gt;</a>&nbsp;&nbsp;&nbsp;__rt_entry_li
</UL>

<P><STRONG><a name="[33]"></a>__rt_lib_shutdown</STRONG> (Thumb, 0 bytes, Stack size 0 bytes, libshutdown.o(.ARM.Collect$$libshutdown$$00000000))
<BR><BR>[Called By]<UL><LI><a href="#[32]">&gt;&gt;</a>&nbsp;&nbsp;&nbsp;__rt_exit_ls
</UL>

<P><STRONG><a name="[28]"></a>__rt_entry</STRONG> (Thumb, 0 bytes, Stack size 0 bytes, rtentry.o(.ARM.Collect$$rtentry$$00000000))
<BR><BR>[Called By]<UL><LI><a href="#[29]">&gt;&gt;</a>&nbsp;&nbsp;&nbsp;__scatterload_rt2
<LI><a href="#[25]">&gt;&gt;</a>&nbsp;&nbsp;&nbsp;__main
</UL>

<P><STRONG><a name="[2b]"></a>__rt_entry_sh</STRONG> (Thumb, 0 bytes, Stack size 0 bytes, rtentry4.o(.ARM.Collect$$rtentry$$00000004))
<BR><BR>[Calls]<UL><LI><a href="#[2c]">&gt;&gt;</a>&nbsp;&nbsp;&nbsp;__user_setup_stackheap
</UL>

<P><STRONG><a name="[2d]"></a>__rt_entry_li</STRONG> (Thumb, 0 bytes, Stack size 0 bytes, rtentry2.o(.ARM.Collect$$rtentry$$0000000A))
<BR><BR>[Calls]<UL><LI><a href="#[2e]">&gt;&gt;</a>&nbsp;&nbsp;&nbsp;__rt_lib_init
</UL>

<P><STRONG><a name="[2f]"></a>__rt_entry_main</STRONG> (Thumb, 0 bytes, Stack size 0 bytes, rtentry2.o(.ARM.Collect$$rtentry$$0000000D))
<BR><BR>[Calls]<UL><LI><a href="#[31]">&gt;&gt;</a>&nbsp;&nbsp;&nbsp;exit
<LI><a href="#[30]">&gt;&gt;</a>&nbsp;&nbsp;&nbsp;main
</UL>

<P><STRONG><a name="[3b]"></a>__rt_exit</STRONG> (Thumb, 0 bytes, Stack size 0 bytes, rtexit.o(.ARM.Collect$$rtexit$$00000000))
<BR><BR>[Called By]<UL><LI><a href="#[31]">&gt;&gt;</a>&nbsp;&nbsp;&nbsp;exit
</UL>

<P><STRONG><a name="[32]"></a>__rt_exit_ls</STRONG> (Thumb, 0 bytes, Stack size 0 bytes, rtexit2.o(.ARM.Collect$$rtexit$$00000003))
<BR><BR>[Calls]<UL><LI><a href="#[33]">&gt;&gt;</a>&nbsp;&nbsp;&nbsp;__rt_lib_shutdown
</UL>

<P><STRONG><a name="[34]"></a>__rt_exit_exit</STRONG> (Thumb, 0 bytes, Stack size 0 bytes, rtexit2.o(.ARM.Collect$$rtexit$$00000004))
<BR><BR>[Calls]<UL><LI><a href="#[35]">&gt;&gt;</a>&nbsp;&nbsp;&nbsp;_sys_exit
</UL>

<P><STRONG><a name="[24]"></a>Reset_Handler</STRONG> (Thumb, 8 bytes, Stack size 0 bytes, startup_mdr32f9x.o(.text))

<P><STRONG><a name="[4]"></a>NMI_Handler</STRONG> (Thumb, 2 bytes, Stack size 0 bytes, startup_mdr32f9x.o(.text))
<BR><BR>[Calls]<UL><LI><a href="#[4]">&gt;&gt;</a>&nbsp;&nbsp;&nbsp;NMI_Handler
</UL>
<BR>[Called By]<UL><LI><a href="#[4]">&gt;&gt;</a>&nbsp;&nbsp;&nbsp;NMI_Handler
</UL>
<BR>[Address Reference Count : 1]<UL><LI> startup_mdr32f9x.o(RESET)
</UL>
<P><STRONG><a name="[5]"></a>HardFault_Handler</STRONG> (Thumb, 2 bytes, Stack size 0 bytes, startup_mdr32f9x.o(.text))
<BR><BR>[Calls]<UL><LI><a href="#[5]">&gt;&gt;</a>&nbsp;&nbsp;&nbsp;HardFault_Handler
</UL>
<BR>[Called By]<UL><LI><a href="#[5]">&gt;&gt;</a>&nbsp;&nbsp;&nbsp;HardFault_Handler
</UL>
<BR>[Address Reference Count : 1]<UL><LI> startup_mdr32f9x.o(RESET)
</UL>
<P><STRONG><a name="[6]"></a>MemManage_Handler</STRONG> (Thumb, 2 bytes, Stack size 0 bytes, startup_mdr32f9x.o(.text))
<BR><BR>[Calls]<UL><LI><a href="#[6]">&gt;&gt;</a>&nbsp;&nbsp;&nbsp;MemManage_Handler
</UL>
<BR>[Called By]<UL><LI><a href="#[6]">&gt;&gt;</a>&nbsp;&nbsp;&nbsp;MemManage_Handler
</UL>
<BR>[Address Reference Count : 1]<UL><LI> startup_mdr32f9x.o(RESET)
</UL>
<P><STRONG><a name="[7]"></a>BusFault_Handler</STRONG> (Thumb, 2 bytes, Stack size 0 bytes, startup_mdr32f9x.o(.text))
<BR><BR>[Calls]<UL><LI><a href="#[7]">&gt;&gt;</a>&nbsp;&nbsp;&nbsp;BusFault_Handler
</UL>
<BR>[Called By]<UL><LI><a href="#[7]">&gt;&gt;</a>&nbsp;&nbsp;&nbsp;BusFault_Handler
</UL>
<BR>[Address Reference Count : 1]<UL><LI> startup_mdr32f9x.o(RESET)
</UL>
<P><STRONG><a name="[8]"></a>UsageFault_Handler</STRONG> (Thumb, 2 bytes, Stack size 0 bytes, startup_mdr32f9x.o(.text))
<BR><BR>[Calls]<UL><LI><a href="#[8]">&gt;&gt;</a>&nbsp;&nbsp;&nbsp;UsageFault_Handler
</UL>
<BR>[Called By]<UL><LI><a href="#[8]">&gt;&gt;</a>&nbsp;&nbsp;&nbsp;UsageFault_Handler
</UL>
<BR>[Address Reference Count : 1]<UL><LI> startup_mdr32f9x.o(RESET)
</UL>
<P><STRONG><a name="[9]"></a>SVC_Handler</STRONG> (Thumb, 2 bytes, Stack size 0 bytes, startup_mdr32f9x.o(.text))
<BR><BR>[Calls]<UL><LI><a href="#[9]">&gt;&gt;</a>&nbsp;&nbsp;&nbsp;SVC_Handler
</UL>
<BR>[Called By]<UL><LI><a href="#[9]">&gt;&gt;</a>&nbsp;&nbsp;&nbsp;SVC_Handler
</UL>
<BR>[Address Reference Count : 1]<UL><LI> startup_mdr32f9x.o(RESET)
</UL>
<P><STRONG><a name="[a]"></a>DebugMon_Handler</STRONG> (Thumb, 2 bytes, Stack size 0 bytes, startup_mdr32f9x.o(.text))
<BR><BR>[Calls]<UL><LI><a href="#[a]">&gt;&gt;</a>&nbsp;&nbsp;&nbsp;DebugMon_Handler
</UL>
<BR>[Called By]<UL><LI><a href="#[a]">&gt;&gt;</a>&nbsp;&nbsp;&nbsp;DebugMon_Handler
</UL>
<BR>[Address Reference Count : 1]<UL><LI> startup_mdr32f9x.o(RESET)
</UL>
<P><STRONG><a name="[b]"></a>PendSV_Handler</STRONG> (Thumb, 2 bytes, Stack size 0 bytes, startup_mdr32f9x.o(.text))
<BR><BR>[Calls]<UL><LI><a href="#[b]">&gt;&gt;</a>&nbsp;&nbsp;&nbsp;PendSV_Handler
</UL>
<BR>[Called By]<UL><LI><a href="#[b]">&gt;&gt;</a>&nbsp;&nbsp;&nbsp;PendSV_Handler
</UL>
<BR>[Address Reference Count : 1]<UL><LI> startup_mdr32f9x.o(RESET)
</UL>
<P><STRONG><a name="[c]"></a>SysTick_Handler</STRONG> (Thumb, 2 bytes, Stack size 0 bytes, startup_mdr32f9x.o(.text))
<BR><BR>[Calls]<UL><LI><a href="#[c]">&gt;&gt;</a>&nbsp;&nbsp;&nbsp;SysTick_Handler
</UL>
<BR>[Called By]<UL><LI><a href="#[c]">&gt;&gt;</a>&nbsp;&nbsp;&nbsp;SysTick_Handler
</UL>
<BR>[Address Reference Count : 1]<UL><LI> startup_mdr32f9x.o(RESET)
</UL>
<P><STRONG><a name="[1a]"></a>ADC_IRQHandler</STRONG> (Thumb, 0 bytes, Stack size 0 bytes, startup_mdr32f9x.o(.text))
<BR><BR>[Calls]<UL><LI><a href="#[1a]">&gt;&gt;</a>&nbsp;&nbsp;&nbsp;ADC_IRQHandler
</UL>
<BR>[Called By]<UL><LI><a href="#[1a]">&gt;&gt;</a>&nbsp;&nbsp;&nbsp;ADC_IRQHandler
</UL>
<BR>[Address Reference Count : 1]<UL><LI> startup_mdr32f9x.o(RESET)
</UL>
<P><STRONG><a name="[1d]"></a>BACKUP_IRQHandler</STRONG> (Thumb, 0 bytes, Stack size 0 bytes, startup_mdr32f9x.o(.text))
<BR>[Address Reference Count : 1]<UL><LI> startup_mdr32f9x.o(RESET)
</UL>
<P><STRONG><a name="[d]"></a>CAN1_IRQHandler</STRONG> (Thumb, 0 bytes, Stack size 0 bytes, startup_mdr32f9x.o(.text))
<BR>[Address Reference Count : 1]<UL><LI> startup_mdr32f9x.o(RESET)
</UL>
<P><STRONG><a name="[e]"></a>CAN2_IRQHandler</STRONG> (Thumb, 0 bytes, Stack size 0 bytes, startup_mdr32f9x.o(.text))
<BR>[Address Reference Count : 1]<UL><LI> startup_mdr32f9x.o(RESET)
</UL>
<P><STRONG><a name="[1b]"></a>COMPARATOR_IRQHandler</STRONG> (Thumb, 0 bytes, Stack size 0 bytes, startup_mdr32f9x.o(.text))
<BR>[Address Reference Count : 1]<UL><LI> startup_mdr32f9x.o(RESET)
</UL>
<P><STRONG><a name="[10]"></a>DMA_IRQHandler</STRONG> (Thumb, 0 bytes, Stack size 0 bytes, startup_mdr32f9x.o(.text))
<BR>[Address Reference Count : 1]<UL><LI> startup_mdr32f9x.o(RESET)
</UL>
<P><STRONG><a name="[1e]"></a>EXT_INT1_IRQHandler</STRONG> (Thumb, 0 bytes, Stack size 0 bytes, startup_mdr32f9x.o(.text))
<BR>[Address Reference Count : 1]<UL><LI> startup_mdr32f9x.o(RESET)
</UL>
<P><STRONG><a name="[1f]"></a>EXT_INT2_IRQHandler</STRONG> (Thumb, 0 bytes, Stack size 0 bytes, startup_mdr32f9x.o(.text))
<BR>[Address Reference Count : 1]<UL><LI> startup_mdr32f9x.o(RESET)
</UL>
<P><STRONG><a name="[20]"></a>EXT_INT3_IRQHandler</STRONG> (Thumb, 0 bytes, Stack size 0 bytes, startup_mdr32f9x.o(.text))
<BR>[Address Reference Count : 1]<UL><LI> startup_mdr32f9x.o(RESET)
</UL>
<P><STRONG><a name="[21]"></a>EXT_INT4_IRQHandler</STRONG> (Thumb, 0 bytes, Stack size 0 bytes, startup_mdr32f9x.o(.text))
<BR>[Address Reference Count : 1]<UL><LI> startup_mdr32f9x.o(RESET)
</UL>
<P><STRONG><a name="[14]"></a>I2C_IRQHandler</STRONG> (Thumb, 0 bytes, Stack size 0 bytes, startup_mdr32f9x.o(.text))
<BR>[Address Reference Count : 1]<UL><LI> startup_mdr32f9x.o(RESET)
</UL>
<P><STRONG><a name="[15]"></a>POWER_IRQHandler</STRONG> (Thumb, 0 bytes, Stack size 0 bytes, startup_mdr32f9x.o(.text))
<BR>[Address Reference Count : 1]<UL><LI> startup_mdr32f9x.o(RESET)
</UL>
<P><STRONG><a name="[13]"></a>SSP1_IRQHandler</STRONG> (Thumb, 0 bytes, Stack size 0 bytes, startup_mdr32f9x.o(.text))
<BR>[Address Reference Count : 1]<UL><LI> startup_mdr32f9x.o(RESET)
</UL>
<P><STRONG><a name="[1c]"></a>SSP2_IRQHandler</STRONG> (Thumb, 0 bytes, Stack size 0 bytes, startup_mdr32f9x.o(.text))
<BR>[Address Reference Count : 1]<UL><LI> startup_mdr32f9x.o(RESET)
</UL>
<P><STRONG><a name="[18]"></a>Timer2_IRQHandler</STRONG> (Thumb, 0 bytes, Stack size 0 bytes, startup_mdr32f9x.o(.text))
<BR>[Address Reference Count : 1]<UL><LI> startup_mdr32f9x.o(RESET)
</UL>
<P><STRONG><a name="[19]"></a>Timer3_IRQHandler</STRONG> (Thumb, 0 bytes, Stack size 0 bytes, startup_mdr32f9x.o(.text))
<BR>[Address Reference Count : 1]<UL><LI> startup_mdr32f9x.o(RESET)
</UL>
<P><STRONG><a name="[11]"></a>UART1_IRQHandler</STRONG> (Thumb, 0 bytes, Stack size 0 bytes, startup_mdr32f9x.o(.text))
<BR>[Address Reference Count : 1]<UL><LI> startup_mdr32f9x.o(RESET)
</UL>
<P><STRONG><a name="[12]"></a>UART2_IRQHandler</STRONG> (Thumb, 0 bytes, Stack size 0 bytes, startup_mdr32f9x.o(.text))
<BR>[Address Reference Count : 1]<UL><LI> startup_mdr32f9x.o(RESET)
</UL>
<P><STRONG><a name="[f]"></a>USB_IRQHandler</STRONG> (Thumb, 0 bytes, Stack size 0 bytes, startup_mdr32f9x.o(.text))
<BR>[Address Reference Count : 1]<UL><LI> startup_mdr32f9x.o(RESET)
</UL>
<P><STRONG><a name="[16]"></a>WWDG_IRQHandler</STRONG> (Thumb, 0 bytes, Stack size 0 bytes, startup_mdr32f9x.o(.text))
<BR>[Address Reference Count : 1]<UL><LI> startup_mdr32f9x.o(RESET)
</UL>
<P><STRONG><a name="[26]"></a>__user_initial_stackheap</STRONG> (Thumb, 0 bytes, Stack size 0 bytes, startup_mdr32f9x.o(.text))
<BR><BR>[Called By]<UL><LI><a href="#[2c]">&gt;&gt;</a>&nbsp;&nbsp;&nbsp;__user_setup_stackheap
</UL>

<P><STRONG><a name="[36]"></a>GPIO_Init</STRONG> (Thumb, 112 bytes, Stack size 0 bytes, main.o(.text))
<BR><BR>[Called By]<UL><LI><a href="#[30]">&gt;&gt;</a>&nbsp;&nbsp;&nbsp;main
</UL>

<P><STRONG><a name="[37]"></a>Timer_Init</STRONG> (Thumb, 60 bytes, Stack size 0 bytes, main.o(.text))
<BR><BR>[Called By]<UL><LI><a href="#[30]">&gt;&gt;</a>&nbsp;&nbsp;&nbsp;main
</UL>

<P><STRONG><a name="[17]"></a>Timer1_IRQHandler</STRONG> (Thumb, 70 bytes, Stack size 0 bytes, main.o(.text))
<BR>[Address Reference Count : 1]<UL><LI> startup_mdr32f9x.o(RESET)
</UL>
<P><STRONG><a name="[38]"></a>delay</STRONG> (Thumb, 20 bytes, Stack size 0 bytes, main.o(.text))
<BR><BR>[Called By]<UL><LI><a href="#[30]">&gt;&gt;</a>&nbsp;&nbsp;&nbsp;main
</UL>

<P><STRONG><a name="[30]"></a>main</STRONG> (Thumb, 80 bytes, Stack size 0 bytes, main.o(.text))
<BR><BR>[Calls]<UL><LI><a href="#[38]">&gt;&gt;</a>&nbsp;&nbsp;&nbsp;delay
<LI><a href="#[37]">&gt;&gt;</a>&nbsp;&nbsp;&nbsp;Timer_Init
<LI><a href="#[36]">&gt;&gt;</a>&nbsp;&nbsp;&nbsp;GPIO_Init
</UL>
<BR>[Called By]<UL><LI><a href="#[2f]">&gt;&gt;</a>&nbsp;&nbsp;&nbsp;__rt_entry_main
</UL>

<P><STRONG><a name="[39]"></a>SystemCoreClockUpdate</STRONG> (Thumb, 130 bytes, Stack size 0 bytes, system_mdr32f9qx.o(.text))
<BR><BR>[Called By]<UL><LI><a href="#[22]">&gt;&gt;</a>&nbsp;&nbsp;&nbsp;SystemInit
</UL>

<P><STRONG><a name="[22]"></a>SystemInit</STRONG> (Thumb, 54 bytes, Stack size 0 bytes, system_mdr32f9qx.o(.text))
<BR><BR>[Calls]<UL><LI><a href="#[39]">&gt;&gt;</a>&nbsp;&nbsp;&nbsp;SystemCoreClockUpdate
</UL>
<BR>[Address Reference Count : 1]<UL><LI> startup_mdr32f9x.o(.text)
</UL>
<P><STRONG><a name="[2c]"></a>__user_setup_stackheap</STRONG> (Thumb, 74 bytes, Stack size 0 bytes, sys_stackheap_outer.o(.text))
<BR><BR>[Calls]<UL><LI><a href="#[3a]">&gt;&gt;</a>&nbsp;&nbsp;&nbsp;__user_perproc_libspace
<LI><a href="#[26]">&gt;&gt;</a>&nbsp;&nbsp;&nbsp;__user_initial_stackheap
</UL>
<BR>[Called By]<UL><LI><a href="#[2b]">&gt;&gt;</a>&nbsp;&nbsp;&nbsp;__rt_entry_sh
</UL>

<P><STRONG><a name="[31]"></a>exit</STRONG> (Thumb, 12 bytes, Stack size 0 bytes, exit.o(.text))
<BR><BR>[Calls]<UL><LI><a href="#[3b]">&gt;&gt;</a>&nbsp;&nbsp;&nbsp;__rt_exit
</UL>
<BR>[Called By]<UL><LI><a href="#[2f]">&gt;&gt;</a>&nbsp;&nbsp;&nbsp;__rt_entry_main
</UL>

<P><STRONG><a name="[3a]"></a>__user_perproc_libspace</STRONG> (Thumb, 0 bytes, Stack size 0 bytes, libspace.o(.text))
<BR><BR>[Called By]<UL><LI><a href="#[2c]">&gt;&gt;</a>&nbsp;&nbsp;&nbsp;__user_setup_stackheap
</UL>

<P><STRONG><a name="[35]"></a>_sys_exit</STRONG> (Thumb, 8 bytes, Stack size 0 bytes, sys_exit.o(.text))
<BR><BR>[Called By]<UL><LI><a href="#[34]">&gt;&gt;</a>&nbsp;&nbsp;&nbsp;__rt_exit_exit
</UL>
<P>
<H3>
Local Symbols
</H3><P>
<H3>
Undefined Global Symbols
</H3><HR></body></html>
